
*** Running vivado
    with args -log top.vds -m64 -product Vivado -mode batch -messageDb vivado.pb -notrace -source top.tcl


****** Vivado v2024.1 (64-bit)
  **** SW Build 5076996 on Wed May 22 18:36:09 MDT 2024
  **** IP Build 5075265 on Wed May 22 21:45:21 MDT 2024
  **** SharedData Build 5076995 on Wed May 22 18:29:18 MDT 2024
  **** Start of session at: Sat May 23 14:30:17 2026
    ** Copyright 1986-2022 Xilinx, Inc. All Rights Reserved.
    ** Copyright 2022-2024 Advanced Micro Devices, Inc. All Rights Reserved.

Sourcing tcl script '/home/abarf/.Xilinx/Vivado/Vivado_init.tcl'
source top.tcl -notrace
WARNING: [Board 49-91] Board repository path '/home/abarf/Documents/repos/vivado-boards/new/board_files\"' does not exist, it will not be used to search board files.
Command: read_checkpoint -auto_incremental -incremental /home/abarf/Documents/repos/DASD4186132/assignment02/project_1/project_1.srcs/utils_1/imports/synth_1/top.dcp
INFO: [Vivado 12-5825] Read reference checkpoint from /home/abarf/Documents/repos/DASD4186132/assignment02/project_1/project_1.srcs/utils_1/imports/synth_1/top.dcp for incremental synthesis
INFO: [Vivado 12-7989] Please ensure there are no constraint changes
Command: synth_design -top top -part xc7a35ticpg236-1L
Starting synth_design
Attempting to get a license for feature 'Synthesis' and/or device 'xc7a35ti'
INFO: [Common 17-349] Got license for feature 'Synthesis' and/or device 'xc7a35ti'
INFO: [Device 21-403] Loading part xc7a35ticpg236-1L
INFO: [Device 21-9227] Part: xc7a35ticpg236-1L does not have CEAM library.
INFO: [Designutils 20-5440] No compile time benefit to using incremental synthesis; A full resynthesis will be run
INFO: [Designutils 20-4379] Flow is switching to default flow due to incremental criteria not met. If you would like to alter this behaviour and have the flow terminate instead, please set the following parameter config_implementation {autoIncr.Synth.RejectBehavior Terminate}
INFO: [Synth 8-7079] Multithreading enabled for synth_design using a maximum of 4 processes.
INFO: [Synth 8-7078] Launching helper process for spawning children vivado processes
INFO: [Synth 8-7075] Helper process launched with PID 431360
---------------------------------------------------------------------------------
Starting RTL Elaboration : Time (s): cpu = 00:00:02 ; elapsed = 00:00:03 . Memory (MB): peak = 2125.887 ; gain = 413.566 ; free physical = 16293 ; free virtual = 27294
---------------------------------------------------------------------------------
INFO: [Synth 8-11241] undeclared symbol 'div_en', assumed default net type 'wire' [/home/abarf/Documents/repos/DASD4186132/assignment02/project_1/project_1.srcs/sources_1/imports/hdl/mean.sv:25]
INFO: [Synth 8-6157] synthesizing module 'top' [/home/abarf/Documents/repos/DASD4186132/assignment02/project_1/project_1.srcs/sources_1/imports/hdl/top.sv:2]
INFO: [Synth 8-6157] synthesizing module 'ad1_thread' [/home/abarf/Documents/repos/DASD4186132/assignment02/project_1/project_1.srcs/sources_1/imports/hdl/ad1_thread.sv:1]
INFO: [Synth 8-6157] synthesizing module 'clk_divider' [/home/abarf/Documents/repos/DASD4186132/assignment02/project_1/project_1.srcs/sources_1/imports/hdl/clk_divider.sv:1]
	Parameter COUNTER_WIDTH bound to: 2 - type: integer 
	Parameter PERIOD bound to: 2 - type: integer 
INFO: [Synth 8-6155] done synthesizing module 'clk_divider' (0#1) [/home/abarf/Documents/repos/DASD4186132/assignment02/project_1/project_1.srcs/sources_1/imports/hdl/clk_divider.sv:1]
INFO: [Synth 8-6157] synthesizing module 'ad1_driver' [/home/abarf/Documents/repos/DASD4186132/assignment02/project_1/project_1.srcs/sources_1/imports/hdl/ad1_driver.sv:1]
INFO: [Synth 8-6155] done synthesizing module 'ad1_driver' (0#1) [/home/abarf/Documents/repos/DASD4186132/assignment02/project_1/project_1.srcs/sources_1/imports/hdl/ad1_driver.sv:1]
INFO: [Synth 8-6155] done synthesizing module 'ad1_thread' (0#1) [/home/abarf/Documents/repos/DASD4186132/assignment02/project_1/project_1.srcs/sources_1/imports/hdl/ad1_thread.sv:1]
INFO: [Synth 8-6157] synthesizing module 'acquisition_thread' [/home/abarf/Documents/repos/DASD4186132/assignment02/project_1/project_1.srcs/sources_1/imports/hdl/acquisition_thread.sv:1]
INFO: [Synth 8-6157] synthesizing module 'mode_fsm' [/home/abarf/Documents/repos/DASD4186132/assignment02/project_1/project_1.srcs/sources_1/imports/hdl/mode_fsm.sv:1]
INFO: [Synth 8-155] case statement is not full and has no default [/home/abarf/Documents/repos/DASD4186132/assignment02/project_1/project_1.srcs/sources_1/imports/hdl/mode_fsm.sv:20]
INFO: [Synth 8-6155] done synthesizing module 'mode_fsm' (0#1) [/home/abarf/Documents/repos/DASD4186132/assignment02/project_1/project_1.srcs/sources_1/imports/hdl/mode_fsm.sv:1]
INFO: [Synth 8-6157] synthesizing module 'samples_fsm' [/home/abarf/Documents/repos/DASD4186132/assignment02/project_1/project_1.srcs/sources_1/imports/hdl/samples_fsm.sv:1]
INFO: [Synth 8-6155] done synthesizing module 'samples_fsm' (0#1) [/home/abarf/Documents/repos/DASD4186132/assignment02/project_1/project_1.srcs/sources_1/imports/hdl/samples_fsm.sv:1]
INFO: [Synth 8-6157] synthesizing module 'scale_pipe_fsm' [/home/abarf/Documents/repos/DASD4186132/assignment02/project_1/project_1.srcs/sources_1/imports/hdl/scale_pipe_fsm.sv:1]
INFO: [Synth 8-6155] done synthesizing module 'scale_pipe_fsm' (0#1) [/home/abarf/Documents/repos/DASD4186132/assignment02/project_1/project_1.srcs/sources_1/imports/hdl/scale_pipe_fsm.sv:1]
INFO: [Synth 8-6157] synthesizing module 'test_lut' [/home/abarf/Documents/repos/DASD4186132/assignment02/project_1/project_1.srcs/sources_1/imports/hdl/test_lut.sv:1]
INFO: [Synth 8-6155] done synthesizing module 'test_lut' (0#1) [/home/abarf/Documents/repos/DASD4186132/assignment02/project_1/project_1.srcs/sources_1/imports/hdl/test_lut.sv:1]
INFO: [Synth 8-6155] done synthesizing module 'acquisition_thread' (0#1) [/home/abarf/Documents/repos/DASD4186132/assignment02/project_1/project_1.srcs/sources_1/imports/hdl/acquisition_thread.sv:1]
INFO: [Synth 8-6157] synthesizing module 'processing_thread' [/home/abarf/Documents/repos/DASD4186132/assignment02/project_1/project_1.srcs/sources_1/imports/hdl/processing_thread.sv:1]
INFO: [Synth 8-6157] synthesizing module 'div_lut' [/home/abarf/Documents/repos/DASD4186132/assignment02/project_1/project_1.srcs/sources_1/imports/hdl/div_lut.sv:1]
INFO: [Synth 8-6155] done synthesizing module 'div_lut' (0#1) [/home/abarf/Documents/repos/DASD4186132/assignment02/project_1/project_1.srcs/sources_1/imports/hdl/div_lut.sv:1]
INFO: [Synth 8-6157] synthesizing module 'rms' [/home/abarf/Documents/repos/DASD4186132/assignment02/project_1/project_1.srcs/sources_1/imports/hdl/rms.sv:1]
INFO: [Synth 8-6157] synthesizing module 'rms_fsm' [/home/abarf/Documents/repos/DASD4186132/assignment02/project_1/project_1.srcs/sources_1/imports/hdl/rms_fsm.sv:1]
INFO: [Synth 8-155] case statement is not full and has no default [/home/abarf/Documents/repos/DASD4186132/assignment02/project_1/project_1.srcs/sources_1/imports/hdl/rms_fsm.sv:30]
INFO: [Synth 8-6155] done synthesizing module 'rms_fsm' (0#1) [/home/abarf/Documents/repos/DASD4186132/assignment02/project_1/project_1.srcs/sources_1/imports/hdl/rms_fsm.sv:1]
INFO: [Synth 8-6157] synthesizing module 'priority_encoder' [/home/abarf/Documents/repos/DASD4186132/assignment02/project_1/project_1.srcs/sources_1/imports/hdl/priority_encoder.sv:1]
INFO: [Synth 8-6155] done synthesizing module 'priority_encoder' (0#1) [/home/abarf/Documents/repos/DASD4186132/assignment02/project_1/project_1.srcs/sources_1/imports/hdl/priority_encoder.sv:1]
INFO: [Synth 8-6157] synthesizing module 'norm_lut' [/home/abarf/Documents/repos/DASD4186132/assignment02/project_1/project_1.srcs/sources_1/imports/hdl/norm_lut.sv:1]
INFO: [Synth 8-6155] done synthesizing module 'norm_lut' (0#1) [/home/abarf/Documents/repos/DASD4186132/assignment02/project_1/project_1.srcs/sources_1/imports/hdl/norm_lut.sv:1]
INFO: [Synth 8-6157] synthesizing module 'mux2' [/home/abarf/Documents/repos/DASD4186132/assignment02/project_1/project_1.srcs/sources_1/imports/hdl/mux2.sv:1]
	Parameter WIDTH bound to: 18 - type: integer 
INFO: [Synth 8-6155] done synthesizing module 'mux2' (0#1) [/home/abarf/Documents/repos/DASD4186132/assignment02/project_1/project_1.srcs/sources_1/imports/hdl/mux2.sv:1]
INFO: [Synth 8-6155] done synthesizing module 'rms' (0#1) [/home/abarf/Documents/repos/DASD4186132/assignment02/project_1/project_1.srcs/sources_1/imports/hdl/rms.sv:1]
INFO: [Synth 8-6157] synthesizing module 'mean' [/home/abarf/Documents/repos/DASD4186132/assignment02/project_1/project_1.srcs/sources_1/imports/hdl/mean.sv:1]
INFO: [Synth 8-6157] synthesizing module 'mean_fsm' [/home/abarf/Documents/repos/DASD4186132/assignment02/project_1/project_1.srcs/sources_1/imports/hdl/mean_fsm.sv:1]
INFO: [Synth 8-155] case statement is not full and has no default [/home/abarf/Documents/repos/DASD4186132/assignment02/project_1/project_1.srcs/sources_1/imports/hdl/mean_fsm.sv:21]
INFO: [Synth 8-6155] done synthesizing module 'mean_fsm' (0#1) [/home/abarf/Documents/repos/DASD4186132/assignment02/project_1/project_1.srcs/sources_1/imports/hdl/mean_fsm.sv:1]
INFO: [Synth 8-6155] done synthesizing module 'mean' (0#1) [/home/abarf/Documents/repos/DASD4186132/assignment02/project_1/project_1.srcs/sources_1/imports/hdl/mean.sv:1]
INFO: [Synth 8-6157] synthesizing module 'max' [/home/abarf/Documents/repos/DASD4186132/assignment02/project_1/project_1.srcs/sources_1/imports/hdl/max.sv:1]
INFO: [Synth 8-6157] synthesizing module 'comp_fsm' [/home/abarf/Documents/repos/DASD4186132/assignment02/project_1/project_1.srcs/sources_1/imports/hdl/comp_fsm.sv:1]
INFO: [Synth 8-155] case statement is not full and has no default [/home/abarf/Documents/repos/DASD4186132/assignment02/project_1/project_1.srcs/sources_1/imports/hdl/comp_fsm.sv:26]
INFO: [Synth 8-6155] done synthesizing module 'comp_fsm' (0#1) [/home/abarf/Documents/repos/DASD4186132/assignment02/project_1/project_1.srcs/sources_1/imports/hdl/comp_fsm.sv:1]
INFO: [Synth 8-6155] done synthesizing module 'max' (0#1) [/home/abarf/Documents/repos/DASD4186132/assignment02/project_1/project_1.srcs/sources_1/imports/hdl/max.sv:1]
INFO: [Synth 8-6157] synthesizing module 'min' [/home/abarf/Documents/repos/DASD4186132/assignment02/project_1/project_1.srcs/sources_1/imports/hdl/min.sv:1]
INFO: [Synth 8-6155] done synthesizing module 'min' (0#1) [/home/abarf/Documents/repos/DASD4186132/assignment02/project_1/project_1.srcs/sources_1/imports/hdl/min.sv:1]
INFO: [Synth 8-6155] done synthesizing module 'processing_thread' (0#1) [/home/abarf/Documents/repos/DASD4186132/assignment02/project_1/project_1.srcs/sources_1/imports/hdl/processing_thread.sv:1]
INFO: [Synth 8-6157] synthesizing module 'visualization_thread' [/home/abarf/Documents/repos/DASD4186132/assignment02/project_1/project_1.srcs/sources_1/imports/hdl/visualization_thread.sv:1]
INFO: [Synth 8-6157] synthesizing module 'display_fsm' [/home/abarf/Documents/repos/DASD4186132/assignment02/project_1/project_1.srcs/sources_1/imports/hdl/display_fsm.sv:1]
INFO: [Synth 8-155] case statement is not full and has no default [/home/abarf/Documents/repos/DASD4186132/assignment02/project_1/project_1.srcs/sources_1/imports/hdl/display_fsm.sv:19]
INFO: [Synth 8-6155] done synthesizing module 'display_fsm' (0#1) [/home/abarf/Documents/repos/DASD4186132/assignment02/project_1/project_1.srcs/sources_1/imports/hdl/display_fsm.sv:1]
INFO: [Synth 8-6157] synthesizing module 'mux4' [/home/abarf/Documents/repos/DASD4186132/assignment02/project_1/project_1.srcs/sources_1/imports/hdl/mux4.sv:1]
	Parameter WIDTH bound to: 14 - type: integer 
INFO: [Synth 8-6155] done synthesizing module 'mux4' (0#1) [/home/abarf/Documents/repos/DASD4186132/assignment02/project_1/project_1.srcs/sources_1/imports/hdl/mux4.sv:1]
INFO: [Synth 8-6157] synthesizing module 'binto7seg' [/home/abarf/Documents/repos/DASD4186132/assignment02/project_1/project_1.srcs/sources_1/imports/hdl/display/displayDriver.sv:55]
INFO: [Synth 8-6157] synthesizing module 'clockDivider' [/home/abarf/Documents/repos/DASD4186132/assignment02/project_1/project_1.srcs/sources_1/imports/display/clockDivider.sv:3]
INFO: [Synth 8-6155] done synthesizing module 'clockDivider' (0#1) [/home/abarf/Documents/repos/DASD4186132/assignment02/project_1/project_1.srcs/sources_1/imports/display/clockDivider.sv:3]
INFO: [Synth 8-6157] synthesizing module 'bin2bcd_multi' [/home/abarf/Documents/repos/DASD4186132/assignment02/project_1/project_1.srcs/sources_1/imports/hdl/display/bin2bcd_multi.sv:1]
	Parameter N_DIGITS bound to: 4 - type: integer 
	Parameter N_BITS bound to: 12 - type: integer 
INFO: [Synth 8-6157] synthesizing module 'bin2bcd' [/home/abarf/Documents/repos/DASD4186132/assignment02/project_1/project_1.srcs/sources_1/imports/hdl/display/bin2bcd.sv:3]
INFO: [Synth 8-6155] done synthesizing module 'bin2bcd' (0#1) [/home/abarf/Documents/repos/DASD4186132/assignment02/project_1/project_1.srcs/sources_1/imports/hdl/display/bin2bcd.sv:3]
INFO: [Synth 8-6155] done synthesizing module 'bin2bcd_multi' (0#1) [/home/abarf/Documents/repos/DASD4186132/assignment02/project_1/project_1.srcs/sources_1/imports/hdl/display/bin2bcd_multi.sv:1]
INFO: [Synth 8-6157] synthesizing module 'seven_seg' [/home/abarf/Documents/repos/DASD4186132/assignment02/project_1/project_1.srcs/sources_1/imports/hdl/display/seven_seg.sv:3]
INFO: [Synth 8-6155] done synthesizing module 'seven_seg' (0#1) [/home/abarf/Documents/repos/DASD4186132/assignment02/project_1/project_1.srcs/sources_1/imports/hdl/display/seven_seg.sv:3]
INFO: [Synth 8-6157] synthesizing module 'displayDriver' [/home/abarf/Documents/repos/DASD4186132/assignment02/project_1/project_1.srcs/sources_1/imports/hdl/display/displayDriver.sv:3]
WARNING: [Synth 8-151] case item 3'b100 is unreachable [/home/abarf/Documents/repos/DASD4186132/assignment02/project_1/project_1.srcs/sources_1/imports/hdl/display/displayDriver.sv:34]
WARNING: [Synth 8-151] case item 3'b101 is unreachable [/home/abarf/Documents/repos/DASD4186132/assignment02/project_1/project_1.srcs/sources_1/imports/hdl/display/displayDriver.sv:38]
WARNING: [Synth 8-151] case item 3'b110 is unreachable [/home/abarf/Documents/repos/DASD4186132/assignment02/project_1/project_1.srcs/sources_1/imports/hdl/display/displayDriver.sv:42]
WARNING: [Synth 8-151] case item 3'b111 is unreachable [/home/abarf/Documents/repos/DASD4186132/assignment02/project_1/project_1.srcs/sources_1/imports/hdl/display/displayDriver.sv:46]
INFO: [Synth 8-6155] done synthesizing module 'displayDriver' (0#1) [/home/abarf/Documents/repos/DASD4186132/assignment02/project_1/project_1.srcs/sources_1/imports/hdl/display/displayDriver.sv:3]
INFO: [Synth 8-6155] done synthesizing module 'binto7seg' (0#1) [/home/abarf/Documents/repos/DASD4186132/assignment02/project_1/project_1.srcs/sources_1/imports/hdl/display/displayDriver.sv:55]
INFO: [Synth 8-6155] done synthesizing module 'visualization_thread' (0#1) [/home/abarf/Documents/repos/DASD4186132/assignment02/project_1/project_1.srcs/sources_1/imports/hdl/visualization_thread.sv:1]
INFO: [Synth 8-6155] done synthesizing module 'top' (0#1) [/home/abarf/Documents/repos/DASD4186132/assignment02/project_1/project_1.srcs/sources_1/imports/hdl/top.sv:2]
WARNING: [Synth 8-6014] Unused sequential element samples_fsm_ready_reg_reg was removed.  [/home/abarf/Documents/repos/DASD4186132/assignment02/project_1/project_1.srcs/sources_1/imports/hdl/acquisition_thread.sv:42]
WARNING: [Synth 8-6014] Unused sequential element data1_reg_reg was removed.  [/home/abarf/Documents/repos/DASD4186132/assignment02/project_1/project_1.srcs/sources_1/imports/hdl/acquisition_thread.sv:86]
WARNING: [Synth 8-7129] Port inSeg[63] in module displayDriver is either unconnected or has no load
WARNING: [Synth 8-7129] Port inSeg[62] in module displayDriver is either unconnected or has no load
WARNING: [Synth 8-7129] Port inSeg[61] in module displayDriver is either unconnected or has no load
WARNING: [Synth 8-7129] Port inSeg[60] in module displayDriver is either unconnected or has no load
WARNING: [Synth 8-7129] Port inSeg[59] in module displayDriver is either unconnected or has no load
WARNING: [Synth 8-7129] Port inSeg[58] in module displayDriver is either unconnected or has no load
WARNING: [Synth 8-7129] Port inSeg[57] in module displayDriver is either unconnected or has no load
WARNING: [Synth 8-7129] Port inSeg[56] in module displayDriver is either unconnected or has no load
WARNING: [Synth 8-7129] Port inSeg[55] in module displayDriver is either unconnected or has no load
WARNING: [Synth 8-7129] Port inSeg[54] in module displayDriver is either unconnected or has no load
WARNING: [Synth 8-7129] Port inSeg[53] in module displayDriver is either unconnected or has no load
WARNING: [Synth 8-7129] Port inSeg[52] in module displayDriver is either unconnected or has no load
WARNING: [Synth 8-7129] Port inSeg[51] in module displayDriver is either unconnected or has no load
WARNING: [Synth 8-7129] Port inSeg[50] in module displayDriver is either unconnected or has no load
WARNING: [Synth 8-7129] Port inSeg[49] in module displayDriver is either unconnected or has no load
WARNING: [Synth 8-7129] Port inSeg[48] in module displayDriver is either unconnected or has no load
WARNING: [Synth 8-7129] Port inSeg[47] in module displayDriver is either unconnected or has no load
WARNING: [Synth 8-7129] Port inSeg[46] in module displayDriver is either unconnected or has no load
WARNING: [Synth 8-7129] Port inSeg[45] in module displayDriver is either unconnected or has no load
WARNING: [Synth 8-7129] Port inSeg[44] in module displayDriver is either unconnected or has no load
WARNING: [Synth 8-7129] Port inSeg[43] in module displayDriver is either unconnected or has no load
WARNING: [Synth 8-7129] Port inSeg[42] in module displayDriver is either unconnected or has no load
WARNING: [Synth 8-7129] Port inSeg[41] in module displayDriver is either unconnected or has no load
WARNING: [Synth 8-7129] Port inSeg[40] in module displayDriver is either unconnected or has no load
WARNING: [Synth 8-7129] Port inSeg[39] in module displayDriver is either unconnected or has no load
WARNING: [Synth 8-7129] Port inSeg[38] in module displayDriver is either unconnected or has no load
WARNING: [Synth 8-7129] Port inSeg[37] in module displayDriver is either unconnected or has no load
WARNING: [Synth 8-7129] Port inSeg[36] in module displayDriver is either unconnected or has no load
WARNING: [Synth 8-7129] Port inSeg[35] in module displayDriver is either unconnected or has no load
WARNING: [Synth 8-7129] Port inSeg[34] in module displayDriver is either unconnected or has no load
WARNING: [Synth 8-7129] Port inSeg[33] in module displayDriver is either unconnected or has no load
WARNING: [Synth 8-7129] Port inSeg[32] in module displayDriver is either unconnected or has no load
WARNING: [Synth 8-7129] Port start in module mode_fsm is either unconnected or has no load
WARNING: [Synth 8-7129] Port data1[11] in module acquisition_thread is either unconnected or has no load
WARNING: [Synth 8-7129] Port data1[10] in module acquisition_thread is either unconnected or has no load
WARNING: [Synth 8-7129] Port data1[9] in module acquisition_thread is either unconnected or has no load
WARNING: [Synth 8-7129] Port data1[8] in module acquisition_thread is either unconnected or has no load
WARNING: [Synth 8-7129] Port data1[7] in module acquisition_thread is either unconnected or has no load
WARNING: [Synth 8-7129] Port data1[6] in module acquisition_thread is either unconnected or has no load
WARNING: [Synth 8-7129] Port data1[5] in module acquisition_thread is either unconnected or has no load
WARNING: [Synth 8-7129] Port data1[4] in module acquisition_thread is either unconnected or has no load
WARNING: [Synth 8-7129] Port data1[3] in module acquisition_thread is either unconnected or has no load
WARNING: [Synth 8-7129] Port data1[2] in module acquisition_thread is either unconnected or has no load
WARNING: [Synth 8-7129] Port data1[1] in module acquisition_thread is either unconnected or has no load
WARNING: [Synth 8-7129] Port data1[0] in module acquisition_thread is either unconnected or has no load
---------------------------------------------------------------------------------
Finished RTL Elaboration : Time (s): cpu = 00:00:03 ; elapsed = 00:00:04 . Memory (MB): peak = 2208.824 ; gain = 496.504 ; free physical = 16152 ; free virtual = 27154
---------------------------------------------------------------------------------
---------------------------------------------------------------------------------
Start Handling Custom Attributes
---------------------------------------------------------------------------------
---------------------------------------------------------------------------------
Finished Handling Custom Attributes : Time (s): cpu = 00:00:03 ; elapsed = 00:00:04 . Memory (MB): peak = 2234.637 ; gain = 522.316 ; free physical = 16152 ; free virtual = 27154
---------------------------------------------------------------------------------
---------------------------------------------------------------------------------
Finished RTL Optimization Phase 1 : Time (s): cpu = 00:00:03 ; elapsed = 00:00:04 . Memory (MB): peak = 2234.637 ; gain = 522.316 ; free physical = 16152 ; free virtual = 27154
---------------------------------------------------------------------------------
Netlist sorting complete. Time (s): cpu = 00:00:00.01 ; elapsed = 00:00:00.01 . Memory (MB): peak = 2234.637 ; gain = 0.000 ; free physical = 16152 ; free virtual = 27154
INFO: [Project 1-570] Preparing netlist for logic optimization

Processing XDC Constraints
Initializing timing engine
Parsing XDC File [/home/abarf/Documents/repos/DASD4186132/assignment02/project_1/project_1.srcs/constrs_1/imports/constraints/Basys-3-Master.xdc]
Finished Parsing XDC File [/home/abarf/Documents/repos/DASD4186132/assignment02/project_1/project_1.srcs/constrs_1/imports/constraints/Basys-3-Master.xdc]
INFO: [Project 1-236] Implementation specific constraints were found while reading constraint file [/home/abarf/Documents/repos/DASD4186132/assignment02/project_1/project_1.srcs/constrs_1/imports/constraints/Basys-3-Master.xdc]. These constraints will be ignored for synthesis but will be used in implementation. Impacted constraints are listed in the file [.Xil/top_propImpl.xdc].
Resolution: To avoid this warning, move constraints listed in [.Xil/top_propImpl.xdc] to another XDC file and exclude this new file from synthesis with the used_in_synthesis property (File Properties dialog in GUI) and re-run elaboration/synthesis.
Completed Processing XDC Constraints

Netlist sorting complete. Time (s): cpu = 00:00:00 ; elapsed = 00:00:00 . Memory (MB): peak = 2384.387 ; gain = 0.000 ; free physical = 16144 ; free virtual = 27146
INFO: [Project 1-111] Unisim Transformation Summary:
No Unisim elements were transformed.

Constraint Validation Runtime : Time (s): cpu = 00:00:00 ; elapsed = 00:00:00.01 . Memory (MB): peak = 2384.387 ; gain = 0.000 ; free physical = 16144 ; free virtual = 27146
INFO: [Designutils 20-5440] No compile time benefit to using incremental synthesis; A full resynthesis will be run
INFO: [Designutils 20-4379] Flow is switching to default flow due to incremental criteria not met. If you would like to alter this behaviour and have the flow terminate instead, please set the following parameter config_implementation {autoIncr.Synth.RejectBehavior Terminate}
---------------------------------------------------------------------------------
Finished Constraint Validation : Time (s): cpu = 00:00:07 ; elapsed = 00:00:07 . Memory (MB): peak = 2384.387 ; gain = 672.066 ; free physical = 16144 ; free virtual = 27146
---------------------------------------------------------------------------------
---------------------------------------------------------------------------------
Start Loading Part and Timing Information
---------------------------------------------------------------------------------
Loading part: xc7a35ticpg236-1L
---------------------------------------------------------------------------------
Finished Loading Part and Timing Information : Time (s): cpu = 00:00:07 ; elapsed = 00:00:07 . Memory (MB): peak = 2392.391 ; gain = 680.070 ; free physical = 16144 ; free virtual = 27146
---------------------------------------------------------------------------------
---------------------------------------------------------------------------------
Start Applying 'set_property' XDC Constraints
---------------------------------------------------------------------------------
---------------------------------------------------------------------------------
Finished applying 'set_property' XDC Constraints : Time (s): cpu = 00:00:07 ; elapsed = 00:00:07 . Memory (MB): peak = 2392.391 ; gain = 680.070 ; free physical = 16144 ; free virtual = 27146
---------------------------------------------------------------------------------
INFO: [Synth 8-802] inferred FSM for state register 'current_state_reg' in module 'mode_fsm'
INFO: [Synth 8-802] inferred FSM for state register 'current_state_reg' in module 'rms_fsm'
INFO: [Synth 8-802] inferred FSM for state register 'current_state_reg' in module 'mean_fsm'
INFO: [Synth 8-802] inferred FSM for state register 'current_state_reg' in module 'comp_fsm'
INFO: [Synth 8-802] inferred FSM for state register 'current_state_reg' in module 'display_fsm'
---------------------------------------------------------------------------------------------------
                   State |                     New Encoding |                Previous Encoding 
---------------------------------------------------------------------------------------------------
                    IDLE |                               00 | 00000000000000000000000000000000
                     ADC |                               01 | 00000000000000000000000000000001
                    TEST |                               10 | 00000000000000000000000000000010
---------------------------------------------------------------------------------------------------
INFO: [Synth 8-3354] encoded FSM with state register 'current_state_reg' using encoding 'sequential' in module 'mode_fsm'
---------------------------------------------------------------------------------------------------
                   State |                     New Encoding |                Previous Encoding 
---------------------------------------------------------------------------------------------------
                    IDLE |                     000000000001 | 00000000000000000000000000000000
                    MULT |                     000000000010 | 00000000000000000000000000000001
                     ACC |                     000000000100 | 00000000000000000000000000000010
                    DIV0 |                     000000001000 | 00000000000000000000000000000011
                    DIV1 |                     000000010000 | 00000000000000000000000000000100
                   NORM0 |                     000000100000 | 00000000000000000000000000000101
                   NORM1 |                     000001000000 | 00000000000000000000000000000110
                     NR0 |                     000010000000 | 00000000000000000000000000000111
                     NR1 |                     000100000000 | 00000000000000000000000000001000
                     NR2 |                     001000000000 | 00000000000000000000000000001001
                     NR3 |                     010000000000 | 00000000000000000000000000001010
                     NR4 |                     100000000000 | 00000000000000000000000000001011
---------------------------------------------------------------------------------------------------
INFO: [Synth 8-3354] encoded FSM with state register 'current_state_reg' using encoding 'one-hot' in module 'rms_fsm'
---------------------------------------------------------------------------------------------------
                   State |                     New Encoding |                Previous Encoding 
---------------------------------------------------------------------------------------------------
                    IDLE |                              001 | 00000000000000000000000000000000
                     ACC |                              010 | 00000000000000000000000000000001
                     DIV |                              100 | 00000000000000000000000000000010
---------------------------------------------------------------------------------------------------
INFO: [Synth 8-3354] encoded FSM with state register 'current_state_reg' using encoding 'one-hot' in module 'mean_fsm'
---------------------------------------------------------------------------------------------------
                   State |                     New Encoding |                Previous Encoding 
---------------------------------------------------------------------------------------------------
                    IDLE |                             0001 | 00000000000000000000000000000000
                    COMP |                             0010 | 00000000000000000000000000000001
               COMP_LAST |                             0100 | 00000000000000000000000000000011
              COMP_READY |                             1000 | 00000000000000000000000000000010
---------------------------------------------------------------------------------------------------
INFO: [Synth 8-3354] encoded FSM with state register 'current_state_reg' using encoding 'one-hot' in module 'comp_fsm'
---------------------------------------------------------------------------------------------------
                   State |                     New Encoding |                Previous Encoding 
---------------------------------------------------------------------------------------------------
                    IDLE |                                0 | 00000000000000000000000000000000
                 DISPLAY |                                1 | 00000000000000000000000000000001
---------------------------------------------------------------------------------------------------
INFO: [Synth 8-3354] encoded FSM with state register 'current_state_reg' using encoding 'sequential' in module 'display_fsm'
---------------------------------------------------------------------------------
Finished RTL Optimization Phase 2 : Time (s): cpu = 00:00:08 ; elapsed = 00:00:08 . Memory (MB): peak = 2392.391 ; gain = 680.070 ; free physical = 16142 ; free virtual = 27145
---------------------------------------------------------------------------------
---------------------------------------------------------------------------------
Start RTL Component Statistics 
---------------------------------------------------------------------------------
Detailed RTL Component Info : 
+---Adders : 
	   2 Input   54 Bit       Adders := 1     
	   2 Input   34 Bit       Adders := 1     
	   2 Input   22 Bit       Adders := 1     
	   2 Input   18 Bit       Adders := 1     
	   2 Input   12 Bit       Adders := 1     
	   2 Input   11 Bit       Adders := 2     
	   2 Input   10 Bit       Adders := 1     
	   2 Input    7 Bit       Adders := 1     
	   2 Input    4 Bit       Adders := 2     
	   2 Input    3 Bit       Adders := 1     
	   2 Input    2 Bit       Adders := 1     
	   2 Input    1 Bit       Adders := 1     
+---Registers : 
	               54 Bit    Registers := 1     
	               34 Bit    Registers := 1     
	               24 Bit    Registers := 1     
	               23 Bit    Registers := 2     
	               20 Bit    Registers := 1     
	               18 Bit    Registers := 12    
	               17 Bit    Registers := 1     
	               16 Bit    Registers := 1     
	               14 Bit    Registers := 5     
	               12 Bit    Registers := 6     
	               11 Bit    Registers := 3     
	               10 Bit    Registers := 2     
	                8 Bit    Registers := 4     
	                4 Bit    Registers := 5     
	                3 Bit    Registers := 2     
	                2 Bit    Registers := 2     
	                1 Bit    Registers := 14    
+---ROMs : 
	                    ROMs := 3     
+---Muxes : 
	   3 Input   54 Bit        Muxes := 1     
	   2 Input   35 Bit        Muxes := 4     
	   2 Input   18 Bit        Muxes := 2     
	   2 Input   14 Bit        Muxes := 8     
	  12 Input   12 Bit        Muxes := 1     
	   2 Input   12 Bit        Muxes := 2     
	   2 Input   11 Bit        Muxes := 2     
	   3 Input   11 Bit        Muxes := 1     
	   2 Input   10 Bit        Muxes := 2     
	   4 Input    8 Bit        Muxes := 2     
	   2 Input    4 Bit        Muxes := 5     
	   4 Input    4 Bit        Muxes := 2     
	   3 Input    3 Bit        Muxes := 1     
	   2 Input    3 Bit        Muxes := 1     
	   3 Input    2 Bit        Muxes := 2     
	   2 Input    2 Bit        Muxes := 2     
	   2 Input    1 Bit        Muxes := 15    
	   3 Input    1 Bit        Muxes := 2     
	  12 Input    1 Bit        Muxes := 1     
	   4 Input    1 Bit        Muxes := 2     
---------------------------------------------------------------------------------
Finished RTL Component Statistics 
---------------------------------------------------------------------------------
---------------------------------------------------------------------------------
Start Part Resource Summary
---------------------------------------------------------------------------------
Part Resources:
DSPs: 90 (col length:60)
BRAMs: 100 (col length: RAMB18 60 RAMB36 30)
---------------------------------------------------------------------------------
Finished Part Resource Summary
---------------------------------------------------------------------------------
---------------------------------------------------------------------------------
Start Cross Boundary and Area Optimization
---------------------------------------------------------------------------------
WARNING: [Synth 8-7080] Parallel synthesis criteria is not met
DSP Report: Generating DSP acquisiton_thread_inst/data0_q2_12_reg, operation Mode is: (A2*(B:0x34d))'.
DSP Report: register acquisiton_thread_inst/data0_reg_reg is absorbed into DSP acquisiton_thread_inst/data0_q2_12_reg.
DSP Report: register acquisiton_thread_inst/data0_q2_12_reg is absorbed into DSP acquisiton_thread_inst/data0_q2_12_reg.
DSP Report: operator acquisiton_thread_inst/data0_scaled0 is absorbed into DSP acquisiton_thread_inst/data0_q2_12_reg.
DSP Report: Generating DSP processing_thread_inst/mean_inst/div_data0, operation Mode is: A2*B2.
DSP Report: register processing_thread_inst/mean_inst/div_data0 is absorbed into DSP processing_thread_inst/mean_inst/div_data0.
DSP Report: register processing_thread_inst/mean_inst/div_data0 is absorbed into DSP processing_thread_inst/mean_inst/div_data0.
DSP Report: operator processing_thread_inst/mean_inst/div_data0 is absorbed into DSP processing_thread_inst/mean_inst/div_data0.
DSP Report: operator processing_thread_inst/mean_inst/div_data0 is absorbed into DSP processing_thread_inst/mean_inst/div_data0.
DSP Report: Generating DSP processing_thread_inst/rms_inst/x20, operation Mode is: A*B.
DSP Report: operator processing_thread_inst/rms_inst/x20 is absorbed into DSP processing_thread_inst/rms_inst/x20.
DSP Report: Generating DSP processing_thread_inst/rms_inst/div_upper, operation Mode is: A2*B2.
DSP Report: register processing_thread_inst/rms_inst/acc_x2_reg_reg is absorbed into DSP processing_thread_inst/rms_inst/div_upper.
DSP Report: register processing_thread_inst/lut_div/data_out_reg is absorbed into DSP processing_thread_inst/rms_inst/div_upper.
DSP Report: operator processing_thread_inst/rms_inst/div_upper is absorbed into DSP processing_thread_inst/rms_inst/div_upper.
DSP Report: Generating DSP processing_thread_inst/rms_inst/div_x20, operation Mode is: C+(A2*B2)'.
DSP Report: register processing_thread_inst/rms_inst/acc_x2_reg_reg is absorbed into DSP processing_thread_inst/rms_inst/div_x20.
DSP Report: register processing_thread_inst/lut_div/data_out_reg is absorbed into DSP processing_thread_inst/rms_inst/div_x20.
DSP Report: register processing_thread_inst/rms_inst/div_lower_reg_reg is absorbed into DSP processing_thread_inst/rms_inst/div_x20.
DSP Report: operator processing_thread_inst/rms_inst/div_lower is absorbed into DSP processing_thread_inst/rms_inst/div_x20.
DSP Report: operator processing_thread_inst/rms_inst/div_x20 is absorbed into DSP processing_thread_inst/rms_inst/div_x20.
DSP Report: Generating DSP processing_thread_inst/rms_inst/nr_xk0_odd0, operation Mode is: C+A*(B:0xd413).
DSP Report: operator processing_thread_inst/rms_inst/nr_xk0_odd0 is absorbed into DSP processing_thread_inst/rms_inst/nr_xk0_odd0.
DSP Report: operator processing_thread_inst/rms_inst/nr_xk0_odd0 is absorbed into DSP processing_thread_inst/rms_inst/nr_xk0_odd0.
DSP Report: Generating DSP processing_thread_inst/rms_inst/nr_xk20, operation Mode is: C+A*B.
DSP Report: operator processing_thread_inst/rms_inst/nr_xk20 is absorbed into DSP processing_thread_inst/rms_inst/nr_xk20.
DSP Report: operator processing_thread_inst/rms_inst/nr_xk20 is absorbed into DSP processing_thread_inst/rms_inst/nr_xk20.
DSP Report: Generating DSP processing_thread_inst/rms_inst/nr_xk2x0, operation Mode is: C+A2*B2.
DSP Report: register processing_thread_inst/rms_inst/div_x2_reg_reg is absorbed into DSP processing_thread_inst/rms_inst/nr_xk2x0.
DSP Report: register processing_thread_inst/rms_inst/nr_xk2_reg_reg is absorbed into DSP processing_thread_inst/rms_inst/nr_xk2x0.
DSP Report: operator processing_thread_inst/rms_inst/nr_xk2x0 is absorbed into DSP processing_thread_inst/rms_inst/nr_xk2x0.
DSP Report: operator processing_thread_inst/rms_inst/nr_xk2x0 is absorbed into DSP processing_thread_inst/rms_inst/nr_xk2x0.
DSP Report: Generating DSP processing_thread_inst/rms_inst/nr_xk_2_3_xk2x0, operation Mode is: C+A2*B2.
DSP Report: register processing_thread_inst/rms_inst/nr_xk_2_reg_reg is absorbed into DSP processing_thread_inst/rms_inst/nr_xk_2_3_xk2x0.
DSP Report: register processing_thread_inst/rms_inst/nr_3_xk2x_reg_reg is absorbed into DSP processing_thread_inst/rms_inst/nr_xk_2_3_xk2x0.
DSP Report: operator processing_thread_inst/rms_inst/nr_xk_2_3_xk2x0 is absorbed into DSP processing_thread_inst/rms_inst/nr_xk_2_3_xk2x0.
DSP Report: operator processing_thread_inst/rms_inst/nr_xk_2_3_xk2x0 is absorbed into DSP processing_thread_inst/rms_inst/nr_xk_2_3_xk2x0.
DSP Report: Generating DSP processing_thread_inst/rms_inst/nr_sqrtx0, operation Mode is: C+A2*B2.
DSP Report: register processing_thread_inst/rms_inst/div_x2_reg_reg is absorbed into DSP processing_thread_inst/rms_inst/nr_sqrtx0.
DSP Report: register processing_thread_inst/rms_inst/nr_xk_2_3_xk2x_reg_reg is absorbed into DSP processing_thread_inst/rms_inst/nr_sqrtx0.
DSP Report: operator processing_thread_inst/rms_inst/nr_sqrtx0 is absorbed into DSP processing_thread_inst/rms_inst/nr_sqrtx0.
DSP Report: operator processing_thread_inst/rms_inst/nr_sqrtx0 is absorbed into DSP processing_thread_inst/rms_inst/nr_sqrtx0.
DSP Report: Generating DSP visualization_thread_inst/metric_scaled_reg_reg, operation Mode is: (A*(B:0x3e8))'.
DSP Report: register visualization_thread_inst/metric_scaled_reg_reg is absorbed into DSP visualization_thread_inst/metric_scaled_reg_reg.
DSP Report: operator visualization_thread_inst/metric_scaled0 is absorbed into DSP visualization_thread_inst/metric_scaled_reg_reg.
WARNING: [Synth 8-3917] design top has port an[7] driven by constant 1
WARNING: [Synth 8-3917] design top has port an[6] driven by constant 1
WARNING: [Synth 8-3917] design top has port an[5] driven by constant 1
WARNING: [Synth 8-3917] design top has port an[4] driven by constant 1
WARNING: [Synth 8-7129] Port d1 in module top is either unconnected or has no load
---------------------------------------------------------------------------------
Finished Cross Boundary and Area Optimization : Time (s): cpu = 00:00:10 ; elapsed = 00:00:10 . Memory (MB): peak = 2392.391 ; gain = 680.070 ; free physical = 16115 ; free virtual = 27123
---------------------------------------------------------------------------------
 Sort Area is  processing_thread_inst/mean_inst/div_data0_11 : 0 0 : 3275 3275 : Used 1 time 0
 Sort Area is  processing_thread_inst/rms_inst/div_x20_6 : 0 0 : 2703 2703 : Used 1 time 0
 Sort Area is  processing_thread_inst/rms_inst/div_upper_4 : 0 0 : 2518 2518 : Used 1 time 0
 Sort Area is  processing_thread_inst/rms_inst/nr_xk_2_3_xk2x0_e : 0 0 : 2418 2418 : Used 1 time 0
 Sort Area is  processing_thread_inst/rms_inst/nr_sqrtx0_10 : 0 0 : 2412 2412 : Used 1 time 0
 Sort Area is  processing_thread_inst/rms_inst/nr_xk2x0_c : 0 0 : 2412 2412 : Used 1 time 0
 Sort Area is  processing_thread_inst/rms_inst/nr_xk20_a : 0 0 : 2382 2382 : Used 1 time 0
 Sort Area is  processing_thread_inst/rms_inst/x20_2 : 0 0 : 1466 1466 : Used 1 time 0
 Sort Area is  processing_thread_inst/rms_inst/nr_xk0_odd0_8 : 0 0 : 986 986 : Used 1 time 0
 Sort Area is  acquisiton_thread_inst/data0_q2_12_reg_0 : 0 0 : 459 459 : Used 1 time 0
 Sort Area is  visualization_thread_inst/metric_scaled_reg_reg_13 : 0 0 : 319 319 : Used 1 time 0
---------------------------------------------------------------------------------
Start ROM, RAM, DSP, Shift Register and Retiming Reporting
---------------------------------------------------------------------------------

ROM: Preliminary Mapping Report
+------------+-------------------------------------------------------+---------------+----------------+
|Module Name | RTL Object                                            | Depth x Width | Implemented As | 
+------------+-------------------------------------------------------+---------------+----------------+
|top         | acquisiton_thread_inst/lut_test/data_out_reg          | 1024x14       | Block RAM      | 
|top         | processing_thread_inst/n_samples_reg_reg              | 1024x20       | Block RAM      | 
|top         | processing_thread_inst/rms_inst/lut_norm/data_out_reg | 64x18         | Block RAM      | 
+------------+-------------------------------------------------------+---------------+----------------+


DSP: Preliminary Mapping Report (see note below. The ' indicates corresponding REG is set)
+-------------------+-----------------+--------+--------+--------+--------+--------+------+------+------+------+-------+------+------+
|Module Name        | DSP Mapping     | A Size | B Size | C Size | D Size | P Size | AREG | BREG | CREG | DREG | ADREG | MREG | PREG | 
+-------------------+-----------------+--------+--------+--------+--------+--------+------+------+------+------+-------+------+------+
|acquisition_thread | (A2*(B:0x34d))' | 12     | 10     | -      | -      | 22     | 1    | 0    | -    | -    | -     | 1    | 0    | 
|top                | A2*B2           | 23     | 18     | -      | -      | 48     | 1    | 1    | -    | -    | -     | 0    | 0    | 
|rms                | A*B             | 14     | 14     | -      | -      | 28     | 0    | 0    | -    | -    | -     | 0    | 0    | 
|rms                | A2*B2           | 20     | 17     | -      | -      | 37     | 1    | 1    | -    | -    | -     | 0    | 0    | 
|rms                | C+(A2*B2)'      | 20     | 17     | 44     | -      | 44     | 1    | 1    | 0    | -    | -     | 1    | 0    | 
|rms                | C+A*(B:0xd413)  | 18     | 16     | 35     | -      | 36     | 0    | 0    | 0    | -    | -     | 0    | 0    | 
|rms                | C+A*B           | 18     | 17     | 34     | -      | 34     | 0    | 0    | 0    | -    | -     | 0    | 0    | 
|top                | C+A2*B2         | 18     | 17     | 32     | -      | 32     | 1    | 1    | 0    | -    | -     | 0    | 0    | 
|top                | C+A2*B2         | 18     | 17     | 34     | -      | 34     | 1    | 1    | 0    | -    | -     | 0    | 0    | 
|top                | C+A2*B2         | 18     | 17     | 32     | -      | 32     | 1    | 1    | 0    | -    | -     | 0    | 0    | 
|top                | (A*(B:0x3e8))'  | 14     | 10     | -      | -      | 24     | 0    | 0    | -    | -    | -     | 1    | 0    | 
+-------------------+-----------------+--------+--------+--------+--------+--------+------+------+------+------+-------+------+------+

Note: The table above is a preliminary report that shows the DSPs inferred at the current stage of the synthesis flow. Some DSP may be reimplemented as non DSP primitives later in the synthesis flow. Multiple instantiated DSPs are reported only once.
---------------------------------------------------------------------------------
Finished ROM, RAM, DSP, Shift Register and Retiming Reporting
---------------------------------------------------------------------------------
---------------------------------------------------------------------------------
Start Applying XDC Timing Constraints
---------------------------------------------------------------------------------
---------------------------------------------------------------------------------
Finished Applying XDC Timing Constraints : Time (s): cpu = 00:00:14 ; elapsed = 00:00:14 . Memory (MB): peak = 2392.391 ; gain = 680.070 ; free physical = 16118 ; free virtual = 27126
---------------------------------------------------------------------------------
---------------------------------------------------------------------------------
Start Timing Optimization
---------------------------------------------------------------------------------
---------------------------------------------------------------------------------
Finished Timing Optimization : Time (s): cpu = 00:00:15 ; elapsed = 00:00:15 . Memory (MB): peak = 2392.391 ; gain = 680.070 ; free physical = 16065 ; free virtual = 27073
---------------------------------------------------------------------------------
---------------------------------------------------------------------------------
Start Technology Mapping
---------------------------------------------------------------------------------
INFO: [Synth 8-7052] The timing for the instance acquisiton_thread_inst/lut_test/data_out_reg (implemented as a Block RAM) might be sub-optimal as no optional output register could be merged into the ram block. Providing additional output register may help in improving timing.
INFO: [Synth 8-7052] The timing for the instance processing_thread_inst/n_samples_reg_reg (implemented as a Block RAM) might be sub-optimal as no optional output register could be merged into the ram block. Providing additional output register may help in improving timing.
---------------------------------------------------------------------------------
Finished Technology Mapping : Time (s): cpu = 00:00:15 ; elapsed = 00:00:16 . Memory (MB): peak = 2392.391 ; gain = 680.070 ; free physical = 16065 ; free virtual = 27073
---------------------------------------------------------------------------------
---------------------------------------------------------------------------------
Start IO Insertion
---------------------------------------------------------------------------------
---------------------------------------------------------------------------------
Start Flattening Before IO Insertion
---------------------------------------------------------------------------------
---------------------------------------------------------------------------------
Finished Flattening Before IO Insertion
---------------------------------------------------------------------------------
---------------------------------------------------------------------------------
Start Final Netlist Cleanup
---------------------------------------------------------------------------------
---------------------------------------------------------------------------------
Finished Final Netlist Cleanup
---------------------------------------------------------------------------------
---------------------------------------------------------------------------------
Finished IO Insertion : Time (s): cpu = 00:00:18 ; elapsed = 00:00:18 . Memory (MB): peak = 2392.391 ; gain = 680.070 ; free physical = 16069 ; free virtual = 27078
---------------------------------------------------------------------------------
---------------------------------------------------------------------------------
Start Renaming Generated Instances
---------------------------------------------------------------------------------
---------------------------------------------------------------------------------
Finished Renaming Generated Instances : Time (s): cpu = 00:00:18 ; elapsed = 00:00:18 . Memory (MB): peak = 2392.391 ; gain = 680.070 ; free physical = 16069 ; free virtual = 27078
---------------------------------------------------------------------------------
---------------------------------------------------------------------------------
Start Rebuilding User Hierarchy
---------------------------------------------------------------------------------
---------------------------------------------------------------------------------
Finished Rebuilding User Hierarchy : Time (s): cpu = 00:00:18 ; elapsed = 00:00:18 . Memory (MB): peak = 2392.391 ; gain = 680.070 ; free physical = 16069 ; free virtual = 27078
---------------------------------------------------------------------------------
---------------------------------------------------------------------------------
Start Renaming Generated Ports
---------------------------------------------------------------------------------
---------------------------------------------------------------------------------
Finished Renaming Generated Ports : Time (s): cpu = 00:00:18 ; elapsed = 00:00:18 . Memory (MB): peak = 2392.391 ; gain = 680.070 ; free physical = 16069 ; free virtual = 27078
---------------------------------------------------------------------------------
---------------------------------------------------------------------------------
Start Handling Custom Attributes
---------------------------------------------------------------------------------
---------------------------------------------------------------------------------
Finished Handling Custom Attributes : Time (s): cpu = 00:00:18 ; elapsed = 00:00:18 . Memory (MB): peak = 2392.391 ; gain = 680.070 ; free physical = 16069 ; free virtual = 27078
---------------------------------------------------------------------------------
---------------------------------------------------------------------------------
Start Renaming Generated Nets
---------------------------------------------------------------------------------
---------------------------------------------------------------------------------
Finished Renaming Generated Nets : Time (s): cpu = 00:00:18 ; elapsed = 00:00:18 . Memory (MB): peak = 2392.391 ; gain = 680.070 ; free physical = 16069 ; free virtual = 27078
---------------------------------------------------------------------------------
---------------------------------------------------------------------------------
Start Writing Synthesis Report
---------------------------------------------------------------------------------

DSP Final Report (the ' indicates corresponding REG is set)
+-------------------+-------------+--------+--------+--------+--------+--------+------+------+------+------+-------+------+------+
|Module Name        | DSP Mapping | A Size | B Size | C Size | D Size | P Size | AREG | BREG | CREG | DREG | ADREG | MREG | PREG | 
+-------------------+-------------+--------+--------+--------+--------+--------+------+------+------+------+-------+------+------+
|acquisition_thread | (A'*B)'     | 12     | 10     | -      | -      | 22     | 1    | 0    | -    | -    | -     | 0    | 1    | 
|top                | A'*B'       | 22     | 17     | -      | -      | 48     | 1    | 1    | -    | -    | -     | 0    | 0    | 
|rms                | (A*B)'      | 14     | 14     | -      | -      | 28     | 0    | 0    | -    | -    | -     | 0    | 1    | 
|rms                | (A'*B')'    | 20     | 17     | -      | -      | 37     | 1    | 1    | -    | -    | -     | 0    | 1    | 
|rms                | C+(A'*B')'  | 20     | 17     | 44     | -      | 44     | 1    | 1    | 1    | -    | -     | 1    | 0    | 
|rms                | C+A*B       | 17     | 16     | 34     | -      | 36     | 0    | 0    | 0    | -    | -     | 0    | 0    | 
|rms                | C+A*B       | 18     | 17     | 34     | -      | 34     | 0    | 0    | 0    | -    | -     | 0    | 0    | 
|top                | Dynamic     | -      | -      | -      | -      | 32     | -    | -    | -    | -    | -     | 0    | 1    | 
|top                | C+A'*B'     | 18     | 17     | 0      | -      | 34     | 1    | 1    | 1    | -    | -     | 0    | 0    | 
|top                | Dynamic     | -      | -      | -      | -      | 32     | -    | -    | -    | -    | -     | 0    | 1    | 
|top                | (A*B)'      | 14     | 10     | -      | -      | 24     | 0    | 0    | -    | -    | -     | 0    | 1    | 
+-------------------+-------------+--------+--------+--------+--------+--------+------+------+------+------+-------+------+------+


Report BlackBoxes: 
+-+--------------+----------+
| |BlackBox name |Instances |
+-+--------------+----------+
+-+--------------+----------+

Report Cell Usage: 
+------+---------+------+
|      |Cell     |Count |
+------+---------+------+
|1     |BUFG     |     1|
|2     |CARRY4   |    52|
|3     |DSP48E1  |    11|
|12    |LUT1     |    24|
|13    |LUT2     |   114|
|14    |LUT3     |    19|
|15    |LUT4     |   108|
|16    |LUT5     |    99|
|17    |LUT6     |   200|
|18    |RAMB18E1 |     1|
|19    |RAMB36E1 |     1|
|20    |FDRE     |   345|
|21    |FDSE     |    21|
|22    |IBUF     |    17|
|23    |OBUF     |    19|
+------+---------+------+
---------------------------------------------------------------------------------
Finished Writing Synthesis Report : Time (s): cpu = 00:00:18 ; elapsed = 00:00:18 . Memory (MB): peak = 2392.391 ; gain = 680.070 ; free physical = 16069 ; free virtual = 27078
---------------------------------------------------------------------------------
Synthesis finished with 0 errors, 0 critical warnings and 6 warnings.
Synthesis Optimization Runtime : Time (s): cpu = 00:00:17 ; elapsed = 00:00:17 . Memory (MB): peak = 2392.391 ; gain = 530.320 ; free physical = 16070 ; free virtual = 27078
Synthesis Optimization Complete : Time (s): cpu = 00:00:18 ; elapsed = 00:00:18 . Memory (MB): peak = 2392.398 ; gain = 680.070 ; free physical = 16070 ; free virtual = 27078
INFO: [Project 1-571] Translating synthesized netlist
Netlist sorting complete. Time (s): cpu = 00:00:00.01 ; elapsed = 00:00:00.01 . Memory (MB): peak = 2392.398 ; gain = 0.000 ; free physical = 16366 ; free virtual = 27374
INFO: [Netlist 29-17] Analyzing 65 Unisim elements for replacement
INFO: [Netlist 29-28] Unisim Transformation completed in 0 CPU seconds
INFO: [Project 1-570] Preparing netlist for logic optimization
INFO: [Opt 31-138] Pushed 0 inverter(s) to 0 load pin(s).
Netlist sorting complete. Time (s): cpu = 00:00:00 ; elapsed = 00:00:00 . Memory (MB): peak = 2448.418 ; gain = 0.000 ; free physical = 16366 ; free virtual = 27374
INFO: [Project 1-111] Unisim Transformation Summary:
No Unisim elements were transformed.

Synth Design complete | Checksum: 7e8ff92f
INFO: [Common 17-83] Releasing license: Synthesis
100 Infos, 58 Warnings, 0 Critical Warnings and 0 Errors encountered.
synth_design completed successfully
synth_design: Time (s): cpu = 00:00:24 ; elapsed = 00:00:21 . Memory (MB): peak = 2448.418 ; gain = 1071.074 ; free physical = 16366 ; free virtual = 27374
INFO: [Common 17-2834] synth_design peak Physical Memory [PSS] (MB): overall = 1914.606; main = 1624.935; forked = 395.583
INFO: [Common 17-2834] synth_design peak Virtual Memory [VSS] (MB): overall = 3436.059; main = 2448.422; forked = 1043.664
Write ShapeDB Complete: Time (s): cpu = 00:00:00 ; elapsed = 00:00:00.01 . Memory (MB): peak = 2472.430 ; gain = 0.000 ; free physical = 16366 ; free virtual = 27374
INFO: [Common 17-1381] The checkpoint '/home/abarf/Documents/repos/DASD4186132/assignment02/project_1/project_1.runs/synth_1/top.dcp' has been generated.
INFO: [Vivado 12-24828] Executing command : report_utilization -file top_utilization_synth.rpt -pb top_utilization_synth.pb
INFO: [Common 17-206] Exiting Vivado at Sat May 23 14:30:46 2026...
