#! /usr/bin/vvp
:ivl_version "11.0 (stable)";
:ivl_delay_selection "TYPICAL";
:vpi_time_precision + 0;
:vpi_module "/usr/lib/x86_64-linux-gnu/ivl/system.vpi";
:vpi_module "/usr/lib/x86_64-linux-gnu/ivl/vhdl_sys.vpi";
:vpi_module "/usr/lib/x86_64-linux-gnu/ivl/vhdl_textio.vpi";
:vpi_module "/usr/lib/x86_64-linux-gnu/ivl/v2005_math.vpi";
:vpi_module "/usr/lib/x86_64-linux-gnu/ivl/va_math.vpi";
:vpi_module "/usr/lib/x86_64-linux-gnu/ivl/v2009.vpi";
S_0x6254ff02d950 .scope package, "$unit" "$unit" 2 1;
 .timescale 0 0;
S_0x6254ff02d540 .scope module, "register" "register" 3 1;
 .timescale 0 0;
    .port_info 0 /INPUT 1 "clk";
    .port_info 1 /INPUT 1 "rst";
    .port_info 2 /INPUT 1 "en";
    .port_info 3 /INPUT 8 "data_in";
    .port_info 4 /OUTPUT 8 "data_out";
P_0x6254ff0010b0 .param/l "WIDTH" 0 3 2, +C4<00000000000000000000000000001000>;
o0x7e14798e8018 .functor BUFZ 1, C4<z>; HiZ drive
v0x6254ff022b30_0 .net "clk", 0 0, o0x7e14798e8018;  0 drivers
o0x7e14798e8048 .functor BUFZ 8, C4<zzzzzzzz>; HiZ drive
v0x6254ff023140_0 .net "data_in", 7 0, o0x7e14798e8048;  0 drivers
v0x6254ff024910_0 .var "data_out", 7 0;
o0x7e14798e80a8 .functor BUFZ 1, C4<z>; HiZ drive
v0x6254ff01e6e0_0 .net "en", 0 0, o0x7e14798e80a8;  0 drivers
o0x7e14798e80d8 .functor BUFZ 1, C4<z>; HiZ drive
v0x6254ff02e3f0_0 .net "rst", 0 0, o0x7e14798e80d8;  0 drivers
E_0x6254fefc9820 .event posedge, v0x6254ff022b30_0;
S_0x6254ff01edc0 .scope module, "tb_top" "tb_top" 4 1;
 .timescale 0 0;
v0x6254ff05ae10_0 .var "clk", 0 0;
v0x6254ff05aed0_0 .net "cs", 0 0, L_0x6254ff06c010;  1 drivers
v0x6254ff05af90_0 .var "d0", 0 0;
v0x6254ff05b030_0 .var "d1", 0 0;
v0x6254ff05b0d0_0 .var "n_samples", 9 0;
o0x7e14798ea208 .functor BUFZ 1, C4<z>; HiZ drive
v0x6254ff05b170_0 .net "ready", 0 0, o0x7e14798ea208;  0 drivers
v0x6254ff05b210_0 .var "rst", 0 0;
v0x6254ff05b2b0_0 .net "sclk", 0 0, v0x6254ff054fe0_0;  1 drivers
v0x6254ff05b350_0 .var "start", 0 0;
E_0x6254fefc9120 .event negedge, v0x6254ff054fe0_0;
S_0x6254ff04f180 .scope module, "dut" "top" 4 13, 5 1 0, S_0x6254ff01edc0;
 .timescale 0 0;
    .port_info 0 /INPUT 1 "clk";
    .port_info 1 /INPUT 1 "rst";
    .port_info 2 /INPUT 10 "n_samples";
    .port_info 3 /INPUT 1 "start";
    .port_info 4 /OUTPUT 1 "ready";
    .port_info 5 /INPUT 1 "d0";
    .port_info 6 /INPUT 1 "d1";
    .port_info 7 /OUTPUT 1 "cs";
    .port_info 8 /OUTPUT 1 "sclk";
v0x6254ff059f10_0 .net "ad1_driver_ready", 0 0, L_0x6254ff06bc20;  1 drivers
v0x6254ff059fd0_0 .net "clk", 0 0, v0x6254ff05ae10_0;  1 drivers
v0x6254ff05a090_0 .net "cs", 0 0, L_0x6254ff06c010;  alias, 1 drivers
v0x6254ff05a180_0 .net "d0", 0 0, v0x6254ff05af90_0;  1 drivers
v0x6254ff05a270_0 .net "d1", 0 0, v0x6254ff05b030_0;  1 drivers
v0x6254ff05a3b0_0 .net "data0_ad1", 11 0, v0x6254ff054b70_0;  1 drivers
v0x6254ff05a450_0 .net "data1_ad1", 11 0, v0x6254ff054c30_0;  1 drivers
v0x6254ff05a4f0_0 .net "data_q2_12", 13 0, v0x6254ff051b30_0;  1 drivers
v0x6254ff05a640_0 .net "last_sample", 0 0, L_0x6254ff06d190;  1 drivers
v0x6254ff05a800_0 .net "n_samples", 9 0, v0x6254ff05b0d0_0;  1 drivers
v0x6254ff05a8c0_0 .net "ready", 0 0, o0x7e14798ea208;  alias, 0 drivers
v0x6254ff05a980_0 .net "rst", 0 0, v0x6254ff05b210_0;  1 drivers
v0x6254ff05aa20_0 .net "sclk", 0 0, v0x6254ff054fe0_0;  alias, 1 drivers
v0x6254ff05aac0_0 .net "start", 0 0, v0x6254ff05b350_0;  1 drivers
v0x6254ff05ab60_0 .net "start_ad1_driver", 0 0, L_0x6254ff06cf30;  1 drivers
v0x6254ff05ac00_0 .net "start_metrics", 0 0, L_0x6254ff06d200;  1 drivers
S_0x6254ff04f4b0 .scope module, "acquisiton_thread_inst" "acquisition_thread" 5 40, 6 1 0, S_0x6254ff04f180;
 .timescale 0 0;
    .port_info 0 /INPUT 1 "clk";
    .port_info 1 /INPUT 1 "rst";
    .port_info 2 /INPUT 1 "start";
    .port_info 3 /INPUT 10 "n_samples";
    .port_info 4 /INPUT 12 "data0";
    .port_info 5 /INPUT 12 "data1";
    .port_info 6 /INPUT 1 "ad1_driver_ready";
    .port_info 7 /OUTPUT 1 "last_sample";
    .port_info 8 /OUTPUT 1 "start_metrics";
    .port_info 9 /OUTPUT 14 "data_q2_12";
    .port_info 10 /OUTPUT 1 "start_ad1_driver";
    .port_info 11 /OUTPUT 1 "ready";
P_0x6254ff04f6b0 .param/l "scaling_factor" 1 6 27, C4<00000000001101001101>;
L_0x6254ff02efd0 .functor NOT 1, v0x6254ff051720_0, C4<0>, C4<0>, C4<0>;
L_0x6254ff029c50 .functor AND 1, L_0x6254ff02efd0, L_0x6254ff06bc20, C4<1>, C4<1>;
L_0x6254fefc9ab0 .functor NOT 1, v0x6254ff052340_0, C4<0>, C4<0>, C4<0>;
L_0x6254ff06c1e0 .functor AND 1, L_0x6254fefc9ab0, L_0x6254ff06c660, C4<1>, C4<1>;
L_0x6254ff06c320 .functor NOT 1, v0x6254ff052540_0, C4<0>, C4<0>, C4<0>;
L_0x6254ff06c390 .functor AND 1, L_0x6254ff06c320, L_0x6254ff06c870, C4<1>, C4<1>;
L_0x6254ff06cd70 .functor AND 1, L_0x6254ff06cc40, L_0x6254ff06bc20, C4<1>, C4<1>;
L_0x6254ff06cde0 .functor AND 1, L_0x6254ff06c660, v0x6254ff05b350_0, C4<1>, C4<1>;
L_0x6254ff06cf30 .functor OR 1, L_0x6254ff06cd70, L_0x6254ff06cde0, C4<0>, C4<0>;
L_0x6254ff06d030 .functor BUFZ 1, L_0x6254ff06c870, C4<0>, C4<0>, C4<0>;
L_0x6254ff06d190 .functor AND 1, L_0x6254ff06c660, L_0x6254ff06c390, C4<1>, C4<1>;
L_0x6254ff06d200 .functor BUFZ 1, L_0x6254ff06c390, C4<0>, C4<0>, C4<0>;
v0x6254ff050ee0_0 .net *"_ivl_0", 0 0, L_0x6254ff02efd0;  1 drivers
v0x6254ff050fe0_0 .net *"_ivl_12", 31 0, L_0x6254ff06c9b0;  1 drivers
L_0x7e147989f378 .functor BUFT 1, C4<00000000000000000000>, C4<0>, C4<0>, C4<0>;
v0x6254ff0510c0_0 .net *"_ivl_15", 19 0, L_0x7e147989f378;  1 drivers
L_0x7e147989f3c0 .functor BUFT 1, C4<00000000000000000000001101001101>, C4<0>, C4<0>, C4<0>;
v0x6254ff051180_0 .net/2u *"_ivl_16", 31 0, L_0x7e147989f3c0;  1 drivers
v0x6254ff051260_0 .net *"_ivl_21", 0 0, L_0x6254ff06cc40;  1 drivers
v0x6254ff051320_0 .net *"_ivl_23", 0 0, L_0x6254ff06cd70;  1 drivers
v0x6254ff0513e0_0 .net *"_ivl_25", 0 0, L_0x6254ff06cde0;  1 drivers
v0x6254ff0514a0_0 .net *"_ivl_4", 0 0, L_0x6254fefc9ab0;  1 drivers
v0x6254ff051580_0 .net *"_ivl_8", 0 0, L_0x6254ff06c320;  1 drivers
v0x6254ff051660_0 .net "ad1_driver_ready", 0 0, L_0x6254ff06bc20;  alias, 1 drivers
v0x6254ff051720_0 .var "ad1_driver_ready_reg", 0 0;
v0x6254ff0517e0_0 .net "ad1_driver_ready_rising", 0 0, L_0x6254ff029c50;  1 drivers
v0x6254ff051880_0 .net "clk", 0 0, v0x6254ff05ae10_0;  alias, 1 drivers
v0x6254ff051970_0 .net "data0", 11 0, v0x6254ff054b70_0;  alias, 1 drivers
v0x6254ff051a50_0 .net "data0_by_scaling_factor", 31 0, L_0x6254ff06cad0;  1 drivers
v0x6254ff051b30_0 .var "data0_q2_12", 13 0;
v0x6254ff051c10_0 .var "data0_reg", 11 0;
v0x6254ff051cf0_0 .net "data1", 11 0, v0x6254ff054c30_0;  alias, 1 drivers
v0x6254ff051dd0_0 .var "data1_reg", 11 0;
v0x6254ff051eb0_0 .net "data_q2_12", 13 0, v0x6254ff051b30_0;  alias, 1 drivers
v0x6254ff051f90_0 .net "last_sample", 0 0, L_0x6254ff06d190;  alias, 1 drivers
v0x6254ff052050_0 .net "n_samples", 9 0, v0x6254ff05b0d0_0;  alias, 1 drivers
v0x6254ff052110_0 .net "ready", 0 0, L_0x6254ff06d030;  1 drivers
v0x6254ff0521b0_0 .net "rst", 0 0, v0x6254ff05b210_0;  alias, 1 drivers
v0x6254ff0522a0_0 .net "samples_fsm_ready", 0 0, L_0x6254ff06c660;  1 drivers
v0x6254ff052340_0 .var "samples_fsm_ready_reg", 0 0;
v0x6254ff0523e0_0 .net "samples_fsm_ready_rising", 0 0, L_0x6254ff06c1e0;  1 drivers
v0x6254ff0524a0_0 .net "scale_pipe_fsm_ready", 0 0, L_0x6254ff06c870;  1 drivers
v0x6254ff052540_0 .var "scale_pipe_fsm_ready_reg", 0 0;
v0x6254ff0525e0_0 .net "scale_pipe_fsm_ready_rising", 0 0, L_0x6254ff06c390;  1 drivers
v0x6254ff0526a0_0 .net "start", 0 0, v0x6254ff05b350_0;  alias, 1 drivers
v0x6254ff052740_0 .net "start_ad1_driver", 0 0, L_0x6254ff06cf30;  alias, 1 drivers
v0x6254ff0527e0_0 .net "start_metrics", 0 0, L_0x6254ff06d200;  alias, 1 drivers
L_0x6254ff06c9b0 .concat [ 12 20 0 0], v0x6254ff051c10_0, L_0x7e147989f378;
L_0x6254ff06cad0 .arith/mult 32, L_0x6254ff06c9b0, L_0x7e147989f3c0;
L_0x6254ff06cc40 .reduce/nor L_0x6254ff06c660;
S_0x6254ff04f8a0 .scope module, "fsm_samples" "samples_fsm" 6 49, 7 1 0, S_0x6254ff04f4b0;
 .timescale 0 0;
    .port_info 0 /INPUT 1 "clk";
    .port_info 1 /INPUT 1 "rst";
    .port_info 2 /INPUT 1 "start";
    .port_info 3 /INPUT 10 "n_samples";
    .port_info 4 /INPUT 1 "ad1_driver_ready_rising";
    .port_info 5 /OUTPUT 1 "ready";
v0x6254ff029d70_0 .net *"_ivl_0", 31 0, L_0x6254ff06c4e0;  1 drivers
L_0x7e147989f258 .functor BUFT 1, C4<000000000000000000000>, C4<0>, C4<0>, C4<0>;
v0x6254ff04fb60_0 .net *"_ivl_3", 20 0, L_0x7e147989f258;  1 drivers
L_0x7e147989f2a0 .functor BUFT 1, C4<00000000000000000000000000000000>, C4<0>, C4<0>, C4<0>;
v0x6254ff04fc40_0 .net/2u *"_ivl_4", 31 0, L_0x7e147989f2a0;  1 drivers
v0x6254ff04fd00_0 .net "ad1_driver_ready_rising", 0 0, L_0x6254ff029c50;  alias, 1 drivers
v0x6254ff04fdc0_0 .net "clk", 0 0, v0x6254ff05ae10_0;  alias, 1 drivers
v0x6254ff04fed0_0 .var "current_state", 10 0;
v0x6254ff04ffb0_0 .net "n_samples", 9 0, v0x6254ff05b0d0_0;  alias, 1 drivers
v0x6254ff050090_0 .var "next_state", 10 0;
v0x6254ff050170_0 .net "ready", 0 0, L_0x6254ff06c660;  alias, 1 drivers
v0x6254ff050230_0 .net "rst", 0 0, v0x6254ff05b210_0;  alias, 1 drivers
v0x6254ff0502f0_0 .net "start", 0 0, v0x6254ff05b350_0;  alias, 1 drivers
E_0x6254ff03acf0 .event edge, v0x6254ff04fed0_0, v0x6254ff04ffb0_0, v0x6254ff04fd00_0;
E_0x6254ff03b190 .event posedge, v0x6254ff04fdc0_0;
L_0x6254ff06c4e0 .concat [ 11 21 0 0], v0x6254ff04fed0_0, L_0x7e147989f258;
L_0x6254ff06c660 .cmp/eq 32, L_0x6254ff06c4e0, L_0x7e147989f2a0;
S_0x6254ff050470 .scope module, "fsm_scale_pipe" "scale_pipe_fsm" 6 58, 8 1 0, S_0x6254ff04f4b0;
 .timescale 0 0;
    .port_info 0 /INPUT 1 "clk";
    .port_info 1 /INPUT 1 "rst";
    .port_info 2 /INPUT 1 "ad1_driver_ready_rising";
    .port_info 3 /OUTPUT 1 "ready";
P_0x6254ff050620 .param/l "STAGES" 1 8 9, +C4<00000000000000000000000000000001>;
v0x6254ff0506e0_0 .net *"_ivl_0", 31 0, L_0x6254ff06c750;  1 drivers
L_0x7e147989f2e8 .functor BUFT 1, C4<000000000000000000000000000000>, C4<0>, C4<0>, C4<0>;
v0x6254ff0507e0_0 .net *"_ivl_3", 29 0, L_0x7e147989f2e8;  1 drivers
L_0x7e147989f330 .functor BUFT 1, C4<00000000000000000000000000000000>, C4<0>, C4<0>, C4<0>;
v0x6254ff0508c0_0 .net/2u *"_ivl_4", 31 0, L_0x7e147989f330;  1 drivers
v0x6254ff050980_0 .net "ad1_driver_ready_rising", 0 0, L_0x6254ff029c50;  alias, 1 drivers
v0x6254ff050a50_0 .net "clk", 0 0, v0x6254ff05ae10_0;  alias, 1 drivers
v0x6254ff050b40_0 .var "current_state", 1 0;
v0x6254ff050be0_0 .var "next_state", 1 0;
v0x6254ff050cc0_0 .net "ready", 0 0, L_0x6254ff06c870;  alias, 1 drivers
v0x6254ff050d80_0 .net "rst", 0 0, v0x6254ff05b210_0;  alias, 1 drivers
E_0x6254fefb3130 .event edge, v0x6254ff050b40_0, v0x6254ff04fd00_0;
L_0x6254ff06c750 .concat [ 2 30 0 0], v0x6254ff050b40_0, L_0x7e147989f2e8;
L_0x6254ff06c870 .cmp/eq 32, L_0x6254ff06c750, L_0x7e147989f330;
S_0x6254ff052c30 .scope module, "ad1_thread_inst" "ad1_thread" 5 27, 9 1 0, S_0x6254ff04f180;
 .timescale 0 0;
    .port_info 0 /INPUT 1 "clk";
    .port_info 1 /INPUT 1 "rst";
    .port_info 2 /INPUT 1 "start";
    .port_info 3 /OUTPUT 1 "ready";
    .port_info 4 /OUTPUT 12 "data0";
    .port_info 5 /OUTPUT 12 "data1";
    .port_info 6 /INPUT 1 "d0";
    .port_info 7 /INPUT 1 "d1";
    .port_info 8 /OUTPUT 1 "cs";
    .port_info 9 /OUTPUT 1 "sclk";
v0x6254ff0553b0_0 .net "ad1_driver_divclk", 0 0, L_0x6254ff06b530;  1 drivers
v0x6254ff055470_0 .net "clk", 0 0, v0x6254ff05ae10_0;  alias, 1 drivers
v0x6254ff055530_0 .net "cs", 0 0, L_0x6254ff06c010;  alias, 1 drivers
v0x6254ff055600_0 .net "d0", 0 0, v0x6254ff05af90_0;  alias, 1 drivers
v0x6254ff0556d0_0 .net "d1", 0 0, v0x6254ff05b030_0;  alias, 1 drivers
v0x6254ff055770_0 .net "data0", 11 0, v0x6254ff054b70_0;  alias, 1 drivers
v0x6254ff055810_0 .net "data1", 11 0, v0x6254ff054c30_0;  alias, 1 drivers
v0x6254ff055900_0 .net "ready", 0 0, L_0x6254ff06bc20;  alias, 1 drivers
v0x6254ff0559f0_0 .net "rst", 0 0, v0x6254ff05b210_0;  alias, 1 drivers
v0x6254ff055b20_0 .net "sclk", 0 0, v0x6254ff054fe0_0;  alias, 1 drivers
v0x6254ff055bc0_0 .net "start", 0 0, L_0x6254ff06cf30;  alias, 1 drivers
S_0x6254ff052f30 .scope module, "ad1_driver_clk" "clk_divider" 9 17, 10 1 0, S_0x6254ff052c30;
 .timescale 0 0;
    .port_info 0 /INPUT 1 "clk";
    .port_info 1 /INPUT 1 "rst";
    .port_info 2 /OUTPUT 1 "divclk";
P_0x6254ff039380 .param/l "COUNTER_WIDTH" 0 10 2, +C4<00000000000000000000000000000010>;
P_0x6254ff0393c0 .param/l "PERIOD" 0 10 3, +C4<00000000000000000000000000000100>;
v0x6254ff053310_0 .net *"_ivl_0", 31 0, L_0x6254ff05b480;  1 drivers
L_0x7e147989f018 .functor BUFT 1, C4<000000000000000000000000000000>, C4<0>, C4<0>, C4<0>;
v0x6254ff053410_0 .net *"_ivl_3", 29 0, L_0x7e147989f018;  1 drivers
L_0x7e147989f060 .functor BUFT 1, C4<00000000000000000000000000000011>, C4<0>, C4<0>, C4<0>;
v0x6254ff0534f0_0 .net/2u *"_ivl_4", 31 0, L_0x7e147989f060;  1 drivers
v0x6254ff0535e0_0 .net "clk", 0 0, v0x6254ff05ae10_0;  alias, 1 drivers
v0x6254ff053680_0 .var "counter", 1 0;
v0x6254ff0537b0_0 .net "divclk", 0 0, L_0x6254ff06b530;  alias, 1 drivers
v0x6254ff053870_0 .net "rst", 0 0, v0x6254ff05b210_0;  alias, 1 drivers
L_0x6254ff05b480 .concat [ 2 30 0 0], v0x6254ff053680_0, L_0x7e147989f018;
L_0x6254ff06b530 .cmp/eq 32, L_0x6254ff05b480, L_0x7e147989f060;
S_0x6254ff053990 .scope module, "ad1_driver_inst" "ad1_driver" 9 23, 11 1 0, S_0x6254ff052c30;
 .timescale 0 0;
    .port_info 0 /INPUT 1 "rst";
    .port_info 1 /INPUT 1 "clk";
    .port_info 2 /INPUT 1 "divclk";
    .port_info 3 /INPUT 1 "start";
    .port_info 4 /OUTPUT 1 "ready";
    .port_info 5 /OUTPUT 12 "data0";
    .port_info 6 /OUTPUT 12 "data1";
    .port_info 7 /INPUT 1 "d0";
    .port_info 8 /INPUT 1 "d1";
    .port_info 9 /OUTPUT 1 "cs";
    .port_info 10 /OUTPUT 1 "sclk";
L_0x6254ff023020 .functor NOT 1, v0x6254ff054fe0_0, C4<0>, C4<0>, C4<0>;
L_0x6254ff02e2d0 .functor AND 1, L_0x6254ff06b530, L_0x6254ff023020, C4<1>, C4<1>;
v0x6254ff053bd0_0 .net *"_ivl_0", 0 0, L_0x6254ff023020;  1 drivers
v0x6254ff053cd0_0 .net *"_ivl_10", 0 0, L_0x6254ff06b830;  1 drivers
v0x6254ff053d90_0 .net *"_ivl_14", 31 0, L_0x6254ff06ba60;  1 drivers
L_0x7e147989f138 .functor BUFT 1, C4<0000000000000000000000000000>, C4<0>, C4<0>, C4<0>;
v0x6254ff053e50_0 .net *"_ivl_17", 27 0, L_0x7e147989f138;  1 drivers
L_0x7e147989f180 .functor BUFT 1, C4<00000000000000000000000000000000>, C4<0>, C4<0>, C4<0>;
v0x6254ff053f30_0 .net/2u *"_ivl_18", 31 0, L_0x7e147989f180;  1 drivers
v0x6254ff054060_0 .net *"_ivl_22", 31 0, L_0x6254ff06bda0;  1 drivers
L_0x7e147989f1c8 .functor BUFT 1, C4<0000000000000000000000000000>, C4<0>, C4<0>, C4<0>;
v0x6254ff054140_0 .net *"_ivl_25", 27 0, L_0x7e147989f1c8;  1 drivers
L_0x7e147989f210 .functor BUFT 1, C4<00000000000000000000000000000000>, C4<0>, C4<0>, C4<0>;
v0x6254ff054220_0 .net/2u *"_ivl_26", 31 0, L_0x7e147989f210;  1 drivers
v0x6254ff054300_0 .net *"_ivl_28", 0 0, L_0x6254ff06bed0;  1 drivers
v0x6254ff0543c0_0 .net *"_ivl_4", 31 0, L_0x6254ff06b790;  1 drivers
L_0x7e147989f0a8 .functor BUFT 1, C4<0000000000000000000000000000>, C4<0>, C4<0>, C4<0>;
v0x6254ff0544a0_0 .net *"_ivl_7", 27 0, L_0x7e147989f0a8;  1 drivers
L_0x7e147989f0f0 .functor BUFT 1, C4<00000000000000000000000000000000>, C4<0>, C4<0>, C4<0>;
v0x6254ff054580_0 .net/2u *"_ivl_8", 31 0, L_0x7e147989f0f0;  1 drivers
v0x6254ff054660_0 .net "clk", 0 0, v0x6254ff05ae10_0;  alias, 1 drivers
v0x6254ff054790_0 .net "clk_en", 0 0, L_0x6254ff02e2d0;  1 drivers
v0x6254ff054850_0 .net "cs", 0 0, L_0x6254ff06c010;  alias, 1 drivers
v0x6254ff054910_0 .var "current_state", 3 0;
v0x6254ff0549f0_0 .net "d0", 0 0, v0x6254ff05af90_0;  alias, 1 drivers
v0x6254ff054ab0_0 .net "d1", 0 0, v0x6254ff05b030_0;  alias, 1 drivers
v0x6254ff054b70_0 .var "data0", 11 0;
v0x6254ff054c30_0 .var "data1", 11 0;
v0x6254ff054d00_0 .net "divclk", 0 0, L_0x6254ff06b530;  alias, 1 drivers
v0x6254ff054dd0_0 .var "next_state", 3 0;
v0x6254ff054e70_0 .net "ready", 0 0, L_0x6254ff06bc20;  alias, 1 drivers
v0x6254ff054f40_0 .net "rst", 0 0, v0x6254ff05b210_0;  alias, 1 drivers
v0x6254ff054fe0_0 .var "sclk", 0 0;
v0x6254ff055080_0 .net "shift", 0 0, L_0x6254ff06b970;  1 drivers
v0x6254ff055140_0 .net "start", 0 0, L_0x6254ff06cf30;  alias, 1 drivers
E_0x6254ff053b70 .event edge, v0x6254ff054910_0, v0x6254ff052740_0;
L_0x6254ff06b790 .concat [ 4 28 0 0], v0x6254ff054910_0, L_0x7e147989f0a8;
L_0x6254ff06b830 .cmp/eq 32, L_0x6254ff06b790, L_0x7e147989f0f0;
L_0x6254ff06b970 .reduce/nor L_0x6254ff06b830;
L_0x6254ff06ba60 .concat [ 4 28 0 0], v0x6254ff054910_0, L_0x7e147989f138;
L_0x6254ff06bc20 .cmp/eq 32, L_0x6254ff06ba60, L_0x7e147989f180;
L_0x6254ff06bda0 .concat [ 4 28 0 0], v0x6254ff054910_0, L_0x7e147989f1c8;
L_0x6254ff06bed0 .cmp/eq 32, L_0x6254ff06bda0, L_0x7e147989f210;
L_0x6254ff06c010 .reduce/nor L_0x6254ff06bed0;
S_0x6254ff055d20 .scope module, "processing_thread_inst" "processing_thread" 5 55, 12 1 0, S_0x6254ff04f180;
 .timescale 0 0;
    .port_info 0 /INPUT 1 "clk";
    .port_info 1 /INPUT 1 "rst";
    .port_info 2 /INPUT 1 "start";
    .port_info 3 /INPUT 1 "last_sample";
    .port_info 4 /INPUT 14 "data_in";
    .port_info 5 /OUTPUT 1 "ready";
L_0x6254ff06d350 .functor AND 1, L_0x6254ff06d780, L_0x6254ff06dc80, C4<1>, C4<1>;
v0x6254ff059840_0 .net "clk", 0 0, v0x6254ff05ae10_0;  alias, 1 drivers
v0x6254ff059900_0 .net "data_in", 13 0, v0x6254ff051b30_0;  alias, 1 drivers
v0x6254ff0599c0_0 .net "last_sample", 0 0, L_0x6254ff06d190;  alias, 1 drivers
v0x6254ff059a90_0 .net "mean_ready", 0 0, L_0x6254ff06dc80;  1 drivers
v0x6254ff059b30_0 .net "ready", 0 0, L_0x6254ff06d350;  1 drivers
v0x6254ff059c20_0 .net "rms_ready", 0 0, L_0x6254ff06d780;  1 drivers
v0x6254ff059d10_0 .net "rst", 0 0, v0x6254ff05b210_0;  alias, 1 drivers
v0x6254ff059db0_0 .net "start", 0 0, L_0x6254ff06d200;  alias, 1 drivers
S_0x6254ff055fe0 .scope module, "mean_inst" "mean" 12 23, 13 1 0, S_0x6254ff055d20;
 .timescale 0 0;
    .port_info 0 /INPUT 1 "clk";
    .port_info 1 /INPUT 1 "rst";
    .port_info 2 /INPUT 1 "start";
    .port_info 3 /INPUT 1 "last_sample";
    .port_info 4 /INPUT 14 "data_in";
    .port_info 5 /OUTPUT 1 "ready";
v0x6254ff056f80_0 .var "acc_data_in", 23 0;
v0x6254ff057080_0 .net "acc_en", 0 0, L_0x6254ff06db40;  1 drivers
v0x6254ff057140_0 .net "clk", 0 0, v0x6254ff05ae10_0;  alias, 1 drivers
v0x6254ff057210_0 .net "data_in", 13 0, v0x6254ff051b30_0;  alias, 1 drivers
v0x6254ff0572e0_0 .net "last_sample", 0 0, L_0x6254ff06d190;  alias, 1 drivers
v0x6254ff057380_0 .var "last_sample_reg0", 0 0;
v0x6254ff057450_0 .net "ready", 0 0, L_0x6254ff06dc80;  alias, 1 drivers
v0x6254ff057520_0 .net "rst", 0 0, v0x6254ff05b210_0;  alias, 1 drivers
v0x6254ff0575c0_0 .net "start", 0 0, L_0x6254ff06d200;  alias, 1 drivers
S_0x6254ff0562a0 .scope module, "fsm_mean" "mean_fsm" 13 16, 14 1 0, S_0x6254ff055fe0;
 .timescale 0 0;
    .port_info 0 /INPUT 1 "clk";
    .port_info 1 /INPUT 1 "rst";
    .port_info 2 /INPUT 1 "start";
    .port_info 3 /INPUT 1 "last_sample";
    .port_info 4 /OUTPUT 1 "acc_en";
    .port_info 5 /OUTPUT 1 "ready";
enum0x6254fefb7e30 .enum2/s (32)
   "IDLE" 0,
   "ACC" 1,
   "DIV" 2
 ;
L_0x7e147989f570 .functor BUFT 1, C4<00000000000000000000000000000001>, C4<0>, C4<0>, C4<0>;
v0x6254ff056620_0 .net/2s *"_ivl_0", 31 0, L_0x7e147989f570;  1 drivers
L_0x7e147989f5b8 .functor BUFT 1, C4<00000000000000000000000000000000>, C4<0>, C4<0>, C4<0>;
v0x6254ff056720_0 .net/2s *"_ivl_4", 31 0, L_0x7e147989f5b8;  1 drivers
v0x6254ff056800_0 .net "acc_en", 0 0, L_0x6254ff06db40;  alias, 1 drivers
v0x6254ff0568a0_0 .net "clk", 0 0, v0x6254ff05ae10_0;  alias, 1 drivers
v0x6254ff056940_0 .var/2s "current_state", 31 0;
v0x6254ff056a70_0 .net "last_sample", 0 0, v0x6254ff057380_0;  1 drivers
v0x6254ff056b30_0 .var/2s "next_state", 31 0;
v0x6254ff056c10_0 .net "ready", 0 0, L_0x6254ff06dc80;  alias, 1 drivers
v0x6254ff056cd0_0 .net "rst", 0 0, v0x6254ff05b210_0;  alias, 1 drivers
v0x6254ff056e00_0 .net "start", 0 0, L_0x6254ff06d200;  alias, 1 drivers
E_0x6254ff056580 .event edge, v0x6254ff056940_0, v0x6254ff0527e0_0, v0x6254ff056a70_0;
L_0x6254ff06db40 .cmp/eq 32, v0x6254ff056940_0, L_0x7e147989f570;
L_0x6254ff06dc80 .cmp/eq 32, v0x6254ff056940_0, L_0x7e147989f5b8;
S_0x6254ff0576f0 .scope module, "rms_inst" "rms" 12 13, 15 1 0, S_0x6254ff055d20;
 .timescale 0 0;
    .port_info 0 /INPUT 1 "clk";
    .port_info 1 /INPUT 1 "rst";
    .port_info 2 /INPUT 1 "start";
    .port_info 3 /INPUT 1 "last_sample";
    .port_info 4 /INPUT 14 "data_in";
    .port_info 5 /OUTPUT 1 "ready";
v0x6254ff0589d0_0 .net *"_ivl_0", 27 0, L_0x6254ff06d820;  1 drivers
L_0x7e147989f4e0 .functor BUFT 1, C4<00000000000000>, C4<0>, C4<0>, C4<0>;
v0x6254ff058ad0_0 .net *"_ivl_3", 13 0, L_0x7e147989f4e0;  1 drivers
v0x6254ff058bb0_0 .net *"_ivl_4", 27 0, L_0x6254ff06d910;  1 drivers
L_0x7e147989f528 .functor BUFT 1, C4<00000000000000>, C4<0>, C4<0>, C4<0>;
v0x6254ff058c70_0 .net *"_ivl_7", 13 0, L_0x7e147989f528;  1 drivers
v0x6254ff058d50_0 .net "acc_en", 0 0, L_0x6254ff06d4e0;  1 drivers
v0x6254ff058df0_0 .var "acc_square_data_in_reg", 37 0;
v0x6254ff058eb0_0 .net "clk", 0 0, v0x6254ff05ae10_0;  alias, 1 drivers
v0x6254ff058f50_0 .net "data_in", 13 0, v0x6254ff051b30_0;  alias, 1 drivers
v0x6254ff059060_0 .net "last_sample", 0 0, L_0x6254ff06d190;  alias, 1 drivers
v0x6254ff059100_0 .var "last_sample_reg0", 0 0;
v0x6254ff0591c0_0 .var "last_sample_reg1", 0 0;
v0x6254ff059260_0 .net "mult_en", 0 0, L_0x6254ff06d3f0;  1 drivers
v0x6254ff059300_0 .net "ready", 0 0, L_0x6254ff06d780;  alias, 1 drivers
v0x6254ff0593d0_0 .net "rst", 0 0, v0x6254ff05b210_0;  alias, 1 drivers
v0x6254ff059470_0 .net "square_data_in", 27 0, L_0x6254ff06da00;  1 drivers
v0x6254ff059510_0 .var "square_data_in_reg", 27 0;
v0x6254ff0595d0_0 .net "start", 0 0, L_0x6254ff06d200;  alias, 1 drivers
L_0x6254ff06d820 .concat [ 14 14 0 0], v0x6254ff051b30_0, L_0x7e147989f4e0;
L_0x6254ff06d910 .concat [ 14 14 0 0], v0x6254ff051b30_0, L_0x7e147989f528;
L_0x6254ff06da00 .arith/mult 28, L_0x6254ff06d820, L_0x6254ff06d910;
S_0x6254ff057990 .scope module, "fsm_rms" "rms_fsm" 15 17, 16 1 0, S_0x6254ff0576f0;
 .timescale 0 0;
    .port_info 0 /INPUT 1 "clk";
    .port_info 1 /INPUT 1 "rst";
    .port_info 2 /INPUT 1 "start";
    .port_info 3 /INPUT 1 "last_sample";
    .port_info 4 /OUTPUT 1 "mult_en";
    .port_info 5 /OUTPUT 1 "acc_en";
    .port_info 6 /OUTPUT 1 "ready";
enum0x6254fef904e0 .enum2/s (32)
   "IDLE" 0,
   "MULT" 1,
   "ACC" 2,
   "DIV" 3,
   "NR" 4
 ;
L_0x7e147989f408 .functor BUFT 1, C4<00000000000000000000000000000001>, C4<0>, C4<0>, C4<0>;
v0x6254ff057d00_0 .net/2s *"_ivl_0", 31 0, L_0x7e147989f408;  1 drivers
L_0x7e147989f450 .functor BUFT 1, C4<00000000000000000000000000000010>, C4<0>, C4<0>, C4<0>;
v0x6254ff057e00_0 .net/2s *"_ivl_4", 31 0, L_0x7e147989f450;  1 drivers
L_0x7e147989f498 .functor BUFT 1, C4<00000000000000000000000000000000>, C4<0>, C4<0>, C4<0>;
v0x6254ff057ee0_0 .net/2s *"_ivl_8", 31 0, L_0x7e147989f498;  1 drivers
v0x6254ff057fa0_0 .net "acc_en", 0 0, L_0x6254ff06d4e0;  alias, 1 drivers
v0x6254ff058060_0 .net "clk", 0 0, v0x6254ff05ae10_0;  alias, 1 drivers
v0x6254ff058260_0 .var/2s "current_state", 31 0;
v0x6254ff058340_0 .net "last_sample", 0 0, v0x6254ff0591c0_0;  1 drivers
v0x6254ff058400_0 .net "mult_en", 0 0, L_0x6254ff06d3f0;  alias, 1 drivers
v0x6254ff0584c0_0 .var/2s "next_state", 31 0;
v0x6254ff0585a0_0 .net "ready", 0 0, L_0x6254ff06d780;  alias, 1 drivers
v0x6254ff058660_0 .net "rst", 0 0, v0x6254ff05b210_0;  alias, 1 drivers
v0x6254ff058810_0 .net "start", 0 0, L_0x6254ff06d200;  alias, 1 drivers
E_0x6254ff057c60 .event edge, v0x6254ff058260_0, v0x6254ff0527e0_0, v0x6254ff058340_0;
L_0x6254ff06d3f0 .cmp/eq 32, v0x6254ff058260_0, L_0x7e147989f408;
L_0x6254ff06d4e0 .cmp/eq 32, v0x6254ff058260_0, L_0x7e147989f450;
L_0x6254ff06d780 .cmp/eq 32, v0x6254ff058260_0, L_0x7e147989f498;
    .scope S_0x6254ff02d540;
T_0 ;
    %wait E_0x6254fefc9820;
    %load/vec4 v0x6254ff02e3f0_0;
    %flag_set/vec4 8;
    %jmp/0xz  T_0.0, 8;
    %pushi/vec4 0, 0, 8;
    %assign/vec4 v0x6254ff024910_0, 0;
    %jmp T_0.1;
T_0.0 ;
    %load/vec4 v0x6254ff01e6e0_0;
    %flag_set/vec4 8;
    %jmp/0xz  T_0.2, 8;
    %load/vec4 v0x6254ff023140_0;
    %assign/vec4 v0x6254ff024910_0, 0;
T_0.2 ;
T_0.1 ;
    %jmp T_0;
    .thread T_0;
    .scope S_0x6254ff052f30;
T_1 ;
    %wait E_0x6254ff03b190;
    %load/vec4 v0x6254ff053870_0;
    %flag_set/vec4 8;
    %jmp/0xz  T_1.0, 8;
    %pushi/vec4 0, 0, 2;
    %assign/vec4 v0x6254ff053680_0, 0;
    %jmp T_1.1;
T_1.0 ;
    %load/vec4 v0x6254ff053680_0;
    %pad/u 32;
    %cmpi/u 3, 0, 32;
    %flag_inv 5; GE is !LT
    %jmp/0xz  T_1.2, 5;
    %pushi/vec4 0, 0, 2;
    %assign/vec4 v0x6254ff053680_0, 0;
    %jmp T_1.3;
T_1.2 ;
    %load/vec4 v0x6254ff053680_0;
    %addi 1, 0, 2;
    %assign/vec4 v0x6254ff053680_0, 0;
T_1.3 ;
T_1.1 ;
    %jmp T_1;
    .thread T_1;
    .scope S_0x6254ff053990;
T_2 ;
    %wait E_0x6254ff03b190;
    %load/vec4 v0x6254ff054f40_0;
    %flag_set/vec4 8;
    %jmp/0xz  T_2.0, 8;
    %pushi/vec4 1, 0, 1;
    %assign/vec4 v0x6254ff054fe0_0, 0;
    %jmp T_2.1;
T_2.0 ;
    %load/vec4 v0x6254ff054d00_0;
    %flag_set/vec4 8;
    %jmp/0xz  T_2.2, 8;
    %load/vec4 v0x6254ff054fe0_0;
    %inv;
    %assign/vec4 v0x6254ff054fe0_0, 0;
T_2.2 ;
T_2.1 ;
    %jmp T_2;
    .thread T_2;
    .scope S_0x6254ff053990;
T_3 ;
    %wait E_0x6254ff03b190;
    %load/vec4 v0x6254ff054f40_0;
    %flag_set/vec4 8;
    %jmp/0xz  T_3.0, 8;
    %pushi/vec4 0, 0, 4;
    %assign/vec4 v0x6254ff054910_0, 0;
    %jmp T_3.1;
T_3.0 ;
    %load/vec4 v0x6254ff054790_0;
    %flag_set/vec4 8;
    %jmp/0xz  T_3.2, 8;
    %load/vec4 v0x6254ff054dd0_0;
    %assign/vec4 v0x6254ff054910_0, 0;
T_3.2 ;
T_3.1 ;
    %jmp T_3;
    .thread T_3;
    .scope S_0x6254ff053990;
T_4 ;
Ewait_0 .event/or E_0x6254ff053b70, E_0x0;
    %wait Ewait_0;
    %load/vec4 v0x6254ff054910_0;
    %store/vec4 v0x6254ff054dd0_0, 0, 4;
    %load/vec4 v0x6254ff054910_0;
    %pad/u 32;
    %cmpi/e 0, 0, 32;
    %jmp/0xz  T_4.0, 4;
    %load/vec4 v0x6254ff055140_0;
    %flag_set/vec4 8;
    %jmp/0xz  T_4.2, 8;
    %pushi/vec4 1, 0, 4;
    %store/vec4 v0x6254ff054dd0_0, 0, 4;
T_4.2 ;
    %jmp T_4.1;
T_4.0 ;
    %load/vec4 v0x6254ff054910_0;
    %pad/u 32;
    %cmpi/u 15, 0, 32;
    %jmp/0xz  T_4.4, 5;
    %load/vec4 v0x6254ff054910_0;
    %addi 1, 0, 4;
    %store/vec4 v0x6254ff054dd0_0, 0, 4;
    %jmp T_4.5;
T_4.4 ;
    %pushi/vec4 0, 0, 4;
    %store/vec4 v0x6254ff054dd0_0, 0, 4;
T_4.5 ;
T_4.1 ;
    %jmp T_4;
    .thread T_4, $push;
    .scope S_0x6254ff053990;
T_5 ;
    %wait E_0x6254ff03b190;
    %load/vec4 v0x6254ff054790_0;
    %load/vec4 v0x6254ff055080_0;
    %and;
    %flag_set/vec4 8;
    %jmp/0xz  T_5.0, 8;
    %load/vec4 v0x6254ff054b70_0;
    %load/vec4 v0x6254ff0549f0_0;
    %concat/vec4; draw_concat_vec4
    %pad/u 12;
    %assign/vec4 v0x6254ff054b70_0, 0;
    %load/vec4 v0x6254ff054c30_0;
    %load/vec4 v0x6254ff054ab0_0;
    %concat/vec4; draw_concat_vec4
    %pad/u 12;
    %assign/vec4 v0x6254ff054c30_0, 0;
T_5.0 ;
    %jmp T_5;
    .thread T_5;
    .scope S_0x6254ff04f8a0;
T_6 ;
    %wait E_0x6254ff03b190;
    %load/vec4 v0x6254ff050230_0;
    %flag_set/vec4 8;
    %jmp/0xz  T_6.0, 8;
    %pushi/vec4 0, 0, 11;
    %assign/vec4 v0x6254ff04fed0_0, 0;
    %jmp T_6.1;
T_6.0 ;
    %load/vec4 v0x6254ff050090_0;
    %assign/vec4 v0x6254ff04fed0_0, 0;
T_6.1 ;
    %jmp T_6;
    .thread T_6;
    .scope S_0x6254ff04f8a0;
T_7 ;
Ewait_1 .event/or E_0x6254ff03acf0, E_0x0;
    %wait Ewait_1;
    %load/vec4 v0x6254ff04fed0_0;
    %store/vec4 v0x6254ff050090_0, 0, 11;
    %load/vec4 v0x6254ff04ffb0_0;
    %pad/u 11;
    %load/vec4 v0x6254ff04fed0_0;
    %cmp/u;
    %flag_or 5, 4;
    %jmp/0xz  T_7.0, 5;
    %load/vec4 v0x6254ff04fd00_0;
    %flag_set/vec4 8;
    %jmp/0xz  T_7.2, 8;
    %pushi/vec4 0, 0, 11;
    %store/vec4 v0x6254ff050090_0, 0, 11;
T_7.2 ;
    %jmp T_7.1;
T_7.0 ;
    %load/vec4 v0x6254ff04fd00_0;
    %flag_set/vec4 8;
    %jmp/0xz  T_7.4, 8;
    %load/vec4 v0x6254ff04fed0_0;
    %addi 1, 0, 11;
    %store/vec4 v0x6254ff050090_0, 0, 11;
T_7.4 ;
T_7.1 ;
    %jmp T_7;
    .thread T_7, $push;
    .scope S_0x6254ff050470;
T_8 ;
    %wait E_0x6254ff03b190;
    %load/vec4 v0x6254ff050d80_0;
    %flag_set/vec4 8;
    %jmp/0xz  T_8.0, 8;
    %pushi/vec4 0, 0, 2;
    %assign/vec4 v0x6254ff050b40_0, 0;
    %jmp T_8.1;
T_8.0 ;
    %load/vec4 v0x6254ff050be0_0;
    %assign/vec4 v0x6254ff050b40_0, 0;
T_8.1 ;
    %jmp T_8;
    .thread T_8;
    .scope S_0x6254ff050470;
T_9 ;
Ewait_2 .event/or E_0x6254fefb3130, E_0x0;
    %wait Ewait_2;
    %load/vec4 v0x6254ff050b40_0;
    %store/vec4 v0x6254ff050be0_0, 0, 2;
    %load/vec4 v0x6254ff050b40_0;
    %pad/u 32;
    %cmpi/u 1, 0, 32;
    %flag_inv 5; GE is !LT
    %jmp/0xz  T_9.0, 5;
    %pushi/vec4 0, 0, 2;
    %store/vec4 v0x6254ff050be0_0, 0, 2;
    %jmp T_9.1;
T_9.0 ;
    %load/vec4 v0x6254ff050b40_0;
    %pad/u 32;
    %cmpi/u 1, 0, 32;
    %flag_inv 5; GE is !LT
    %jmp/0xz  T_9.2, 5;
    %load/vec4 v0x6254ff050be0_0;
    %addi 1, 0, 2;
    %store/vec4 v0x6254ff050be0_0, 0, 2;
    %jmp T_9.3;
T_9.2 ;
    %load/vec4 v0x6254ff050980_0;
    %flag_set/vec4 8;
    %jmp/0xz  T_9.4, 8;
    %pushi/vec4 1, 0, 2;
    %store/vec4 v0x6254ff050be0_0, 0, 2;
T_9.4 ;
T_9.3 ;
T_9.1 ;
    %jmp T_9;
    .thread T_9, $push;
    .scope S_0x6254ff04f4b0;
T_10 ;
    %wait E_0x6254ff03b190;
    %load/vec4 v0x6254ff0521b0_0;
    %flag_set/vec4 8;
    %jmp/0xz  T_10.0, 8;
    %pushi/vec4 0, 0, 1;
    %assign/vec4 v0x6254ff051720_0, 0;
    %pushi/vec4 0, 0, 1;
    %assign/vec4 v0x6254ff052340_0, 0;
    %pushi/vec4 0, 0, 1;
    %assign/vec4 v0x6254ff052540_0, 0;
    %jmp T_10.1;
T_10.0 ;
    %load/vec4 v0x6254ff051660_0;
    %assign/vec4 v0x6254ff051720_0, 0;
    %load/vec4 v0x6254ff0522a0_0;
    %assign/vec4 v0x6254ff052340_0, 0;
    %load/vec4 v0x6254ff0524a0_0;
    %assign/vec4 v0x6254ff052540_0, 0;
T_10.1 ;
    %jmp T_10;
    .thread T_10;
    .scope S_0x6254ff04f4b0;
T_11 ;
    %wait E_0x6254ff03b190;
    %load/vec4 v0x6254ff0521b0_0;
    %flag_set/vec4 8;
    %jmp/0xz  T_11.0, 8;
    %pushi/vec4 0, 0, 12;
    %assign/vec4 v0x6254ff051c10_0, 0;
    %pushi/vec4 0, 0, 12;
    %assign/vec4 v0x6254ff051dd0_0, 0;
    %jmp T_11.1;
T_11.0 ;
    %load/vec4 v0x6254ff0517e0_0;
    %flag_set/vec4 8;
    %jmp/0xz  T_11.2, 8;
    %load/vec4 v0x6254ff051970_0;
    %assign/vec4 v0x6254ff051c10_0, 0;
    %load/vec4 v0x6254ff051cf0_0;
    %assign/vec4 v0x6254ff051dd0_0, 0;
T_11.2 ;
    %load/vec4 v0x6254ff051a50_0;
    %parti/s 14, 8, 5;
    %assign/vec4 v0x6254ff051b30_0, 0;
T_11.1 ;
    %jmp T_11;
    .thread T_11;
    .scope S_0x6254ff057990;
T_12 ;
    %wait E_0x6254ff03b190;
    %load/vec4 v0x6254ff058660_0;
    %flag_set/vec4 8;
    %jmp/0xz  T_12.0, 8;
    %pushi/vec4 0, 0, 32;
    %assign/vec4 v0x6254ff058260_0, 0;
    %jmp T_12.1;
T_12.0 ;
    %load/vec4 v0x6254ff0584c0_0;
    %assign/vec4 v0x6254ff058260_0, 0;
T_12.1 ;
    %jmp T_12;
    .thread T_12;
    .scope S_0x6254ff057990;
T_13 ;
Ewait_3 .event/or E_0x6254ff057c60, E_0x0;
    %wait Ewait_3;
    %load/vec4 v0x6254ff058260_0;
    %store/vec4 v0x6254ff0584c0_0, 0, 32;
    %load/vec4 v0x6254ff058260_0;
    %dup/vec4;
    %pushi/vec4 0, 0, 32;
    %cmp/u;
    %jmp/1 T_13.0, 6;
    %dup/vec4;
    %pushi/vec4 1, 0, 32;
    %cmp/u;
    %jmp/1 T_13.1, 6;
    %dup/vec4;
    %pushi/vec4 2, 0, 32;
    %cmp/u;
    %jmp/1 T_13.2, 6;
    %dup/vec4;
    %pushi/vec4 3, 0, 32;
    %cmp/u;
    %jmp/1 T_13.3, 6;
    %dup/vec4;
    %pushi/vec4 4, 0, 32;
    %cmp/u;
    %jmp/1 T_13.4, 6;
    %jmp T_13.5;
T_13.0 ;
    %load/vec4 v0x6254ff058810_0;
    %flag_set/vec4 8;
    %jmp/0xz  T_13.6, 8;
    %pushi/vec4 1, 0, 32;
    %store/vec4 v0x6254ff0584c0_0, 0, 32;
T_13.6 ;
    %jmp T_13.5;
T_13.1 ;
    %pushi/vec4 2, 0, 32;
    %store/vec4 v0x6254ff0584c0_0, 0, 32;
    %jmp T_13.5;
T_13.2 ;
    %load/vec4 v0x6254ff058340_0;
    %flag_set/vec4 8;
    %jmp/0xz  T_13.8, 8;
    %pushi/vec4 3, 0, 32;
    %store/vec4 v0x6254ff0584c0_0, 0, 32;
    %jmp T_13.9;
T_13.8 ;
    %pushi/vec4 0, 0, 32;
    %store/vec4 v0x6254ff0584c0_0, 0, 32;
T_13.9 ;
    %jmp T_13.5;
T_13.3 ;
    %pushi/vec4 4, 0, 32;
    %store/vec4 v0x6254ff0584c0_0, 0, 32;
    %jmp T_13.5;
T_13.4 ;
    %pushi/vec4 0, 0, 32;
    %store/vec4 v0x6254ff0584c0_0, 0, 32;
    %jmp T_13.5;
T_13.5 ;
    %pop/vec4 1;
    %jmp T_13;
    .thread T_13, $push;
    .scope S_0x6254ff0576f0;
T_14 ;
    %wait E_0x6254ff03b190;
    %load/vec4 v0x6254ff0593d0_0;
    %flag_set/vec4 8;
    %jmp/0xz  T_14.0, 8;
    %pushi/vec4 0, 0, 28;
    %assign/vec4 v0x6254ff059510_0, 0;
    %pushi/vec4 0, 0, 38;
    %assign/vec4 v0x6254ff058df0_0, 0;
    %pushi/vec4 0, 0, 1;
    %assign/vec4 v0x6254ff059100_0, 0;
    %pushi/vec4 0, 0, 1;
    %assign/vec4 v0x6254ff0591c0_0, 0;
    %jmp T_14.1;
T_14.0 ;
    %load/vec4 v0x6254ff059260_0;
    %flag_set/vec4 8;
    %jmp/0xz  T_14.2, 8;
    %load/vec4 v0x6254ff059470_0;
    %assign/vec4 v0x6254ff059510_0, 0;
T_14.2 ;
    %load/vec4 v0x6254ff058d50_0;
    %flag_set/vec4 8;
    %jmp/0xz  T_14.4, 8;
    %load/vec4 v0x6254ff058df0_0;
    %load/vec4 v0x6254ff059510_0;
    %pad/u 38;
    %add;
    %assign/vec4 v0x6254ff058df0_0, 0;
T_14.4 ;
    %load/vec4 v0x6254ff059060_0;
    %assign/vec4 v0x6254ff059100_0, 0;
    %load/vec4 v0x6254ff059100_0;
    %assign/vec4 v0x6254ff0591c0_0, 0;
T_14.1 ;
    %jmp T_14;
    .thread T_14;
    .scope S_0x6254ff0562a0;
T_15 ;
    %wait E_0x6254ff03b190;
    %load/vec4 v0x6254ff056cd0_0;
    %flag_set/vec4 8;
    %jmp/0xz  T_15.0, 8;
    %pushi/vec4 0, 0, 32;
    %assign/vec4 v0x6254ff056940_0, 0;
    %jmp T_15.1;
T_15.0 ;
    %load/vec4 v0x6254ff056b30_0;
    %assign/vec4 v0x6254ff056940_0, 0;
T_15.1 ;
    %jmp T_15;
    .thread T_15;
    .scope S_0x6254ff0562a0;
T_16 ;
Ewait_4 .event/or E_0x6254ff056580, E_0x0;
    %wait Ewait_4;
    %load/vec4 v0x6254ff056940_0;
    %store/vec4 v0x6254ff056b30_0, 0, 32;
    %load/vec4 v0x6254ff056940_0;
    %dup/vec4;
    %pushi/vec4 0, 0, 32;
    %cmp/u;
    %jmp/1 T_16.0, 6;
    %dup/vec4;
    %pushi/vec4 1, 0, 32;
    %cmp/u;
    %jmp/1 T_16.1, 6;
    %dup/vec4;
    %pushi/vec4 2, 0, 32;
    %cmp/u;
    %jmp/1 T_16.2, 6;
    %jmp T_16.3;
T_16.0 ;
    %load/vec4 v0x6254ff056e00_0;
    %flag_set/vec4 8;
    %jmp/0xz  T_16.4, 8;
    %pushi/vec4 1, 0, 32;
    %store/vec4 v0x6254ff056b30_0, 0, 32;
T_16.4 ;
    %jmp T_16.3;
T_16.1 ;
    %load/vec4 v0x6254ff056a70_0;
    %flag_set/vec4 8;
    %jmp/0xz  T_16.6, 8;
    %pushi/vec4 2, 0, 32;
    %store/vec4 v0x6254ff056b30_0, 0, 32;
    %jmp T_16.7;
T_16.6 ;
    %pushi/vec4 0, 0, 32;
    %store/vec4 v0x6254ff056b30_0, 0, 32;
T_16.7 ;
    %jmp T_16.3;
T_16.2 ;
    %pushi/vec4 0, 0, 32;
    %store/vec4 v0x6254ff056b30_0, 0, 32;
    %jmp T_16.3;
T_16.3 ;
    %pop/vec4 1;
    %jmp T_16;
    .thread T_16, $push;
    .scope S_0x6254ff055fe0;
T_17 ;
    %wait E_0x6254ff03b190;
    %load/vec4 v0x6254ff057520_0;
    %flag_set/vec4 8;
    %jmp/0xz  T_17.0, 8;
    %pushi/vec4 0, 0, 24;
    %assign/vec4 v0x6254ff056f80_0, 0;
    %jmp T_17.1;
T_17.0 ;
    %load/vec4 v0x6254ff057080_0;
    %flag_set/vec4 8;
    %jmp/0xz  T_17.2, 8;
    %load/vec4 v0x6254ff056f80_0;
    %load/vec4 v0x6254ff057210_0;
    %pad/u 24;
    %add;
    %assign/vec4 v0x6254ff056f80_0, 0;
T_17.2 ;
    %load/vec4 v0x6254ff0572e0_0;
    %assign/vec4 v0x6254ff057380_0, 0;
T_17.1 ;
    %jmp T_17;
    .thread T_17;
    .scope S_0x6254ff01edc0;
T_18 ;
    %vpi_call/w 4 27 "$dumpfile", "top.vcd" {0 0 0};
    %vpi_call/w 4 28 "$dumpvars" {0 0 0};
    %pushi/vec4 0, 0, 1;
    %store/vec4 v0x6254ff05ae10_0, 0, 1;
    %pushi/vec4 1, 0, 1;
    %store/vec4 v0x6254ff05b210_0, 0, 1;
    %pushi/vec4 10, 0, 10;
    %store/vec4 v0x6254ff05b0d0_0, 0, 10;
    %pushi/vec4 0, 0, 1;
    %store/vec4 v0x6254ff05b350_0, 0, 1;
    %delay 50, 0;
    %pushi/vec4 0, 0, 1;
    %store/vec4 v0x6254ff05b210_0, 0, 1;
    %delay 45, 0;
    %pushi/vec4 1, 0, 1;
    %store/vec4 v0x6254ff05b350_0, 0, 1;
    %delay 10, 0;
    %pushi/vec4 0, 0, 1;
    %store/vec4 v0x6254ff05b350_0, 0, 1;
    %delay 30000, 0;
    %vpi_call/w 4 43 "$finish" {0 0 0};
    %end;
    .thread T_18;
    .scope S_0x6254ff01edc0;
T_19 ;
    %delay 5, 0;
    %load/vec4 v0x6254ff05ae10_0;
    %inv;
    %store/vec4 v0x6254ff05ae10_0, 0, 1;
    %jmp T_19;
    .thread T_19;
    .scope S_0x6254ff01edc0;
T_20 ;
    %wait E_0x6254fefc9120;
    %vpi_func 4 48 "$urandom_range" 32, 32'sb00000000000000000000111111111111, 32'sb00000000000000000000000000000000 {0 0 0};
    %pad/u 1;
    %store/vec4 v0x6254ff05af90_0, 0, 1;
    %jmp T_20;
    .thread T_20;
    .scope S_0x6254ff01edc0;
T_21 ;
    %wait E_0x6254fefc9120;
    %vpi_func 4 49 "$urandom_range" 32, 32'sb00000000000000000000111111111111, 32'sb00000000000000000000000000000000 {0 0 0};
    %pad/u 1;
    %store/vec4 v0x6254ff05b030_0, 0, 1;
    %jmp T_21;
    .thread T_21;
# The file index is used to find the file name in the following table.
:file_names 17;
    "N/A";
    "<interactive>";
    "-";
    "../hdl/register.sv";
    "tb_top.sv";
    "../hdl/top.sv";
    "../hdl/acquisition_thread.sv";
    "../hdl/samples_fsm.sv";
    "../hdl/scale_pipe_fsm.sv";
    "../hdl/ad1_thread.sv";
    "../hdl/clk_divider.sv";
    "../hdl/ad1_driver.sv";
    "../hdl/processing_thread.sv";
    "../hdl/mean.sv";
    "../hdl/mean_fsm.sv";
    "../hdl/rms.sv";
    "../hdl/rms_fsm.sv";
