INFO: [VRFC 10-2263] Analyzing Verilog file "/home/abarf/Documents/repos/DASD4186132/assignment02/project_1/project_1.sim/sim_1/synth/func/xsim/tb_top_func_synth.v" into library xil_defaultlib
INFO: [VRFC 10-311] analyzing module acquisition_thread
INFO: [VRFC 10-311] analyzing module ad1_driver
INFO: [VRFC 10-311] analyzing module ad1_thread
INFO: [VRFC 10-311] analyzing module bin2bcd
INFO: [VRFC 10-311] analyzing module bin2bcd_3
INFO: [VRFC 10-311] analyzing module bin2bcd_4
INFO: [VRFC 10-311] analyzing module bin2bcd_5
INFO: [VRFC 10-311] analyzing module bin2bcd_multi
INFO: [VRFC 10-311] analyzing module binto7seg
INFO: [VRFC 10-311] analyzing module clk_divider
INFO: [VRFC 10-311] analyzing module clockDivider
INFO: [VRFC 10-311] analyzing module comp_fsm
INFO: [VRFC 10-311] analyzing module comp_fsm_6
INFO: [VRFC 10-311] analyzing module displayDriver
INFO: [VRFC 10-311] analyzing module display_fsm
INFO: [VRFC 10-311] analyzing module div_lut
INFO: [VRFC 10-311] analyzing module max
INFO: [VRFC 10-311] analyzing module mean
INFO: [VRFC 10-311] analyzing module mean_fsm
INFO: [VRFC 10-311] analyzing module min
INFO: [VRFC 10-311] analyzing module mode_fsm
INFO: [VRFC 10-311] analyzing module norm_lut
INFO: [VRFC 10-311] analyzing module processing_thread
INFO: [VRFC 10-311] analyzing module rms
INFO: [VRFC 10-311] analyzing module rms_fsm
INFO: [VRFC 10-311] analyzing module samples_fsm
INFO: [VRFC 10-311] analyzing module scale_pipe_fsm
INFO: [VRFC 10-311] analyzing module seven_seg
INFO: [VRFC 10-311] analyzing module seven_seg_0
INFO: [VRFC 10-311] analyzing module seven_seg_1
INFO: [VRFC 10-311] analyzing module seven_seg_2
INFO: [VRFC 10-311] analyzing module test_lut
INFO: [VRFC 10-311] analyzing module top
INFO: [VRFC 10-311] analyzing module visualization_thread
INFO: [VRFC 10-311] analyzing module glbl
INFO: [VRFC 10-2263] Analyzing SystemVerilog file "/home/abarf/Documents/repos/DASD4186132/assignment02/project_1/project_1.srcs/sim_1/imports/sim/tb_top.sv" into library xil_defaultlib
INFO: [VRFC 10-311] analyzing module tb_top
