
*** Running vivado
    with args -log top.vdi -applog -m64 -product Vivado -messageDb vivado.pb -mode batch -source top.tcl -notrace


****** Vivado v2024.1 (64-bit)
  **** SW Build 5076996 on Wed May 22 18:36:09 MDT 2024
  **** IP Build 5075265 on Wed May 22 21:45:21 MDT 2024
  **** SharedData Build 5076995 on Wed May 22 18:29:18 MDT 2024
  **** Start of session at: Sat May 23 14:30:50 2026
    ** Copyright 1986-2022 Xilinx, Inc. All Rights Reserved.
    ** Copyright 2022-2024 Advanced Micro Devices, Inc. All Rights Reserved.

Sourcing tcl script '/home/abarf/.Xilinx/Vivado/Vivado_init.tcl'
source top.tcl -notrace
WARNING: [Board 49-91] Board repository path '/home/abarf/Documents/repos/vivado-boards/new/board_files\"' does not exist, it will not be used to search board files.
Command: link_design -top top -part xc7a35ticpg236-1L
Design is defaulting to srcset: sources_1
Design is defaulting to constrset: constrs_1
INFO: [Device 21-403] Loading part xc7a35ticpg236-1L
INFO: [Device 21-9227] Part: xc7a35ticpg236-1L does not have CEAM library.
Netlist sorting complete. Time (s): cpu = 00:00:00 ; elapsed = 00:00:00 . Memory (MB): peak = 1713.562 ; gain = 0.000 ; free physical = 16985 ; free virtual = 27987
INFO: [Netlist 29-17] Analyzing 65 Unisim elements for replacement
INFO: [Netlist 29-28] Unisim Transformation completed in 0 CPU seconds
INFO: [Project 1-479] Netlist was created with Vivado 2024.1
INFO: [Project 1-570] Preparing netlist for logic optimization
Parsing XDC File [/home/abarf/Documents/repos/DASD4186132/assignment02/project_1/project_1.srcs/constrs_1/imports/constraints/Basys-3-Master.xdc]
Finished Parsing XDC File [/home/abarf/Documents/repos/DASD4186132/assignment02/project_1/project_1.srcs/constrs_1/imports/constraints/Basys-3-Master.xdc]
INFO: [Opt 31-138] Pushed 0 inverter(s) to 0 load pin(s).
Netlist sorting complete. Time (s): cpu = 00:00:00 ; elapsed = 00:00:00 . Memory (MB): peak = 1933.121 ; gain = 0.000 ; free physical = 16887 ; free virtual = 27889
INFO: [Project 1-111] Unisim Transformation Summary:
No Unisim elements were transformed.

8 Infos, 1 Warnings, 0 Critical Warnings and 0 Errors encountered.
link_design completed successfully
Command: opt_design
Attempting to get a license for feature 'Implementation' and/or device 'xc7a35ti'
INFO: [Common 17-349] Got license for feature 'Implementation' and/or device 'xc7a35ti'
Running DRC as a precondition to command opt_design

Starting DRC Task
INFO: [DRC 23-27] Running DRC with 8 threads
INFO: [Project 1-461] DRC finished with 0 Errors
INFO: [Project 1-462] Please refer to the DRC report (report_drc) for more information.

Time (s): cpu = 00:00:00.82 ; elapsed = 00:00:00.48 . Memory (MB): peak = 2011.027 ; gain = 77.906 ; free physical = 16848 ; free virtual = 27850

Starting Cache Timing Information Task
INFO: [Timing 38-35] Done setting XDC timing constraints.
Ending Cache Timing Information Task | Checksum: 1a42569fc

Time (s): cpu = 00:00:04 ; elapsed = 00:00:04 . Memory (MB): peak = 2466.715 ; gain = 455.688 ; free physical = 16447 ; free virtual = 27449

Starting Logic Optimization Task

Phase 1 Initialization

Phase 1.1 Core Generation And Design Setup
Phase 1.1 Core Generation And Design Setup | Checksum: 1a42569fc

Time (s): cpu = 00:00:00 ; elapsed = 00:00:00 . Memory (MB): peak = 2782.488 ; gain = 0.000 ; free physical = 16133 ; free virtual = 27134

Phase 1.2 Setup Constraints And Sort Netlist
Phase 1.2 Setup Constraints And Sort Netlist | Checksum: 1a42569fc

Time (s): cpu = 00:00:00 ; elapsed = 00:00:00 . Memory (MB): peak = 2782.488 ; gain = 0.000 ; free physical = 16133 ; free virtual = 27134
Phase 1 Initialization | Checksum: 1a42569fc

Time (s): cpu = 00:00:00 ; elapsed = 00:00:00 . Memory (MB): peak = 2782.488 ; gain = 0.000 ; free physical = 16133 ; free virtual = 27134

Phase 2 Timer Update And Timing Data Collection

Phase 2.1 Timer Update
Phase 2.1 Timer Update | Checksum: 1a42569fc

Time (s): cpu = 00:00:00.06 ; elapsed = 00:00:00.01 . Memory (MB): peak = 2782.488 ; gain = 0.000 ; free physical = 16133 ; free virtual = 27134

Phase 2.2 Timing Data Collection
Phase 2.2 Timing Data Collection | Checksum: 1a42569fc

Time (s): cpu = 00:00:00.07 ; elapsed = 00:00:00.02 . Memory (MB): peak = 2782.488 ; gain = 0.000 ; free physical = 16133 ; free virtual = 27134
Phase 2 Timer Update And Timing Data Collection | Checksum: 1a42569fc

Time (s): cpu = 00:00:00.07 ; elapsed = 00:00:00.02 . Memory (MB): peak = 2782.488 ; gain = 0.000 ; free physical = 16133 ; free virtual = 27134

Phase 3 Retarget
INFO: [Opt 31-1834] Total Chains To Be Transformed Were: 0 AND Number of Transformed insts Created are: 0
INFO: [Opt 31-1566] Pulled 1 inverters resulting in an inversion of 13 pins
INFO: [Opt 31-138] Pushed 0 inverter(s) to 0 load pin(s).
INFO: [Opt 31-49] Retargeted 0 cell(s).
Phase 3 Retarget | Checksum: 2422d565c

Time (s): cpu = 00:00:00.11 ; elapsed = 00:00:00.03 . Memory (MB): peak = 2782.488 ; gain = 0.000 ; free physical = 16133 ; free virtual = 27134
Retarget | Checksum: 2422d565c
INFO: [Opt 31-389] Phase Retarget created 0 cells and removed 1 cells

Phase 4 Constant propagation
INFO: [Opt 31-138] Pushed 0 inverter(s) to 0 load pin(s).
Phase 4 Constant propagation | Checksum: 20ed247e4

Time (s): cpu = 00:00:00.14 ; elapsed = 00:00:00.04 . Memory (MB): peak = 2782.488 ; gain = 0.000 ; free physical = 16133 ; free virtual = 27134
Constant propagation | Checksum: 20ed247e4
INFO: [Opt 31-389] Phase Constant propagation created 0 cells and removed 0 cells

Phase 5 Sweep
Phase 5 Sweep | Checksum: 205d23d68

Time (s): cpu = 00:00:00.15 ; elapsed = 00:00:00.05 . Memory (MB): peak = 2782.488 ; gain = 0.000 ; free physical = 16133 ; free virtual = 27134
Sweep | Checksum: 205d23d68
INFO: [Opt 31-389] Phase Sweep created 0 cells and removed 0 cells

Phase 6 BUFG optimization
Phase 6 BUFG optimization | Checksum: 205d23d68

Time (s): cpu = 00:00:00.18 ; elapsed = 00:00:00.06 . Memory (MB): peak = 2782.488 ; gain = 0.000 ; free physical = 16133 ; free virtual = 27134
BUFG optimization | Checksum: 205d23d68
INFO: [Opt 31-662] Phase BUFG optimization created 0 cells of which 0 are BUFGs and removed 0 cells.

Phase 7 Shift Register Optimization
INFO: [Opt 31-1064] SRL Remap converted 0 SRLs to 0 registers and converted 0 registers of register chains to 0 SRLs
Phase 7 Shift Register Optimization | Checksum: 205d23d68

Time (s): cpu = 00:00:00.18 ; elapsed = 00:00:00.06 . Memory (MB): peak = 2782.488 ; gain = 0.000 ; free physical = 16133 ; free virtual = 27134
Shift Register Optimization | Checksum: 205d23d68
INFO: [Opt 31-389] Phase Shift Register Optimization created 0 cells and removed 0 cells

Phase 8 Post Processing Netlist
Phase 8 Post Processing Netlist | Checksum: 205d23d68

Time (s): cpu = 00:00:00.19 ; elapsed = 00:00:00.06 . Memory (MB): peak = 2782.488 ; gain = 0.000 ; free physical = 16133 ; free virtual = 27134
Post Processing Netlist | Checksum: 205d23d68
INFO: [Opt 31-389] Phase Post Processing Netlist created 0 cells and removed 0 cells

Phase 9 Finalization

Phase 9.1 Finalizing Design Cores and Updating Shapes
Phase 9.1 Finalizing Design Cores and Updating Shapes | Checksum: 260695508

Time (s): cpu = 00:00:00.2 ; elapsed = 00:00:00.08 . Memory (MB): peak = 2782.488 ; gain = 0.000 ; free physical = 16133 ; free virtual = 27134

Phase 9.2 Verifying Netlist Connectivity

Starting Connectivity Check Task

Time (s): cpu = 00:00:00 ; elapsed = 00:00:00 . Memory (MB): peak = 2782.488 ; gain = 0.000 ; free physical = 16133 ; free virtual = 27134
Phase 9.2 Verifying Netlist Connectivity | Checksum: 260695508

Time (s): cpu = 00:00:00.2 ; elapsed = 00:00:00.08 . Memory (MB): peak = 2782.488 ; gain = 0.000 ; free physical = 16133 ; free virtual = 27134
Phase 9 Finalization | Checksum: 260695508

Time (s): cpu = 00:00:00.2 ; elapsed = 00:00:00.08 . Memory (MB): peak = 2782.488 ; gain = 0.000 ; free physical = 16133 ; free virtual = 27134
Opt_design Change Summary
=========================


-------------------------------------------------------------------------------------------------------------------------
|  Phase                        |  #Cells created  |  #Cells Removed  |  #Constrained objects preventing optimizations  |
-------------------------------------------------------------------------------------------------------------------------
|  Retarget                     |               0  |               1  |                                              0  |
|  Constant propagation         |               0  |               0  |                                              0  |
|  Sweep                        |               0  |               0  |                                              0  |
|  BUFG optimization            |               0  |               0  |                                              0  |
|  Shift Register Optimization  |               0  |               0  |                                              0  |
|  Post Processing Netlist      |               0  |               0  |                                              0  |
-------------------------------------------------------------------------------------------------------------------------


Ending Logic Optimization Task | Checksum: 260695508

Time (s): cpu = 00:00:00.2 ; elapsed = 00:00:00.08 . Memory (MB): peak = 2782.488 ; gain = 0.000 ; free physical = 16133 ; free virtual = 27134

Starting Power Optimization Task
INFO: [Pwropt 34-132] Skipping clock gating for clocks with a period < 2.00 ns.
INFO: [Pwropt 34-9] Applying IDT optimizations ...
INFO: [Pwropt 34-10] Applying ODC optimizations ...
INFO: [Timing 38-35] Done setting XDC timing constraints.
Running Vector-less Activity Propagation...

Finished Running Vector-less Activity Propagation


Starting PowerOpt Patch Enables Task
INFO: [Pwropt 34-162] WRITE_MODE attribute of 0 BRAM(s) out of a total of 2 has been updated to save power. Run report_power_opt to get a complete listing of the BRAMs updated.
INFO: [Pwropt 34-201] Structural ODC has moved 0 WE to EN ports
Number of BRAM Ports augmented: 0 newly gated: 0 Total Ports: 4
Ending PowerOpt Patch Enables Task | Checksum: 260695508

Time (s): cpu = 00:00:00.01 ; elapsed = 00:00:00.01 . Memory (MB): peak = 3029.402 ; gain = 0.000 ; free physical = 16022 ; free virtual = 27023
Ending Power Optimization Task | Checksum: 260695508

Time (s): cpu = 00:00:00.49 ; elapsed = 00:00:00.27 . Memory (MB): peak = 3029.402 ; gain = 246.914 ; free physical = 16022 ; free virtual = 27023

Starting Final Cleanup Task
Ending Final Cleanup Task | Checksum: 260695508

Time (s): cpu = 00:00:00 ; elapsed = 00:00:00 . Memory (MB): peak = 3029.402 ; gain = 0.000 ; free physical = 16022 ; free virtual = 27023

Starting Netlist Obfuscation Task
Netlist sorting complete. Time (s): cpu = 00:00:00 ; elapsed = 00:00:00 . Memory (MB): peak = 3029.402 ; gain = 0.000 ; free physical = 16022 ; free virtual = 27023
Ending Netlist Obfuscation Task | Checksum: 260695508

Time (s): cpu = 00:00:00 ; elapsed = 00:00:00 . Memory (MB): peak = 3029.402 ; gain = 0.000 ; free physical = 16022 ; free virtual = 27023
INFO: [Common 17-83] Releasing license: Implementation
32 Infos, 1 Warnings, 0 Critical Warnings and 0 Errors encountered.
opt_design completed successfully
opt_design: Time (s): cpu = 00:00:07 ; elapsed = 00:00:06 . Memory (MB): peak = 3029.402 ; gain = 1096.281 ; free physical = 16022 ; free virtual = 27023
INFO: [Vivado 12-24828] Executing command : report_drc -file top_drc_opted.rpt -pb top_drc_opted.pb -rpx top_drc_opted.rpx
Command: report_drc -file top_drc_opted.rpt -pb top_drc_opted.pb -rpx top_drc_opted.rpx
INFO: [IP_Flow 19-234] Refreshing IP repositories
INFO: [IP_Flow 19-1704] No user IP repositories specified
INFO: [IP_Flow 19-2313] Loaded Vivado IP repository '/opt/Xilinx/Vivado/2024.1/data/ip'.
INFO: [DRC 23-27] Running DRC with 8 threads
INFO: [Vivado_Tcl 2-168] The results of DRC are in file /home/abarf/Documents/repos/DASD4186132/assignment02/project_1/project_1.runs/impl_1/top_drc_opted.rpt.
report_drc completed successfully
INFO: [Timing 38-480] Writing timing data to binary archive.
Wrote PlaceDB: Time (s): cpu = 00:00:00.01 ; elapsed = 00:00:00.01 . Memory (MB): peak = 3029.402 ; gain = 0.000 ; free physical = 16014 ; free virtual = 27016
Write ShapeDB Complete: Time (s): cpu = 00:00:00.01 ; elapsed = 00:00:00.01 . Memory (MB): peak = 3029.402 ; gain = 0.000 ; free physical = 16014 ; free virtual = 27016
Wrote PulsedLatchDB: Time (s): cpu = 00:00:00 ; elapsed = 00:00:00 . Memory (MB): peak = 3029.402 ; gain = 0.000 ; free physical = 16014 ; free virtual = 27016
Writing XDEF routing.
Writing XDEF routing logical nets.
Writing XDEF routing special nets.
Wrote RouteStorage: Time (s): cpu = 00:00:00.06 ; elapsed = 00:00:00.01 . Memory (MB): peak = 3029.402 ; gain = 0.000 ; free physical = 16014 ; free virtual = 27016
Wrote Netlist Cache: Time (s): cpu = 00:00:00 ; elapsed = 00:00:00 . Memory (MB): peak = 3029.402 ; gain = 0.000 ; free physical = 16014 ; free virtual = 27016
Wrote Device Cache: Time (s): cpu = 00:00:00.02 ; elapsed = 00:00:00.01 . Memory (MB): peak = 3029.402 ; gain = 0.000 ; free physical = 16014 ; free virtual = 27016
Write Physdb Complete: Time (s): cpu = 00:00:00.09 ; elapsed = 00:00:00.03 . Memory (MB): peak = 3029.402 ; gain = 0.000 ; free physical = 16014 ; free virtual = 27016
INFO: [Common 17-1381] The checkpoint '/home/abarf/Documents/repos/DASD4186132/assignment02/project_1/project_1.runs/impl_1/top_opt.dcp' has been generated.
Command: place_design
Attempting to get a license for feature 'Implementation' and/or device 'xc7a35ti'
INFO: [Common 17-349] Got license for feature 'Implementation' and/or device 'xc7a35ti'
INFO: [Common 17-83] Releasing license: Implementation
INFO: [DRC 23-27] Running DRC with 8 threads
INFO: [Vivado_Tcl 4-198] DRC finished with 0 Errors
INFO: [Vivado_Tcl 4-199] Please refer to the DRC report (report_drc) for more information.
Running DRC as a precondition to command place_design
INFO: [DRC 23-27] Running DRC with 8 threads
INFO: [Vivado_Tcl 4-198] DRC finished with 0 Errors
INFO: [Vivado_Tcl 4-199] Please refer to the DRC report (report_drc) for more information.
INFO: [Place 30-611] Multithreading enabled for place_design using a maximum of 8 CPUs

Starting Placer Task

Phase 1 Placer Initialization

Phase 1.1 Placer Initialization Netlist Sorting
Netlist sorting complete. Time (s): cpu = 00:00:00 ; elapsed = 00:00:00 . Memory (MB): peak = 3029.402 ; gain = 0.000 ; free physical = 16011 ; free virtual = 27013
Phase 1.1 Placer Initialization Netlist Sorting | Checksum: 17464ed1f

Time (s): cpu = 00:00:00 ; elapsed = 00:00:00 . Memory (MB): peak = 3029.402 ; gain = 0.000 ; free physical = 16011 ; free virtual = 27013
Netlist sorting complete. Time (s): cpu = 00:00:00 ; elapsed = 00:00:00 . Memory (MB): peak = 3029.402 ; gain = 0.000 ; free physical = 16011 ; free virtual = 27013

Phase 1.2 IO Placement/ Clock Placement/ Build Placer Device
INFO: [Timing 38-35] Done setting XDC timing constraints.
Phase 1.2 IO Placement/ Clock Placement/ Build Placer Device | Checksum: 1ef992fe0

Time (s): cpu = 00:00:00.6 ; elapsed = 00:00:00.18 . Memory (MB): peak = 3029.402 ; gain = 0.000 ; free physical = 16011 ; free virtual = 27013

Phase 1.3 Build Placer Netlist Model
Phase 1.3 Build Placer Netlist Model | Checksum: 2c8c3f993

Time (s): cpu = 00:00:01 ; elapsed = 00:00:00.35 . Memory (MB): peak = 3029.402 ; gain = 0.000 ; free physical = 16010 ; free virtual = 27013

Phase 1.4 Constrain Clocks/Macros
Phase 1.4 Constrain Clocks/Macros | Checksum: 2c8c3f993

Time (s): cpu = 00:00:01 ; elapsed = 00:00:00.35 . Memory (MB): peak = 3029.402 ; gain = 0.000 ; free physical = 16010 ; free virtual = 27013
Phase 1 Placer Initialization | Checksum: 2c8c3f993

Time (s): cpu = 00:00:01 ; elapsed = 00:00:00.36 . Memory (MB): peak = 3029.402 ; gain = 0.000 ; free physical = 16010 ; free virtual = 27013

Phase 2 Global Placement

Phase 2.1 Floorplanning
Phase 2.1 Floorplanning | Checksum: 2a6a97424

Time (s): cpu = 00:00:02 ; elapsed = 00:00:00.47 . Memory (MB): peak = 3029.402 ; gain = 0.000 ; free physical = 16046 ; free virtual = 27048

Phase 2.2 Update Timing before SLR Path Opt
Phase 2.2 Update Timing before SLR Path Opt | Checksum: 21af32d35

Time (s): cpu = 00:00:02 ; elapsed = 00:00:00.53 . Memory (MB): peak = 3029.402 ; gain = 0.000 ; free physical = 16062 ; free virtual = 27064

Phase 2.3 Post-Processing in Floorplanning
Phase 2.3 Post-Processing in Floorplanning | Checksum: 21af32d35

Time (s): cpu = 00:00:02 ; elapsed = 00:00:00.53 . Memory (MB): peak = 3029.402 ; gain = 0.000 ; free physical = 16062 ; free virtual = 27064

Phase 2.4 Global Placement Core

Phase 2.4.1 UpdateTiming Before Physical Synthesis
Phase 2.4.1 UpdateTiming Before Physical Synthesis | Checksum: 1a26f5fb8

Time (s): cpu = 00:00:07 ; elapsed = 00:00:02 . Memory (MB): peak = 3029.402 ; gain = 0.000 ; free physical = 16096 ; free virtual = 27099

Phase 2.4.2 Physical Synthesis In Placer
INFO: [Physopt 32-1035] Found 0 LUTNM shape to break, 33 LUT instances to create LUTNM shape
INFO: [Physopt 32-1044] Break lutnm for timing: one critical 0, two critical 0, total 0, new lutff created 0
INFO: [Physopt 32-1138] End 1 Pass. Optimized 15 nets or LUTs. Breaked 0 LUT, combined 15 existing LUTs and moved 0 existing LUT
INFO: [Physopt 32-65] No nets found for high-fanout optimization.
INFO: [Physopt 32-232] Optimized 0 net. Created 0 new instance.
INFO: [Physopt 32-775] End 1 Pass. Optimized 0 net or cell. Created 0 new cell, deleted 0 existing cell and moved 0 existing cell
INFO: [Physopt 32-670] No setup violation found.  DSP Register Optimization was not performed.
INFO: [Physopt 32-670] No setup violation found.  Shift Register to Pipeline Optimization was not performed.
INFO: [Physopt 32-670] No setup violation found.  Shift Register Optimization was not performed.
INFO: [Physopt 32-670] No setup violation found.  BRAM Register Optimization was not performed.
INFO: [Physopt 32-670] No setup violation found.  URAM Register Optimization was not performed.
INFO: [Physopt 32-949] No candidate nets found for dynamic/static region interface net replication
INFO: [Physopt 32-775] End 1 Pass. Optimized 0 net or cell. Created 0 new cell, deleted 0 existing cell and moved 0 existing cell
Netlist sorting complete. Time (s): cpu = 00:00:00 ; elapsed = 00:00:00 . Memory (MB): peak = 3029.402 ; gain = 0.000 ; free physical = 16096 ; free virtual = 27098

Summary of Physical Synthesis Optimizations
============================================


-----------------------------------------------------------------------------------------------------------------------------------------------------------
|  Optimization                                     |  Added Cells  |  Removed Cells  |  Optimized Cells/Nets  |  Dont Touch  |  Iterations  |  Elapsed   |
-----------------------------------------------------------------------------------------------------------------------------------------------------------
|  LUT Combining                                    |            0  |             15  |                    15  |           0  |           1  |  00:00:00  |
|  Retime                                           |            0  |              0  |                     0  |           0  |           1  |  00:00:00  |
|  Very High Fanout                                 |            0  |              0  |                     0  |           0  |           1  |  00:00:00  |
|  DSP Register                                     |            0  |              0  |                     0  |           0  |           0  |  00:00:00  |
|  Shift Register to Pipeline                       |            0  |              0  |                     0  |           0  |           0  |  00:00:00  |
|  Shift Register                                   |            0  |              0  |                     0  |           0  |           0  |  00:00:00  |
|  BRAM Register                                    |            0  |              0  |                     0  |           0  |           0  |  00:00:00  |
|  URAM Register                                    |            0  |              0  |                     0  |           0  |           0  |  00:00:00  |
|  Dynamic/Static Region Interface Net Replication  |            0  |              0  |                     0  |           0  |           1  |  00:00:00  |
|  Total                                            |            0  |             15  |                    15  |           0  |           4  |  00:00:00  |
-----------------------------------------------------------------------------------------------------------------------------------------------------------


Phase 2.4.2 Physical Synthesis In Placer | Checksum: 211233e4e

Time (s): cpu = 00:00:07 ; elapsed = 00:00:02 . Memory (MB): peak = 3029.402 ; gain = 0.000 ; free physical = 16095 ; free virtual = 27098
Phase 2.4 Global Placement Core | Checksum: 1fc5397cc

Time (s): cpu = 00:00:08 ; elapsed = 00:00:02 . Memory (MB): peak = 3029.402 ; gain = 0.000 ; free physical = 16095 ; free virtual = 27098
Phase 2 Global Placement | Checksum: 1fc5397cc

Time (s): cpu = 00:00:08 ; elapsed = 00:00:02 . Memory (MB): peak = 3029.402 ; gain = 0.000 ; free physical = 16095 ; free virtual = 27097

Phase 3 Detail Placement

Phase 3.1 Commit Multi Column Macros
Phase 3.1 Commit Multi Column Macros | Checksum: 266381a27

Time (s): cpu = 00:00:08 ; elapsed = 00:00:02 . Memory (MB): peak = 3029.402 ; gain = 0.000 ; free physical = 16095 ; free virtual = 27097

Phase 3.2 Commit Most Macros & LUTRAMs
Phase 3.2 Commit Most Macros & LUTRAMs | Checksum: 26226d74e

Time (s): cpu = 00:00:08 ; elapsed = 00:00:02 . Memory (MB): peak = 3029.402 ; gain = 0.000 ; free physical = 16095 ; free virtual = 27097

Phase 3.3 Area Swap Optimization
Phase 3.3 Area Swap Optimization | Checksum: 1d630e842

Time (s): cpu = 00:00:08 ; elapsed = 00:00:02 . Memory (MB): peak = 3029.402 ; gain = 0.000 ; free physical = 16095 ; free virtual = 27097

Phase 3.4 Pipeline Register Optimization
Phase 3.4 Pipeline Register Optimization | Checksum: 2741cd054

Time (s): cpu = 00:00:08 ; elapsed = 00:00:02 . Memory (MB): peak = 3029.402 ; gain = 0.000 ; free physical = 16095 ; free virtual = 27097

Phase 3.5 Small Shape Detail Placement
Phase 3.5 Small Shape Detail Placement | Checksum: 1feb29aaf

Time (s): cpu = 00:00:09 ; elapsed = 00:00:02 . Memory (MB): peak = 3029.402 ; gain = 0.000 ; free physical = 16094 ; free virtual = 27096

Phase 3.6 Re-assign LUT pins
Phase 3.6 Re-assign LUT pins | Checksum: 2a6ccf031

Time (s): cpu = 00:00:09 ; elapsed = 00:00:03 . Memory (MB): peak = 3029.402 ; gain = 0.000 ; free physical = 16094 ; free virtual = 27096

Phase 3.7 Pipeline Register Optimization
Phase 3.7 Pipeline Register Optimization | Checksum: 30498c8ff

Time (s): cpu = 00:00:09 ; elapsed = 00:00:03 . Memory (MB): peak = 3029.402 ; gain = 0.000 ; free physical = 16094 ; free virtual = 27096
Phase 3 Detail Placement | Checksum: 30498c8ff

Time (s): cpu = 00:00:09 ; elapsed = 00:00:03 . Memory (MB): peak = 3029.402 ; gain = 0.000 ; free physical = 16094 ; free virtual = 27096

Phase 4 Post Placement Optimization and Clean-Up

Phase 4.1 Post Commit Optimization
INFO: [Timing 38-35] Done setting XDC timing constraints.

Phase 4.1.1 Post Placement Optimization
Post Placement Optimization Initialization | Checksum: 221b9304a

Phase 4.1.1.1 BUFG Insertion

Starting Physical Synthesis Task

Phase 1 Physical Synthesis Initialization
INFO: [Physopt 32-721] Multithreading enabled for phys_opt_design using a maximum of 8 CPUs
INFO: [Physopt 32-619] Estimated Timing Summary | WNS=1.245 | TNS=0.000 |
Phase 1 Physical Synthesis Initialization | Checksum: 180dcf1c2

Time (s): cpu = 00:00:00.09 ; elapsed = 00:00:00.04 . Memory (MB): peak = 3029.402 ; gain = 0.000 ; free physical = 16094 ; free virtual = 27096
INFO: [Place 46-56] BUFG insertion identified 0 candidate nets. Inserted BUFG: 0, Replicated BUFG Driver: 0, Skipped due to Placement/Routing Conflicts: 0, Skipped due to Timing Degradation: 0, Skipped due to netlist editing failed: 0.
Ending Physical Synthesis Task | Checksum: 284b979d4

Time (s): cpu = 00:00:00.09 ; elapsed = 00:00:00.04 . Memory (MB): peak = 3029.402 ; gain = 0.000 ; free physical = 16094 ; free virtual = 27096
Phase 4.1.1.1 BUFG Insertion | Checksum: 221b9304a

Time (s): cpu = 00:00:10 ; elapsed = 00:00:03 . Memory (MB): peak = 3029.402 ; gain = 0.000 ; free physical = 16094 ; free virtual = 27096

Phase 4.1.1.2 Post Placement Timing Optimization
INFO: [Place 30-746] Post Placement Timing Summary WNS=1.245. For the most accurate timing information please run report_timing.
Phase 4.1.1.2 Post Placement Timing Optimization | Checksum: 26ebe8691

Time (s): cpu = 00:00:10 ; elapsed = 00:00:03 . Memory (MB): peak = 3029.402 ; gain = 0.000 ; free physical = 16094 ; free virtual = 27096

Time (s): cpu = 00:00:10 ; elapsed = 00:00:03 . Memory (MB): peak = 3029.402 ; gain = 0.000 ; free physical = 16094 ; free virtual = 27096
Phase 4.1 Post Commit Optimization | Checksum: 26ebe8691

Time (s): cpu = 00:00:10 ; elapsed = 00:00:03 . Memory (MB): peak = 3029.402 ; gain = 0.000 ; free physical = 16094 ; free virtual = 27096

Phase 4.2 Post Placement Cleanup
Phase 4.2 Post Placement Cleanup | Checksum: 26ebe8691

Time (s): cpu = 00:00:10 ; elapsed = 00:00:03 . Memory (MB): peak = 3029.402 ; gain = 0.000 ; free physical = 16094 ; free virtual = 27096

Phase 4.3 Placer Reporting

Phase 4.3.1 Print Estimated Congestion
INFO: [Place 30-612] Post-Placement Estimated Congestion 
 ____________________________________________________
|           | Global Congestion | Short Congestion  |
| Direction | Region Size       | Region Size       |
|___________|___________________|___________________|
|      North|                1x1|                1x1|
|___________|___________________|___________________|
|      South|                1x1|                1x1|
|___________|___________________|___________________|
|       East|                1x1|                1x1|
|___________|___________________|___________________|
|       West|                1x1|                1x1|
|___________|___________________|___________________|

Phase 4.3.1 Print Estimated Congestion | Checksum: 26ebe8691

Time (s): cpu = 00:00:10 ; elapsed = 00:00:03 . Memory (MB): peak = 3029.402 ; gain = 0.000 ; free physical = 16094 ; free virtual = 27096
Phase 4.3 Placer Reporting | Checksum: 26ebe8691

Time (s): cpu = 00:00:10 ; elapsed = 00:00:03 . Memory (MB): peak = 3029.402 ; gain = 0.000 ; free physical = 16094 ; free virtual = 27096

Phase 4.4 Final Placement Cleanup
Netlist sorting complete. Time (s): cpu = 00:00:00 ; elapsed = 00:00:00 . Memory (MB): peak = 3029.402 ; gain = 0.000 ; free physical = 16094 ; free virtual = 27096

Time (s): cpu = 00:00:10 ; elapsed = 00:00:03 . Memory (MB): peak = 3029.402 ; gain = 0.000 ; free physical = 16094 ; free virtual = 27096
Phase 4 Post Placement Optimization and Clean-Up | Checksum: 2da251a54

Time (s): cpu = 00:00:10 ; elapsed = 00:00:03 . Memory (MB): peak = 3029.402 ; gain = 0.000 ; free physical = 16094 ; free virtual = 27096
Ending Placer Task | Checksum: 2041ba5ae

Time (s): cpu = 00:00:10 ; elapsed = 00:00:03 . Memory (MB): peak = 3029.402 ; gain = 0.000 ; free physical = 16094 ; free virtual = 27096
69 Infos, 1 Warnings, 0 Critical Warnings and 0 Errors encountered.
place_design completed successfully
INFO: [Vivado 12-24838] Running report commands "report_control_sets, report_io, report_utilization" in parallel.
Running report generation with 3 threads.
INFO: [Vivado 12-24828] Executing command : report_control_sets -verbose -file top_control_sets_placed.rpt
report_control_sets: Time (s): cpu = 00:00:00.13 ; elapsed = 00:00:00.1 . Memory (MB): peak = 3029.402 ; gain = 0.000 ; free physical = 16051 ; free virtual = 27053
INFO: [Vivado 12-24828] Executing command : report_utilization -file top_utilization_placed.rpt -pb top_utilization_placed.pb
INFO: [Vivado 12-24828] Executing command : report_io -file top_io_placed.rpt
report_io: Time (s): cpu = 00:00:00.26 ; elapsed = 00:00:00.17 . Memory (MB): peak = 3029.402 ; gain = 0.000 ; free physical = 16049 ; free virtual = 27051
INFO: [Timing 38-480] Writing timing data to binary archive.
Write ShapeDB Complete: Time (s): cpu = 00:00:00.01 ; elapsed = 00:00:00 . Memory (MB): peak = 3029.402 ; gain = 0.000 ; free physical = 16049 ; free virtual = 27051
Wrote PlaceDB: Time (s): cpu = 00:00:00.13 ; elapsed = 00:00:00.04 . Memory (MB): peak = 3029.402 ; gain = 0.000 ; free physical = 16044 ; free virtual = 27046
Wrote PulsedLatchDB: Time (s): cpu = 00:00:00 ; elapsed = 00:00:00 . Memory (MB): peak = 3029.402 ; gain = 0.000 ; free physical = 16044 ; free virtual = 27046
Writing XDEF routing.
Writing XDEF routing logical nets.
Writing XDEF routing special nets.
Wrote RouteStorage: Time (s): cpu = 00:00:00.03 ; elapsed = 00:00:00.01 . Memory (MB): peak = 3029.402 ; gain = 0.000 ; free physical = 16042 ; free virtual = 27045
Wrote Netlist Cache: Time (s): cpu = 00:00:00.01 ; elapsed = 00:00:00 . Memory (MB): peak = 3029.402 ; gain = 0.000 ; free physical = 16042 ; free virtual = 27045
Wrote Device Cache: Time (s): cpu = 00:00:00 ; elapsed = 00:00:00 . Memory (MB): peak = 3029.402 ; gain = 0.000 ; free physical = 16042 ; free virtual = 27045
Write Physdb Complete: Time (s): cpu = 00:00:00.17 ; elapsed = 00:00:00.05 . Memory (MB): peak = 3029.402 ; gain = 0.000 ; free physical = 16042 ; free virtual = 27045
INFO: [Common 17-1381] The checkpoint '/home/abarf/Documents/repos/DASD4186132/assignment02/project_1/project_1.runs/impl_1/top_placed.dcp' has been generated.
Command: phys_opt_design
Attempting to get a license for feature 'Implementation' and/or device 'xc7a35ti'
INFO: [Common 17-349] Got license for feature 'Implementation' and/or device 'xc7a35ti'

Starting Initial Update Timing Task

Time (s): cpu = 00:00:00.24 ; elapsed = 00:00:00.08 . Memory (MB): peak = 3029.402 ; gain = 0.000 ; free physical = 16027 ; free virtual = 27030
INFO: [Vivado_Tcl 4-2279] Estimated Timing Summary | WNS= 1.245 | TNS= 0.000 | 
INFO: [Vivado_Tcl 4-383] Design worst setup slack (WNS) is greater than or equal to 0.000 ns. All physical synthesis setup optimizations will be skipped.
INFO: [Vivado_Tcl 4-232] No setup violation found. The netlist was not modified.
INFO: [Common 17-83] Releasing license: Implementation
80 Infos, 1 Warnings, 0 Critical Warnings and 0 Errors encountered.
phys_opt_design completed successfully
INFO: [Timing 38-480] Writing timing data to binary archive.
Write ShapeDB Complete: Time (s): cpu = 00:00:00.01 ; elapsed = 00:00:00 . Memory (MB): peak = 3029.402 ; gain = 0.000 ; free physical = 16027 ; free virtual = 27030
Wrote PlaceDB: Time (s): cpu = 00:00:00.15 ; elapsed = 00:00:00.06 . Memory (MB): peak = 3029.402 ; gain = 0.000 ; free physical = 16022 ; free virtual = 27026
Wrote PulsedLatchDB: Time (s): cpu = 00:00:00 ; elapsed = 00:00:00 . Memory (MB): peak = 3029.402 ; gain = 0.000 ; free physical = 16022 ; free virtual = 27026
Writing XDEF routing.
Writing XDEF routing logical nets.
Writing XDEF routing special nets.
Wrote RouteStorage: Time (s): cpu = 00:00:00.01 ; elapsed = 00:00:00.01 . Memory (MB): peak = 3029.402 ; gain = 0.000 ; free physical = 16022 ; free virtual = 27026
Wrote Netlist Cache: Time (s): cpu = 00:00:00 ; elapsed = 00:00:00 . Memory (MB): peak = 3029.402 ; gain = 0.000 ; free physical = 16022 ; free virtual = 27027
Wrote Device Cache: Time (s): cpu = 00:00:00 ; elapsed = 00:00:00 . Memory (MB): peak = 3029.402 ; gain = 0.000 ; free physical = 16022 ; free virtual = 27027
Write Physdb Complete: Time (s): cpu = 00:00:00.16 ; elapsed = 00:00:00.07 . Memory (MB): peak = 3029.402 ; gain = 0.000 ; free physical = 16022 ; free virtual = 27027
INFO: [Common 17-1381] The checkpoint '/home/abarf/Documents/repos/DASD4186132/assignment02/project_1/project_1.runs/impl_1/top_physopt.dcp' has been generated.
Command: route_design
Attempting to get a license for feature 'Implementation' and/or device 'xc7a35ti'
INFO: [Common 17-349] Got license for feature 'Implementation' and/or device 'xc7a35ti'
Running DRC as a precondition to command route_design
INFO: [DRC 23-27] Running DRC with 8 threads
INFO: [Vivado_Tcl 4-198] DRC finished with 0 Errors
INFO: [Vivado_Tcl 4-199] Please refer to the DRC report (report_drc) for more information.


Starting Routing Task
INFO: [Route 35-254] Multithreading enabled for route_design using a maximum of 8 CPUs

Phase 1 Build RT Design
Checksum: PlaceDB: ec5f4a1a ConstDB: 0 ShapeSum: 773aff3d RouteDB: a0815c57
Post Restoration Checksum: NetGraph: 8ab8d548 | NumContArr: 97621278 | Constraints: c2a8fa9d | Timing: c2a8fa9d
Phase 1 Build RT Design | Checksum: 2a76cdcfa

Time (s): cpu = 00:00:10 ; elapsed = 00:00:07 . Memory (MB): peak = 3029.402 ; gain = 0.000 ; free physical = 15926 ; free virtual = 26930

Phase 2 Router Initialization

Phase 2.1 Fix Topology Constraints
Phase 2.1 Fix Topology Constraints | Checksum: 2a76cdcfa

Time (s): cpu = 00:00:10 ; elapsed = 00:00:07 . Memory (MB): peak = 3029.402 ; gain = 0.000 ; free physical = 15926 ; free virtual = 26930

Phase 2.2 Pre Route Cleanup
Phase 2.2 Pre Route Cleanup | Checksum: 2a76cdcfa

Time (s): cpu = 00:00:10 ; elapsed = 00:00:07 . Memory (MB): peak = 3029.402 ; gain = 0.000 ; free physical = 15926 ; free virtual = 26930
 Number of Nodes with overlaps = 0

Phase 2.3 Update Timing
Phase 2.3 Update Timing | Checksum: 1dc3bd43c

Time (s): cpu = 00:00:11 ; elapsed = 00:00:07 . Memory (MB): peak = 3029.402 ; gain = 0.000 ; free physical = 15911 ; free virtual = 26914
INFO: [Route 35-416] Intermediate Timing Summary | WNS=1.213  | TNS=0.000  | WHS=-0.141 | THS=-8.692 |


Router Utilization Summary
  Global Vertical Routing Utilization    = 0 %
  Global Horizontal Routing Utilization  = 0 %
  Routable Net Status*
  *Does not include unroutable nets such as driverless and loadless.
  Run report_route_status for detailed report.
  Number of Failed Nets               = 972
    (Failed Nets is the sum of unrouted and partially routed nets)
  Number of Unrouted Nets             = 972
  Number of Partially Routed Nets     = 0
  Number of Node Overlaps             = 0

Phase 2 Router Initialization | Checksum: 1b14afb78

Time (s): cpu = 00:00:11 ; elapsed = 00:00:07 . Memory (MB): peak = 3029.402 ; gain = 0.000 ; free physical = 15913 ; free virtual = 26916

Phase 3 Global Routing
Phase 3 Global Routing | Checksum: 1b14afb78

Time (s): cpu = 00:00:11 ; elapsed = 00:00:07 . Memory (MB): peak = 3029.402 ; gain = 0.000 ; free physical = 15913 ; free virtual = 26916

Phase 4 Initial Routing

Phase 4.1 Initial Net Routing Pass
Phase 4.1 Initial Net Routing Pass | Checksum: 2cc7ba462

Time (s): cpu = 00:00:12 ; elapsed = 00:00:08 . Memory (MB): peak = 3029.402 ; gain = 0.000 ; free physical = 15913 ; free virtual = 26917
Phase 4 Initial Routing | Checksum: 2cc7ba462

Time (s): cpu = 00:00:12 ; elapsed = 00:00:08 . Memory (MB): peak = 3029.402 ; gain = 0.000 ; free physical = 15913 ; free virtual = 26917

Phase 5 Rip-up And Reroute

Phase 5.1 Global Iteration 0
 Number of Nodes with overlaps = 130
 Number of Nodes with overlaps = 43
 Number of Nodes with overlaps = 22
 Number of Nodes with overlaps = 12
 Number of Nodes with overlaps = 3
 Number of Nodes with overlaps = 0
INFO: [Route 35-416] Intermediate Timing Summary | WNS=1.075  | TNS=0.000  | WHS=N/A    | THS=N/A    |

Phase 5.1 Global Iteration 0 | Checksum: 3116d54b9

Time (s): cpu = 00:00:13 ; elapsed = 00:00:08 . Memory (MB): peak = 3029.402 ; gain = 0.000 ; free physical = 15913 ; free virtual = 26917
Phase 5 Rip-up And Reroute | Checksum: 3116d54b9

Time (s): cpu = 00:00:13 ; elapsed = 00:00:08 . Memory (MB): peak = 3029.402 ; gain = 0.000 ; free physical = 15913 ; free virtual = 26917

Phase 6 Delay and Skew Optimization

Phase 6.1 Delay CleanUp

Phase 6.1.1 Update Timing
Phase 6.1.1 Update Timing | Checksum: 2181605fd

Time (s): cpu = 00:00:13 ; elapsed = 00:00:08 . Memory (MB): peak = 3029.402 ; gain = 0.000 ; free physical = 15913 ; free virtual = 26917
INFO: [Route 35-416] Intermediate Timing Summary | WNS=1.082  | TNS=0.000  | WHS=N/A    | THS=N/A    |

Phase 6.1 Delay CleanUp | Checksum: 2181605fd

Time (s): cpu = 00:00:13 ; elapsed = 00:00:08 . Memory (MB): peak = 3029.402 ; gain = 0.000 ; free physical = 15913 ; free virtual = 26917

Phase 6.2 Clock Skew Optimization
Phase 6.2 Clock Skew Optimization | Checksum: 2181605fd

Time (s): cpu = 00:00:13 ; elapsed = 00:00:08 . Memory (MB): peak = 3029.402 ; gain = 0.000 ; free physical = 15913 ; free virtual = 26917
Phase 6 Delay and Skew Optimization | Checksum: 2181605fd

Time (s): cpu = 00:00:13 ; elapsed = 00:00:08 . Memory (MB): peak = 3029.402 ; gain = 0.000 ; free physical = 15913 ; free virtual = 26917

Phase 7 Post Hold Fix

Phase 7.1 Hold Fix Iter
INFO: [Route 35-416] Intermediate Timing Summary | WNS=1.082  | TNS=0.000  | WHS=0.117  | THS=0.000  |

Phase 7.1 Hold Fix Iter | Checksum: 2d4c30a4d

Time (s): cpu = 00:00:13 ; elapsed = 00:00:08 . Memory (MB): peak = 3029.402 ; gain = 0.000 ; free physical = 15913 ; free virtual = 26917
Phase 7 Post Hold Fix | Checksum: 2d4c30a4d

Time (s): cpu = 00:00:13 ; elapsed = 00:00:08 . Memory (MB): peak = 3029.402 ; gain = 0.000 ; free physical = 15913 ; free virtual = 26917

Phase 8 Route finalize

Router Utilization Summary
  Global Vertical Routing Utilization    = 0.313083 %
  Global Horizontal Routing Utilization  = 0.543207 %
  Routable Net Status*
  *Does not include unroutable nets such as driverless and loadless.
  Run report_route_status for detailed report.
  Number of Failed Nets               = 0
    (Failed Nets is the sum of unrouted and partially routed nets)
  Number of Unrouted Nets             = 0
  Number of Partially Routed Nets     = 0
  Number of Node Overlaps             = 0

Phase 8 Route finalize | Checksum: 2d4c30a4d

Time (s): cpu = 00:00:13 ; elapsed = 00:00:08 . Memory (MB): peak = 3029.402 ; gain = 0.000 ; free physical = 15913 ; free virtual = 26917

Phase 9 Verifying routed nets

 Verification completed successfully
Phase 9 Verifying routed nets | Checksum: 2d4c30a4d

Time (s): cpu = 00:00:13 ; elapsed = 00:00:08 . Memory (MB): peak = 3029.402 ; gain = 0.000 ; free physical = 15913 ; free virtual = 26917

Phase 10 Depositing Routes
Phase 10 Depositing Routes | Checksum: 276876fa5

Time (s): cpu = 00:00:13 ; elapsed = 00:00:08 . Memory (MB): peak = 3029.402 ; gain = 0.000 ; free physical = 15913 ; free virtual = 26917

Phase 11 Post Process Routing
Phase 11 Post Process Routing | Checksum: 276876fa5

Time (s): cpu = 00:00:13 ; elapsed = 00:00:08 . Memory (MB): peak = 3029.402 ; gain = 0.000 ; free physical = 15913 ; free virtual = 26917

Phase 12 Post Router Timing
INFO: [Route 35-57] Estimated Timing Summary | WNS=1.082  | TNS=0.000  | WHS=0.117  | THS=0.000  |

INFO: [Route 35-327] The final timing numbers are based on the router estimated timing analysis. For a complete and accurate timing signoff, please run report_timing_summary.
Phase 12 Post Router Timing | Checksum: 276876fa5

Time (s): cpu = 00:00:13 ; elapsed = 00:00:08 . Memory (MB): peak = 3029.402 ; gain = 0.000 ; free physical = 15913 ; free virtual = 26917
Total Elapsed time in route_design: 8.22 secs

Phase 13 Post-Route Event Processing
Phase 13 Post-Route Event Processing | Checksum: 12780ecd1

Time (s): cpu = 00:00:13 ; elapsed = 00:00:08 . Memory (MB): peak = 3029.402 ; gain = 0.000 ; free physical = 15913 ; free virtual = 26917
INFO: [Route 35-16] Router Completed Successfully
Ending Routing Task | Checksum: 12780ecd1

Time (s): cpu = 00:00:13 ; elapsed = 00:00:08 . Memory (MB): peak = 3029.402 ; gain = 0.000 ; free physical = 15913 ; free virtual = 26917

Routing Is Done.
INFO: [Common 17-83] Releasing license: Implementation
95 Infos, 1 Warnings, 0 Critical Warnings and 0 Errors encountered.
route_design completed successfully
route_design: Time (s): cpu = 00:00:14 ; elapsed = 00:00:09 . Memory (MB): peak = 3029.402 ; gain = 0.000 ; free physical = 15913 ; free virtual = 26917
INFO: [Vivado 12-24828] Executing command : report_drc -file top_drc_routed.rpt -pb top_drc_routed.pb -rpx top_drc_routed.rpx
Command: report_drc -file top_drc_routed.rpt -pb top_drc_routed.pb -rpx top_drc_routed.rpx
INFO: [IP_Flow 19-1839] IP Catalog is up to date.
INFO: [DRC 23-27] Running DRC with 8 threads
INFO: [Vivado_Tcl 2-168] The results of DRC are in file /home/abarf/Documents/repos/DASD4186132/assignment02/project_1/project_1.runs/impl_1/top_drc_routed.rpt.
report_drc completed successfully
INFO: [Vivado 12-24828] Executing command : report_methodology -file top_methodology_drc_routed.rpt -pb top_methodology_drc_routed.pb -rpx top_methodology_drc_routed.rpx
Command: report_methodology -file top_methodology_drc_routed.rpt -pb top_methodology_drc_routed.pb -rpx top_methodology_drc_routed.rpx
INFO: [Timing 38-35] Done setting XDC timing constraints.
INFO: [DRC 23-133] Running Methodology with 8 threads
INFO: [Vivado_Tcl 2-1520] The results of Report Methodology are in file /home/abarf/Documents/repos/DASD4186132/assignment02/project_1/project_1.runs/impl_1/top_methodology_drc_routed.rpt.
report_methodology completed successfully
INFO: [Vivado 12-24828] Executing command : report_timing_summary -max_paths 10 -report_unconstrained -file top_timing_summary_routed.rpt -pb top_timing_summary_routed.pb -rpx top_timing_summary_routed.rpx -warn_on_violation 
INFO: [Timing 38-35] Done setting XDC timing constraints.
INFO: [Timing 38-91] UpdateTimingParams: Speed grade: -1L, Delay Type: min_max.
INFO: [Timing 38-191] Multithreading enabled for timing update using a maximum of 8 CPUs
INFO: [Vivado 12-24838] Running report commands "report_bus_skew, report_incremental_reuse, report_route_status" in parallel.
Running report generation with 3 threads.
INFO: [Vivado 12-24828] Executing command : report_incremental_reuse -file top_incremental_reuse_routed.rpt
INFO: [Vivado_Tcl 4-1062] Incremental flow is disabled. No incremental reuse Info to report.
INFO: [Vivado 12-24828] Executing command : report_route_status -file top_route_status.rpt -pb top_route_status.pb
INFO: [Vivado 12-24828] Executing command : report_bus_skew -warn_on_violation -file top_bus_skew_routed.rpt -pb top_bus_skew_routed.pb -rpx top_bus_skew_routed.rpx
INFO: [Timing 38-91] UpdateTimingParams: Speed grade: -1L, Delay Type: min_max.
INFO: [Timing 38-191] Multithreading enabled for timing update using a maximum of 8 CPUs
INFO: [Vivado 12-24828] Executing command : report_power -file top_power_routed.rpt -pb top_power_summary_routed.pb -rpx top_power_routed.rpx
Command: report_power -file top_power_routed.rpt -pb top_power_summary_routed.pb -rpx top_power_routed.rpx
Running Vector-less Activity Propagation...

Finished Running Vector-less Activity Propagation
115 Infos, 1 Warnings, 0 Critical Warnings and 0 Errors encountered.
report_power completed successfully
INFO: [Vivado 12-24828] Executing command : report_clock_utilization -file top_clock_utilization_routed.rpt
WARNING: [Device 21-9320] Failed to find the Oracle tile group with name 'HSR_BOUNDARY_TOP'. This is required for Clock regions and Virtual grid.
WARNING: [Device 21-2174] Failed to initialize Virtual grid.
INFO: [Timing 38-480] Writing timing data to binary archive.
Write ShapeDB Complete: Time (s): cpu = 00:00:00.02 ; elapsed = 00:00:00 . Memory (MB): peak = 3064.246 ; gain = 0.000 ; free physical = 15832 ; free virtual = 26836
Wrote PlaceDB: Time (s): cpu = 00:00:00.2 ; elapsed = 00:00:00.07 . Memory (MB): peak = 3064.246 ; gain = 0.000 ; free physical = 15831 ; free virtual = 26836
Wrote PulsedLatchDB: Time (s): cpu = 00:00:00 ; elapsed = 00:00:00 . Memory (MB): peak = 3064.246 ; gain = 0.000 ; free physical = 15831 ; free virtual = 26836
Writing XDEF routing.
Writing XDEF routing logical nets.
Writing XDEF routing special nets.
Wrote RouteStorage: Time (s): cpu = 00:00:00.02 ; elapsed = 00:00:00.02 . Memory (MB): peak = 3064.246 ; gain = 0.000 ; free physical = 15831 ; free virtual = 26837
Wrote Netlist Cache: Time (s): cpu = 00:00:00 ; elapsed = 00:00:00 . Memory (MB): peak = 3064.246 ; gain = 0.000 ; free physical = 15831 ; free virtual = 26837
Wrote Device Cache: Time (s): cpu = 00:00:00.01 ; elapsed = 00:00:00 . Memory (MB): peak = 3064.246 ; gain = 0.000 ; free physical = 15831 ; free virtual = 26837
Write Physdb Complete: Time (s): cpu = 00:00:00.24 ; elapsed = 00:00:00.09 . Memory (MB): peak = 3064.246 ; gain = 0.000 ; free physical = 15831 ; free virtual = 26837
INFO: [Common 17-1381] The checkpoint '/home/abarf/Documents/repos/DASD4186132/assignment02/project_1/project_1.runs/impl_1/top_routed.dcp' has been generated.
Command: write_bitstream -force top.bit
Attempting to get a license for feature 'Implementation' and/or device 'xc7a35ti'
INFO: [Common 17-349] Got license for feature 'Implementation' and/or device 'xc7a35ti'
Running DRC as a precondition to command write_bitstream
INFO: [IP_Flow 19-1839] IP Catalog is up to date.
INFO: [DRC 23-27] Running DRC with 8 threads
WARNING: [DRC DPIP-1] Input pipelining: DSP processing_thread_inst/rms_inst/div_x20 input processing_thread_inst/rms_inst/div_x20/C[47:0] is not pipelined. Pipelining DSP48 input will improve performance.
WARNING: [DRC DPIP-1] Input pipelining: DSP processing_thread_inst/rms_inst/nr_xk0_odd0 input processing_thread_inst/rms_inst/nr_xk0_odd0/A[29:0] is not pipelined. Pipelining DSP48 input will improve performance.
WARNING: [DRC DPIP-1] Input pipelining: DSP processing_thread_inst/rms_inst/nr_xk0_odd0 input processing_thread_inst/rms_inst/nr_xk0_odd0/C[47:0] is not pipelined. Pipelining DSP48 input will improve performance.
WARNING: [DRC DPIP-1] Input pipelining: DSP processing_thread_inst/rms_inst/nr_xk20 input processing_thread_inst/rms_inst/nr_xk20/A[29:0] is not pipelined. Pipelining DSP48 input will improve performance.
WARNING: [DRC DPIP-1] Input pipelining: DSP processing_thread_inst/rms_inst/nr_xk20 input processing_thread_inst/rms_inst/nr_xk20/B[17:0] is not pipelined. Pipelining DSP48 input will improve performance.
WARNING: [DRC DPIP-1] Input pipelining: DSP processing_thread_inst/rms_inst/nr_xk20 input processing_thread_inst/rms_inst/nr_xk20/C[47:0] is not pipelined. Pipelining DSP48 input will improve performance.
WARNING: [DRC DPIP-1] Input pipelining: DSP processing_thread_inst/rms_inst/x20 input processing_thread_inst/rms_inst/x20/A[29:0] is not pipelined. Pipelining DSP48 input will improve performance.
WARNING: [DRC DPIP-1] Input pipelining: DSP processing_thread_inst/rms_inst/x20 input processing_thread_inst/rms_inst/x20/B[17:0] is not pipelined. Pipelining DSP48 input will improve performance.
WARNING: [DRC DPIP-1] Input pipelining: DSP visualization_thread_inst/metric_scaled_reg_reg input visualization_thread_inst/metric_scaled_reg_reg/A[29:0] is not pipelined. Pipelining DSP48 input will improve performance.
WARNING: [DRC DPOP-1] PREG Output pipelining: DSP processing_thread_inst/mean_inst/div_data0 output processing_thread_inst/mean_inst/div_data0/P[47:0] is not pipelined (PREG=0). Pipelining the DSP48 output will improve performance and often saves power so it is suggested whenever possible to fully pipeline this function.  If this DSP48 function was inferred, it is suggested to describe an additional register stage after this function.  If the DSP48 was instantiated in the design, it is suggested to set the PREG attribute to 1.
WARNING: [DRC DPOP-1] PREG Output pipelining: DSP processing_thread_inst/rms_inst/div_x20 output processing_thread_inst/rms_inst/div_x20/P[47:0] is not pipelined (PREG=0). Pipelining the DSP48 output will improve performance and often saves power so it is suggested whenever possible to fully pipeline this function.  If this DSP48 function was inferred, it is suggested to describe an additional register stage after this function.  If the DSP48 was instantiated in the design, it is suggested to set the PREG attribute to 1.
WARNING: [DRC DPOP-1] PREG Output pipelining: DSP processing_thread_inst/rms_inst/nr_xk0_odd0 output processing_thread_inst/rms_inst/nr_xk0_odd0/P[47:0] is not pipelined (PREG=0). Pipelining the DSP48 output will improve performance and often saves power so it is suggested whenever possible to fully pipeline this function.  If this DSP48 function was inferred, it is suggested to describe an additional register stage after this function.  If the DSP48 was instantiated in the design, it is suggested to set the PREG attribute to 1.
WARNING: [DRC DPOP-1] PREG Output pipelining: DSP processing_thread_inst/rms_inst/nr_xk20 output processing_thread_inst/rms_inst/nr_xk20/P[47:0] is not pipelined (PREG=0). Pipelining the DSP48 output will improve performance and often saves power so it is suggested whenever possible to fully pipeline this function.  If this DSP48 function was inferred, it is suggested to describe an additional register stage after this function.  If the DSP48 was instantiated in the design, it is suggested to set the PREG attribute to 1.
WARNING: [DRC DPOP-1] PREG Output pipelining: DSP processing_thread_inst/rms_inst/nr_xk_2_3_xk2x0 output processing_thread_inst/rms_inst/nr_xk_2_3_xk2x0/P[47:0] is not pipelined (PREG=0). Pipelining the DSP48 output will improve performance and often saves power so it is suggested whenever possible to fully pipeline this function.  If this DSP48 function was inferred, it is suggested to describe an additional register stage after this function.  If the DSP48 was instantiated in the design, it is suggested to set the PREG attribute to 1.
WARNING: [DRC DPOP-2] MREG Output pipelining: DSP acquisiton_thread_inst/data0_q2_12_reg multiplier stage acquisiton_thread_inst/data0_q2_12_reg/P[47:0] is not pipelined (MREG=0). Pipelining the multiplier function will improve performance and will save significant power so it is suggested whenever possible to fully pipeline this function.  If this multiplier was inferred, it is suggested to describe an additional register stage after this function.  If there is no registered adder/accumulator following the multiply function, two pipeline stages are suggested to allow both the MREG and PREG registers to be used.  If the DSP48 was instantiated in the design, it is suggested to set both the MREG and PREG attributes to 1 when performing multiply functions.
WARNING: [DRC DPOP-2] MREG Output pipelining: DSP processing_thread_inst/mean_inst/div_data0 multiplier stage processing_thread_inst/mean_inst/div_data0/P[47:0] is not pipelined (MREG=0). Pipelining the multiplier function will improve performance and will save significant power so it is suggested whenever possible to fully pipeline this function.  If this multiplier was inferred, it is suggested to describe an additional register stage after this function.  If there is no registered adder/accumulator following the multiply function, two pipeline stages are suggested to allow both the MREG and PREG registers to be used.  If the DSP48 was instantiated in the design, it is suggested to set both the MREG and PREG attributes to 1 when performing multiply functions.
WARNING: [DRC DPOP-2] MREG Output pipelining: DSP processing_thread_inst/rms_inst/div_upper multiplier stage processing_thread_inst/rms_inst/div_upper/P[47:0] is not pipelined (MREG=0). Pipelining the multiplier function will improve performance and will save significant power so it is suggested whenever possible to fully pipeline this function.  If this multiplier was inferred, it is suggested to describe an additional register stage after this function.  If there is no registered adder/accumulator following the multiply function, two pipeline stages are suggested to allow both the MREG and PREG registers to be used.  If the DSP48 was instantiated in the design, it is suggested to set both the MREG and PREG attributes to 1 when performing multiply functions.
WARNING: [DRC DPOP-2] MREG Output pipelining: DSP processing_thread_inst/rms_inst/nr_sqrtx0 multiplier stage processing_thread_inst/rms_inst/nr_sqrtx0/P[47:0] is not pipelined (MREG=0). Pipelining the multiplier function will improve performance and will save significant power so it is suggested whenever possible to fully pipeline this function.  If this multiplier was inferred, it is suggested to describe an additional register stage after this function.  If there is no registered adder/accumulator following the multiply function, two pipeline stages are suggested to allow both the MREG and PREG registers to be used.  If the DSP48 was instantiated in the design, it is suggested to set both the MREG and PREG attributes to 1 when performing multiply functions.
WARNING: [DRC DPOP-2] MREG Output pipelining: DSP processing_thread_inst/rms_inst/nr_xk0_odd0 multiplier stage processing_thread_inst/rms_inst/nr_xk0_odd0/P[47:0] is not pipelined (MREG=0). Pipelining the multiplier function will improve performance and will save significant power so it is suggested whenever possible to fully pipeline this function.  If this multiplier was inferred, it is suggested to describe an additional register stage after this function.  If there is no registered adder/accumulator following the multiply function, two pipeline stages are suggested to allow both the MREG and PREG registers to be used.  If the DSP48 was instantiated in the design, it is suggested to set both the MREG and PREG attributes to 1 when performing multiply functions.
WARNING: [DRC DPOP-2] MREG Output pipelining: DSP processing_thread_inst/rms_inst/nr_xk20 multiplier stage processing_thread_inst/rms_inst/nr_xk20/P[47:0] is not pipelined (MREG=0). Pipelining the multiplier function will improve performance and will save significant power so it is suggested whenever possible to fully pipeline this function.  If this multiplier was inferred, it is suggested to describe an additional register stage after this function.  If there is no registered adder/accumulator following the multiply function, two pipeline stages are suggested to allow both the MREG and PREG registers to be used.  If the DSP48 was instantiated in the design, it is suggested to set both the MREG and PREG attributes to 1 when performing multiply functions.
WARNING: [DRC DPOP-2] MREG Output pipelining: DSP processing_thread_inst/rms_inst/nr_xk2x0 multiplier stage processing_thread_inst/rms_inst/nr_xk2x0/P[47:0] is not pipelined (MREG=0). Pipelining the multiplier function will improve performance and will save significant power so it is suggested whenever possible to fully pipeline this function.  If this multiplier was inferred, it is suggested to describe an additional register stage after this function.  If there is no registered adder/accumulator following the multiply function, two pipeline stages are suggested to allow both the MREG and PREG registers to be used.  If the DSP48 was instantiated in the design, it is suggested to set both the MREG and PREG attributes to 1 when performing multiply functions.
WARNING: [DRC DPOP-2] MREG Output pipelining: DSP processing_thread_inst/rms_inst/nr_xk_2_3_xk2x0 multiplier stage processing_thread_inst/rms_inst/nr_xk_2_3_xk2x0/P[47:0] is not pipelined (MREG=0). Pipelining the multiplier function will improve performance and will save significant power so it is suggested whenever possible to fully pipeline this function.  If this multiplier was inferred, it is suggested to describe an additional register stage after this function.  If there is no registered adder/accumulator following the multiply function, two pipeline stages are suggested to allow both the MREG and PREG registers to be used.  If the DSP48 was instantiated in the design, it is suggested to set both the MREG and PREG attributes to 1 when performing multiply functions.
WARNING: [DRC DPOP-2] MREG Output pipelining: DSP processing_thread_inst/rms_inst/x20 multiplier stage processing_thread_inst/rms_inst/x20/P[47:0] is not pipelined (MREG=0). Pipelining the multiplier function will improve performance and will save significant power so it is suggested whenever possible to fully pipeline this function.  If this multiplier was inferred, it is suggested to describe an additional register stage after this function.  If there is no registered adder/accumulator following the multiply function, two pipeline stages are suggested to allow both the MREG and PREG registers to be used.  If the DSP48 was instantiated in the design, it is suggested to set both the MREG and PREG attributes to 1 when performing multiply functions.
WARNING: [DRC DPOP-2] MREG Output pipelining: DSP visualization_thread_inst/metric_scaled_reg_reg multiplier stage visualization_thread_inst/metric_scaled_reg_reg/P[47:0] is not pipelined (MREG=0). Pipelining the multiplier function will improve performance and will save significant power so it is suggested whenever possible to fully pipeline this function.  If this multiplier was inferred, it is suggested to describe an additional register stage after this function.  If there is no registered adder/accumulator following the multiply function, two pipeline stages are suggested to allow both the MREG and PREG registers to be used.  If the DSP48 was instantiated in the design, it is suggested to set both the MREG and PREG attributes to 1 when performing multiply functions.
WARNING: [DRC IOSR-1] IOB set reset sharing: IO N[0] connects to flops which have these acquisiton_thread_inst/fsm_samples/SR[0], and rst_IBUF set/reset signals.  For optimal IOB flop packing there should be only one set/reset signal coming into the IOB.
WARNING: [DRC IOSR-1] IOB set reset sharing: IO N[1] connects to flops which have these acquisiton_thread_inst/fsm_samples/SR[0], and rst_IBUF set/reset signals.  For optimal IOB flop packing there should be only one set/reset signal coming into the IOB.
WARNING: [DRC IOSR-1] IOB set reset sharing: IO N[2] connects to flops which have these acquisiton_thread_inst/fsm_samples/SR[0], and rst_IBUF set/reset signals.  For optimal IOB flop packing there should be only one set/reset signal coming into the IOB.
INFO: [Vivado 12-3199] DRC finished with 0 Errors, 27 Warnings
INFO: [Vivado 12-3200] Please refer to the DRC report (report_drc) for more information.
INFO: [Designutils 20-2272] Running write_bitstream with 8 threads.
Loading data files...
Loading site data...
Loading route data...
Processing options...
Creating bitmap...
Creating bitstream...
Bitstream compression saved 13600640 bits.
Writing bitstream ./top.bit...
INFO: [Vivado 12-1842] Bitgen Completed Successfully.
INFO: [Project 1-1876] WebTalk data collection is mandatory when using a ULT device. To see the specific WebTalk data collected for your design, open the usage_statistics_webtalk.html or usage_statistics_webtalk.xml file in the implementation directory.
INFO: [Common 17-83] Releasing license: Implementation
127 Infos, 30 Warnings, 0 Critical Warnings and 0 Errors encountered.
write_bitstream completed successfully
write_bitstream: Time (s): cpu = 00:00:08 ; elapsed = 00:00:08 . Memory (MB): peak = 3279.234 ; gain = 214.988 ; free physical = 15569 ; free virtual = 26574
INFO: [Common 17-206] Exiting Vivado at Sat May 23 14:31:31 2026...
