Copyright 1986-2022 Xilinx, Inc. All Rights Reserved. Copyright 2022-2024 Advanced Micro Devices, Inc. All Rights Reserved.
---------------------------------------------------------------------------------------------------------------------------------------------
| Tool Version : Vivado v.2024.1 (lin64) Build 5076996 Wed May 22 18:36:09 MDT 2024
| Date         : Sat May 23 14:31:11 2026
| Host         : swedish-laptop running 64-bit Ubuntu 22.04.5 LTS
| Command      : report_control_sets -verbose -file top_control_sets_placed.rpt
| Design       : top
| Device       : xc7a35ti
---------------------------------------------------------------------------------------------------------------------------------------------

Control Set Information

Table of Contents
-----------------
1. Summary
2. Histogram
3. Flip-Flop Distribution
4. Detailed Control Set Information

1. Summary
----------

+----------------------------------------------------------+-------+
|                          Status                          | Count |
+----------------------------------------------------------+-------+
| Total control sets                                       |    24 |
|    Minimum number of control sets                        |    24 |
|    Addition due to synthesis replication                 |     0 |
|    Addition due to physical synthesis replication        |     0 |
| Unused register locations in slices containing registers |    90 |
+----------------------------------------------------------+-------+
* Control sets can be merged at opt_design using control_set_merge or merge_equivalent_drivers
** Run report_qor_suggestions for automated merging and remapping suggestions


2. Histogram
------------

+--------------------+-------+
|       Fanout       | Count |
+--------------------+-------+
| Total control sets |    24 |
| >= 0 to < 4        |     0 |
| >= 4 to < 6        |     4 |
| >= 6 to < 8        |     1 |
| >= 8 to < 10       |     0 |
| >= 10 to < 12      |     5 |
| >= 12 to < 14      |     3 |
| >= 14 to < 16      |     3 |
| >= 16              |     8 |
+--------------------+-------+
* Control sets can be remapped at either synth_design or opt_design


3. Flip-Flop Distribution
-------------------------

+--------------+-----------------------+------------------------+-----------------+--------------+
| Clock Enable | Synchronous Set/Reset | Asynchronous Set/Reset | Total Registers | Total Slices |
+--------------+-----------------------+------------------------+-----------------+--------------+
| No           | No                    | No                     |              40 |           14 |
| No           | No                    | Yes                    |               0 |            0 |
| No           | Yes                   | No                     |              74 |           28 |
| Yes          | No                    | No                     |              40 |           11 |
| Yes          | No                    | Yes                    |               0 |            0 |
| Yes          | Yes                   | No                     |             212 |           72 |
+--------------+-----------------------+------------------------+-----------------+--------------+


4. Detailed Control Set Information
-----------------------------------

+----------------+--------------------------------------------------------------------------------+--------------------------------------------------------------------+------------------+----------------+--------------+
|  Clock Signal  |                                  Enable Signal                                 |                          Set/Reset Signal                          | Slice Load Count | Bel Load Count | Bels / Slice |
+----------------+--------------------------------------------------------------------------------+--------------------------------------------------------------------+------------------+----------------+--------------+
|  clk_IBUF_BUFG | ad1_thread_inst/ad1_driver_inst/current_state                                  | rst_IBUF                                                           |                1 |              4 |         4.00 |
|  clk_IBUF_BUFG |                                                                                | visualization_thread_inst/bin27seg/bin2bcd_multi1/state[3]_i_1_n_0 |                1 |              4 |         4.00 |
|  clk_IBUF_BUFG | processing_thread_inst/min_inst/min_fsm/FSM_onehot_current_state[3]_i_1__0_n_0 | rst_IBUF                                                           |                2 |              4 |         2.00 |
|  clk_IBUF_BUFG | processing_thread_inst/max_inst/max_fsm/FSM_onehot_current_state[3]_i_1_n_0    | rst_IBUF                                                           |                2 |              4 |         2.00 |
|  clk_IBUF_BUFG | acquisiton_thread_inst/fsm_samples/E[0]                                        | acquisiton_thread_inst/fsm_samples/SR[0]                           |                2 |              7 |         3.50 |
|  clk_IBUF_BUFG |                                                                                | acquisiton_thread_inst/fsm_samples/clear                           |                4 |             10 |         2.50 |
|  clk_IBUF_BUFG | acquisiton_thread_inst/fsm_samples/E[0]                                        | rst_IBUF                                                           |                3 |             10 |         3.33 |
|  clk_IBUF_BUFG | acquisiton_thread_inst/fsm_samples/next_state                                  | rst_IBUF                                                           |                3 |             11 |         3.67 |
|  clk_IBUF_BUFG | processing_thread_inst/rms_inst/fsm_rms/Q[4]                                   | rst_IBUF                                                           |                3 |             11 |         3.67 |
|  clk_IBUF_BUFG |                                                                                | visualization_thread_inst/bin27seg/clk_div/clk_slow                |                3 |             11 |         3.67 |
|  clk_IBUF_BUFG | ad1_thread_inst/ad1_driver_inst/data00                                         |                                                                    |                4 |             12 |         3.00 |
|  clk_IBUF_BUFG | visualization_thread_inst/bin27seg/bin2bcd_multi1/shiftReg[11]_i_1_n_0         |                                                                    |                4 |             12 |         3.00 |
|  clk_IBUF_BUFG | processing_thread_inst/rms_inst/fsm_rms/FSM_onehot_current_state[11]_i_1_n_0   | rst_IBUF                                                           |                3 |             12 |         4.00 |
|  clk_IBUF_BUFG | acquisiton_thread_inst/fsm_scale_pipe/scale_pipe_fsm_ready_reg_reg[0]          | rst_IBUF                                                           |                5 |             14 |         2.80 |
|  clk_IBUF_BUFG | acquisiton_thread_inst/fsm_scale_pipe/E[0]                                     | rst_IBUF                                                           |                7 |             14 |         2.00 |
|  clk_IBUF_BUFG | processing_thread_inst/mean_inst/fsm_mean/div_en                               | rst_IBUF                                                           |                4 |             14 |         3.50 |
|  clk_IBUF_BUFG | visualization_thread_inst/bin27seg/bin2bcd_multi1/bcd[15]_i_1_n_0              |                                                                    |                3 |             16 |         5.33 |
|  clk_IBUF_BUFG |                                                                                | visualization_thread_inst/bin27seg/bin2bcd_multi1/reset            |                6 |             16 |         2.67 |
|  clk_IBUF_BUFG | processing_thread_inst/rms_inst/fsm_rms/Q[10]                                  | rst_IBUF                                                           |                7 |             18 |         2.57 |
|  clk_IBUF_BUFG | processing_thread_inst/rms_inst/fsm_rms/Q[6]                                   | rst_IBUF                                                           |               11 |             18 |         1.64 |
|  clk_IBUF_BUFG |                                                                                | rst_IBUF                                                           |               14 |             33 |         2.36 |
|  clk_IBUF_BUFG | processing_thread_inst/rms_inst/fsm_rms/Q[2]                                   | processing_thread_inst/rms_inst/fsm_rms/clear                      |                9 |             34 |         3.78 |
|  clk_IBUF_BUFG | processing_thread_inst/mean_inst/fsm_mean/acc_en                               | processing_thread_inst/mean_inst/fsm_mean/SR[0]                    |               10 |             37 |         3.70 |
|  clk_IBUF_BUFG |                                                                                |                                                                    |               14 |             40 |         2.86 |
+----------------+--------------------------------------------------------------------------------+--------------------------------------------------------------------+------------------+----------------+--------------+


