#! /usr/bin/vvp
:ivl_version "11.0 (stable)";
:ivl_delay_selection "TYPICAL";
:vpi_time_precision + 0;
:vpi_module "/usr/lib/x86_64-linux-gnu/ivl/system.vpi";
:vpi_module "/usr/lib/x86_64-linux-gnu/ivl/vhdl_sys.vpi";
:vpi_module "/usr/lib/x86_64-linux-gnu/ivl/vhdl_textio.vpi";
:vpi_module "/usr/lib/x86_64-linux-gnu/ivl/v2005_math.vpi";
:vpi_module "/usr/lib/x86_64-linux-gnu/ivl/va_math.vpi";
:vpi_module "/usr/lib/x86_64-linux-gnu/ivl/v2009.vpi";
S_0x59e275427490 .scope package, "$unit" "$unit" 2 1;
 .timescale 0 0;
S_0x59e275427620 .scope module, "rms" "rms" 3 1;
 .timescale 0 0;
    .port_info 0 /INPUT 1 "clk";
    .port_info 1 /INPUT 1 "rst";
    .port_info 2 /INPUT 1 "start";
    .port_info 3 /INPUT 1 "last_sample";
    .port_info 4 /INPUT 14 "data_in";
    .port_info 5 /OUTPUT 1 "ready";
v0x59e275452c80_0 .net *"_ivl_0", 27 0, L_0x59e275463da0;  1 drivers
L_0x74ca0905e0f0 .functor BUFT 1, C4<00000000000000>, C4<0>, C4<0>, C4<0>;
v0x59e275452d80_0 .net *"_ivl_3", 13 0, L_0x74ca0905e0f0;  1 drivers
v0x59e275452e60_0 .net *"_ivl_4", 27 0, L_0x59e275463e90;  1 drivers
L_0x74ca0905e138 .functor BUFT 1, C4<00000000000000>, C4<0>, C4<0>, C4<0>;
v0x59e275452f20_0 .net *"_ivl_7", 13 0, L_0x74ca0905e138;  1 drivers
v0x59e275453000_0 .net "acc_en", 0 0, L_0x59e275463ad0;  1 drivers
v0x59e2754530a0_0 .var "acc_square_data_in_reg", 37 0;
o0x74ca090a70d8 .functor BUFZ 1, C4<z>; HiZ drive
v0x59e275453160_0 .net "clk", 0 0, o0x74ca090a70d8;  0 drivers
o0x74ca090a7498 .functor BUFZ 14, C4<zzzzzzzzzzzzzz>; HiZ drive
v0x59e275453200_0 .net "data_in", 13 0, o0x74ca090a7498;  0 drivers
o0x74ca090a74c8 .functor BUFZ 1, C4<z>; HiZ drive
v0x59e2754532c0_0 .net "last_sample", 0 0, o0x74ca090a74c8;  0 drivers
v0x59e275453410_0 .var "last_sample_reg", 0 0;
v0x59e2754534b0_0 .net "mult_en", 0 0, L_0x59e2754639e0;  1 drivers
v0x59e275453550_0 .net "ready", 0 0, L_0x59e275463c60;  1 drivers
o0x74ca090a71f8 .functor BUFZ 1, C4<z>; HiZ drive
v0x59e2754535f0_0 .net "rst", 0 0, o0x74ca090a71f8;  0 drivers
v0x59e2754536c0_0 .net "square_data_in", 27 0, L_0x59e275464020;  1 drivers
v0x59e275453760_0 .var "square_data_in_reg", 27 0;
o0x74ca090a7228 .functor BUFZ 1, C4<z>; HiZ drive
v0x59e275453800_0 .net "start", 0 0, o0x74ca090a7228;  0 drivers
L_0x59e275463da0 .concat [ 14 14 0 0], o0x74ca090a7498, L_0x74ca0905e0f0;
L_0x59e275463e90 .concat [ 14 14 0 0], o0x74ca090a7498, L_0x74ca0905e138;
L_0x59e275464020 .arith/mult 28, L_0x59e275463da0, L_0x59e275463e90;
S_0x59e2754277b0 .scope module, "fsm_rms" "rms_fsm" 3 21, 4 1 0, S_0x59e275427620;
 .timescale 0 0;
    .port_info 0 /INPUT 1 "clk";
    .port_info 1 /INPUT 1 "rst";
    .port_info 2 /INPUT 1 "start";
    .port_info 3 /INPUT 1 "last_sample";
    .port_info 4 /OUTPUT 1 "mult_en";
    .port_info 5 /OUTPUT 1 "acc_en";
    .port_info 6 /OUTPUT 1 "ready";
enum0x59e2753eab80 .enum2/s (32)
   "IDLE" 0,
   "MULT" 1,
   "ACC" 2,
   "DIV" 3,
   "NR" 4
 ;
L_0x74ca0905e018 .functor BUFT 1, C4<00000000000000000000000000000001>, C4<0>, C4<0>, C4<0>;
v0x59e275432440_0 .net/2s *"_ivl_0", 31 0, L_0x74ca0905e018;  1 drivers
L_0x74ca0905e060 .functor BUFT 1, C4<00000000000000000000000000000010>, C4<0>, C4<0>, C4<0>;
v0x59e2754522b0_0 .net/2s *"_ivl_4", 31 0, L_0x74ca0905e060;  1 drivers
L_0x74ca0905e0a8 .functor BUFT 1, C4<00000000000000000000000000000000>, C4<0>, C4<0>, C4<0>;
v0x59e275452390_0 .net/2s *"_ivl_8", 31 0, L_0x74ca0905e0a8;  1 drivers
v0x59e275452450_0 .net "acc_en", 0 0, L_0x59e275463ad0;  alias, 1 drivers
v0x59e275452510_0 .net "clk", 0 0, o0x74ca090a70d8;  alias, 0 drivers
v0x59e275452620_0 .var/2s "current_state", 31 0;
v0x59e275452700_0 .net "last_sample", 0 0, v0x59e275453410_0;  1 drivers
v0x59e2754527c0_0 .net "mult_en", 0 0, L_0x59e2754639e0;  alias, 1 drivers
v0x59e275452880_0 .var/2s "next_state", 31 0;
v0x59e275452960_0 .net "ready", 0 0, L_0x59e275463c60;  alias, 1 drivers
v0x59e275452a20_0 .net "rst", 0 0, o0x74ca090a71f8;  alias, 0 drivers
v0x59e275452ae0_0 .net "start", 0 0, o0x74ca090a7228;  alias, 0 drivers
E_0x59e27540def0 .event edge, v0x59e275452620_0, v0x59e275452ae0_0, v0x59e275452700_0;
E_0x59e2754323b0 .event posedge, v0x59e275452510_0;
L_0x59e2754639e0 .cmp/eq 32, v0x59e275452620_0, L_0x74ca0905e018;
L_0x59e275463ad0 .cmp/eq 32, v0x59e275452620_0, L_0x74ca0905e060;
L_0x59e275463c60 .cmp/eq 32, v0x59e275452620_0, L_0x74ca0905e0a8;
    .scope S_0x59e2754277b0;
T_0 ;
    %wait E_0x59e2754323b0;
    %load/vec4 v0x59e275452a20_0;
    %flag_set/vec4 8;
    %jmp/0xz  T_0.0, 8;
    %pushi/vec4 0, 0, 32;
    %assign/vec4 v0x59e275452620_0, 0;
    %jmp T_0.1;
T_0.0 ;
    %load/vec4 v0x59e275452880_0;
    %assign/vec4 v0x59e275452620_0, 0;
T_0.1 ;
    %jmp T_0;
    .thread T_0;
    .scope S_0x59e2754277b0;
T_1 ;
Ewait_0 .event/or E_0x59e27540def0, E_0x0;
    %wait Ewait_0;
    %load/vec4 v0x59e275452620_0;
    %store/vec4 v0x59e275452880_0, 0, 32;
    %load/vec4 v0x59e275452620_0;
    %dup/vec4;
    %pushi/vec4 0, 0, 32;
    %cmp/u;
    %jmp/1 T_1.0, 6;
    %dup/vec4;
    %pushi/vec4 1, 0, 32;
    %cmp/u;
    %jmp/1 T_1.1, 6;
    %dup/vec4;
    %pushi/vec4 2, 0, 32;
    %cmp/u;
    %jmp/1 T_1.2, 6;
    %dup/vec4;
    %pushi/vec4 4, 0, 32;
    %cmp/u;
    %jmp/1 T_1.3, 6;
    %jmp T_1.4;
T_1.0 ;
    %load/vec4 v0x59e275452ae0_0;
    %flag_set/vec4 8;
    %jmp/0xz  T_1.5, 8;
    %pushi/vec4 1, 0, 32;
    %store/vec4 v0x59e275452880_0, 0, 32;
T_1.5 ;
    %jmp T_1.4;
T_1.1 ;
    %pushi/vec4 2, 0, 32;
    %store/vec4 v0x59e275452880_0, 0, 32;
    %jmp T_1.4;
T_1.2 ;
    %load/vec4 v0x59e275452700_0;
    %flag_set/vec4 8;
    %jmp/0xz  T_1.7, 8;
    %pushi/vec4 4, 0, 32;
    %store/vec4 v0x59e275452880_0, 0, 32;
    %jmp T_1.8;
T_1.7 ;
    %pushi/vec4 0, 0, 32;
    %store/vec4 v0x59e275452880_0, 0, 32;
T_1.8 ;
    %jmp T_1.4;
T_1.3 ;
    %pushi/vec4 0, 0, 32;
    %store/vec4 v0x59e275452880_0, 0, 32;
    %jmp T_1.4;
T_1.4 ;
    %pop/vec4 1;
    %jmp T_1;
    .thread T_1, $push;
    .scope S_0x59e275427620;
T_2 ;
    %wait E_0x59e2754323b0;
    %load/vec4 v0x59e2754535f0_0;
    %flag_set/vec4 8;
    %jmp/0xz  T_2.0, 8;
    %pushi/vec4 0, 0, 1;
    %assign/vec4 v0x59e275453410_0, 0;
    %jmp T_2.1;
T_2.0 ;
    %load/vec4 v0x59e2754532c0_0;
    %flag_set/vec4 8;
    %jmp/0xz  T_2.2, 8;
    %load/vec4 v0x59e2754532c0_0;
    %assign/vec4 v0x59e275453410_0, 0;
T_2.2 ;
T_2.1 ;
    %jmp T_2;
    .thread T_2;
    .scope S_0x59e275427620;
T_3 ;
    %wait E_0x59e2754323b0;
    %load/vec4 v0x59e2754535f0_0;
    %flag_set/vec4 8;
    %jmp/0xz  T_3.0, 8;
    %pushi/vec4 0, 0, 28;
    %assign/vec4 v0x59e275453760_0, 0;
    %pushi/vec4 0, 0, 38;
    %assign/vec4 v0x59e2754530a0_0, 0;
    %jmp T_3.1;
T_3.0 ;
    %load/vec4 v0x59e2754534b0_0;
    %flag_set/vec4 8;
    %jmp/0xz  T_3.2, 8;
    %load/vec4 v0x59e2754536c0_0;
    %assign/vec4 v0x59e275453760_0, 0;
T_3.2 ;
    %load/vec4 v0x59e275453000_0;
    %flag_set/vec4 8;
    %jmp/0xz  T_3.4, 8;
    %load/vec4 v0x59e2754530a0_0;
    %load/vec4 v0x59e275453760_0;
    %pad/u 38;
    %add;
    %assign/vec4 v0x59e2754530a0_0, 0;
T_3.4 ;
T_3.1 ;
    %jmp T_3;
    .thread T_3;
# The file index is used to find the file name in the following table.
:file_names 5;
    "N/A";
    "<interactive>";
    "-";
    "rms.sv";
    "rms_fsm.sv";
