Vivado Simulator v2024.1
Copyright 1986-2022 Xilinx, Inc. All Rights Reserved.
Copyright 2022-2024 Advanced Micro Devices, Inc. All Rights Reserved.
Running: /opt/Xilinx/Vivado/2024.1/bin/unwrapped/lnx64.o/xelab --incr --debug typical --relax --mt 8 -L xil_defaultlib -L uvm -L unisims_ver -L secureip --snapshot tb_top_func_impl xil_defaultlib.tb_top xil_defaultlib.glbl -log elaborate.log 
Using 8 slave threads.
Starting static elaboration
Pass Through NonSizing Optimizer
Completed static elaboration
Starting simulation data flow analysis
WARNING: [XSIM 43-4100] "/home/abarf/Documents/repos/DASD4186132/assignment02/project_1/project_1.sim/sim_1/impl/func/xsim/tb_top_func_impl.v" Line 11516. Module top has a timescale but at least one module in design doesn't have timescale.
WARNING: [XSIM 43-4100] "/proj/rdi/data/CLs/5074560/data/verilog/src/unisims/IBUF.v" Line 29. Module IBUF has a timescale but at least one module in design doesn't have timescale.
WARNING: [XSIM 43-4100] "/proj/rdi/data/CLs/5074560/data/verilog/src/unisims/IBUF.v" Line 29. Module IBUF has a timescale but at least one module in design doesn't have timescale.
WARNING: [XSIM 43-4100] "/proj/rdi/data/CLs/5074560/data/verilog/src/unisims/IBUF.v" Line 29. Module IBUF has a timescale but at least one module in design doesn't have timescale.
WARNING: [XSIM 43-4100] "/proj/rdi/data/CLs/5074560/data/verilog/src/unisims/IBUF.v" Line 29. Module IBUF has a timescale but at least one module in design doesn't have timescale.
WARNING: [XSIM 43-4100] "/proj/rdi/data/CLs/5074560/data/verilog/src/unisims/IBUF.v" Line 29. Module IBUF has a timescale but at least one module in design doesn't have timescale.
WARNING: [XSIM 43-4100] "/proj/rdi/data/CLs/5074560/data/verilog/src/unisims/IBUF.v" Line 29. Module IBUF has a timescale but at least one module in design doesn't have timescale.
WARNING: [XSIM 43-4100] "/proj/rdi/data/CLs/5074560/data/verilog/src/unisims/IBUF.v" Line 29. Module IBUF has a timescale but at least one module in design doesn't have timescale.
WARNING: [XSIM 43-4100] "/proj/rdi/data/CLs/5074560/data/verilog/src/unisims/IBUF.v" Line 29. Module IBUF has a timescale but at least one module in design doesn't have timescale.
WARNING: [XSIM 43-4100] "/proj/rdi/data/CLs/5074560/data/verilog/src/unisims/IBUF.v" Line 29. Module IBUF has a timescale but at least one module in design doesn't have timescale.
WARNING: [XSIM 43-4100] "/proj/rdi/data/CLs/5074560/data/verilog/src/unisims/IBUF.v" Line 29. Module IBUF has a timescale but at least one module in design doesn't have timescale.
WARNING: [XSIM 43-4100] "/home/abarf/Documents/repos/DASD4186132/assignment02/project_1/project_1.sim/sim_1/impl/func/xsim/tb_top_func_impl.v" Line 16. Module acquisition_thread has a timescale but at least one module in design doesn't have timescale.
WARNING: [XSIM 43-4100] "/proj/rdi/data/CLs/5074560/data/verilog/src/unisims/FDRE.v" Line 27. Module FDRE_default has a timescale but at least one module in design doesn't have timescale.
WARNING: [XSIM 43-4100] "/proj/rdi/data/CLs/5074560/data/verilog/src/unisims/DSP48E1.v" Line 28. Module DSP48E1(ALUMODEREG=0,BCASCREG=0,BREG=0,CARRYINREG=0,CARRYINSELREG=0,CREG=0,INMODEREG=0,MREG=0,OPMODEREG=0) has a timescale but at least one module in design doesn't have timescale.
WARNING: [XSIM 43-4100] "/proj/rdi/data/CLs/5074560/data/verilog/src/unisims/LUT1.v" Line 27. Module LUT1 has a timescale but at least one module in design doesn't have timescale.
WARNING: [XSIM 43-4100] "/proj/rdi/data/CLs/5074560/data/verilog/src/unisims/LUT1.v" Line 62. Module x_lut1_mux2 has a timescale but at least one module in design doesn't have timescale.
WARNING: [XSIM 43-4100] "/home/abarf/Documents/repos/DASD4186132/assignment02/project_1/project_1.sim/sim_1/impl/func/xsim/tb_top_func_impl.v" Line 4691. Module mode_fsm has a timescale but at least one module in design doesn't have timescale.
WARNING: [XSIM 43-4100] "/proj/rdi/data/CLs/5074560/data/verilog/src/unisims/LUT5.v" Line 30. Module LUT5 has a timescale but at least one module in design doesn't have timescale.
WARNING: [XSIM 43-4100] "/proj/rdi/data/CLs/5074560/data/verilog/src/unisims/LUT5.v" Line 30. Module LUT5 has a timescale but at least one module in design doesn't have timescale.
WARNING: [XSIM 43-4100] "/proj/rdi/data/CLs/5074560/data/verilog/src/unisims/FDRE.v" Line 27. Module FDRE_default has a timescale but at least one module in design doesn't have timescale.
WARNING: [XSIM 43-4100] "/proj/rdi/data/CLs/5074560/data/verilog/src/unisims/FDRE.v" Line 27. Module FDRE_default has a timescale but at least one module in design doesn't have timescale.
WARNING: [XSIM 43-4100] "/proj/rdi/data/CLs/5074560/data/verilog/src/unisims/LUT4.v" Line 30. Module LUT4 has a timescale but at least one module in design doesn't have timescale.
WARNING: [XSIM 43-4100] "/proj/rdi/data/CLs/5074560/data/verilog/src/unisims/LUT4.v" Line 30. Module LUT4 has a timescale but at least one module in design doesn't have timescale.
WARNING: [XSIM 43-4100] "/proj/rdi/data/CLs/5074560/data/verilog/src/unisims/LUT4.v" Line 30. Module LUT4 has a timescale but at least one module in design doesn't have timescale.
WARNING: [XSIM 43-4100] "/proj/rdi/data/CLs/5074560/data/verilog/src/unisims/LUT4.v" Line 30. Module LUT4 has a timescale but at least one module in design doesn't have timescale.
WARNING: [XSIM 43-4100] "/proj/rdi/data/CLs/5074560/data/verilog/src/unisims/LUT5.v" Line 30. Module LUT5 has a timescale but at least one module in design doesn't have timescale.
WARNING: [XSIM 43-4100] "/proj/rdi/data/CLs/5074560/data/verilog/src/unisims/LUT5.v" Line 30. Module LUT5 has a timescale but at least one module in design doesn't have timescale.
WARNING: [XSIM 43-4100] "/proj/rdi/data/CLs/5074560/data/verilog/src/unisims/LUT5.v" Line 30. Module LUT5 has a timescale but at least one module in design doesn't have timescale.
WARNING: [XSIM 43-4100] "/proj/rdi/data/CLs/5074560/data/verilog/src/unisims/LUT5.v" Line 30. Module LUT5 has a timescale but at least one module in design doesn't have timescale.
WARNING: [XSIM 43-4100] "/proj/rdi/data/CLs/5074560/data/verilog/src/unisims/LUT4.v" Line 30. Module LUT4 has a timescale but at least one module in design doesn't have timescale.
WARNING: [XSIM 43-4100] "/proj/rdi/data/CLs/5074560/data/verilog/src/unisims/LUT4.v" Line 30. Module LUT4 has a timescale but at least one module in design doesn't have timescale.
WARNING: [XSIM 43-4100] "/proj/rdi/data/CLs/5074560/data/verilog/src/unisims/LUT4.v" Line 30. Module LUT4 has a timescale but at least one module in design doesn't have timescale.
WARNING: [XSIM 43-4100] "/proj/rdi/data/CLs/5074560/data/verilog/src/unisims/LUT4.v" Line 30. Module LUT4 has a timescale but at least one module in design doesn't have timescale.
WARNING: [XSIM 43-4100] "/proj/rdi/data/CLs/5074560/data/verilog/src/unisims/LUT5.v" Line 30. Module LUT5 has a timescale but at least one module in design doesn't have timescale.
WARNING: [XSIM 43-4100] "/proj/rdi/data/CLs/5074560/data/verilog/src/unisims/LUT5.v" Line 30. Module LUT5 has a timescale but at least one module in design doesn't have timescale.
WARNING: [XSIM 43-4100] "/proj/rdi/data/CLs/5074560/data/verilog/src/unisims/LUT5.v" Line 30. Module LUT5 has a timescale but at least one module in design doesn't have timescale.
WARNING: [XSIM 43-4100] "/proj/rdi/data/CLs/5074560/data/verilog/src/unisims/LUT5.v" Line 30. Module LUT5 has a timescale but at least one module in design doesn't have timescale.
WARNING: [XSIM 43-4100] "/proj/rdi/data/CLs/5074560/data/verilog/src/unisims/LUT4.v" Line 30. Module LUT4 has a timescale but at least one module in design doesn't have timescale.
WARNING: [XSIM 43-4100] "/proj/rdi/data/CLs/5074560/data/verilog/src/unisims/LUT4.v" Line 30. Module LUT4 has a timescale but at least one module in design doesn't have timescale.
WARNING: [XSIM 43-4100] "/proj/rdi/data/CLs/5074560/data/verilog/src/unisims/LUT4.v" Line 30. Module LUT4 has a timescale but at least one module in design doesn't have timescale.
WARNING: [XSIM 43-4100] "/proj/rdi/data/CLs/5074560/data/verilog/src/unisims/LUT4.v" Line 30. Module LUT4 has a timescale but at least one module in design doesn't have timescale.
WARNING: [XSIM 43-4100] "/proj/rdi/data/CLs/5074560/data/verilog/src/unisims/LUT5.v" Line 30. Module LUT5 has a timescale but at least one module in design doesn't have timescale.
WARNING: [XSIM 43-4100] "/proj/rdi/data/CLs/5074560/data/verilog/src/unisims/LUT5.v" Line 30. Module LUT5 has a timescale but at least one module in design doesn't have timescale.
WARNING: [XSIM 43-4100] "/proj/rdi/data/CLs/5074560/data/verilog/src/unisims/LUT5.v" Line 30. Module LUT5 has a timescale but at least one module in design doesn't have timescale.
WARNING: [XSIM 43-4100] "/proj/rdi/data/CLs/5074560/data/verilog/src/unisims/LUT5.v" Line 30. Module LUT5 has a timescale but at least one module in design doesn't have timescale.
WARNING: [XSIM 43-4100] "/proj/rdi/data/CLs/5074560/data/verilog/src/unisims/CARRY4.v" Line 32. Module CARRY4 has a timescale but at least one module in design doesn't have timescale.
WARNING: [XSIM 43-4100] "/proj/rdi/data/CLs/5074560/data/verilog/src/unisims/CARRY4.v" Line 32. Module CARRY4 has a timescale but at least one module in design doesn't have timescale.
WARNING: [XSIM 43-4100] "/proj/rdi/data/CLs/5074560/data/verilog/src/unisims/CARRY4.v" Line 32. Module CARRY4 has a timescale but at least one module in design doesn't have timescale.
WARNING: [XSIM 43-4100] "/proj/rdi/data/CLs/5074560/data/verilog/src/unisims/LUT6.v" Line 30. Module LUT6 has a timescale but at least one module in design doesn't have timescale.
WARNING: [XSIM 43-4100] "/proj/rdi/data/CLs/5074560/data/verilog/src/unisims/LUT6.v" Line 30. Module LUT6 has a timescale but at least one module in design doesn't have timescale.
INFO: [Common 17-14] Message 'XSIM 43-4100' appears 50 times and further instances of the messages will be disabled. Use the Tcl command set_msg_config to change the current settings.
Completed simulation data flow analysis
Time Resolution for simulation is 1ps
Compiling module unisims_ver.IBUF
Compiling module unisims_ver.FDRE_default
Compiling module unisims_ver.DSP48E1(ALUMODEREG=0,BCASCREG=0,...
Compiling module unisims_ver.x_lut1_mux2
Compiling module unisims_ver.LUT1
Compiling module unisims_ver.LUT5
Compiling module unisims_ver.LUT4
Compiling module unisims_ver.CARRY4
Compiling module unisims_ver.LUT6
Compiling module unisims_ver.x_lut2_mux4
Compiling module unisims_ver.LUT2
Compiling module xil_defaultlib.mode_fsm
Compiling module unisims_ver.x_lut3_mux8
Compiling module unisims_ver.LUT3
Compiling module xil_defaultlib.samples_fsm
Compiling module xil_defaultlib.scale_pipe_fsm
Compiling module unisims_ver.RB18_INTERNAL_VLOG(RDADDR_COLLIS...
Compiling module unisims_ver.RAMB18E1(INIT_00=256'b0111000001...
Compiling module xil_defaultlib.test_lut
Compiling module xil_defaultlib.acquisition_thread
Compiling module xil_defaultlib.clk_divider
Compiling module unisims_ver.FDSE_default
Compiling module xil_defaultlib.ad1_driver
Compiling module xil_defaultlib.ad1_thread
Compiling module unisims_ver.OBUF
Compiling module unisims_ver.BUFG
Compiling module xil_defaultlib.div_lut
Compiling module xil_defaultlib.comp_fsm_6
Compiling module xil_defaultlib.max
Compiling module unisims_ver.DSP48E1(ALUMODEREG=0,CARRYINREG=...
Compiling module xil_defaultlib.mean_fsm
Compiling module xil_defaultlib.mean
Compiling module xil_defaultlib.comp_fsm
Compiling module xil_defaultlib.min
Compiling module unisims_ver.RB36_INTERNAL_VLOG(RDADDR_COLLIS...
Compiling module unisims_ver.RAMB36E1(INIT_00=256'b0100010001...
Compiling module unisims_ver.DSP48E1(ALUMODEREG=0,CARRYINREG=...
Compiling module unisims_ver.DSP48E1(ALUMODEREG=0,CARRYINREG=...
Compiling module xil_defaultlib.rms_fsm
Compiling module xil_defaultlib.norm_lut
Compiling module unisims_ver.DSP48E1(ALUMODEREG=0,CARRYINREG=...
Compiling module unisims_ver.DSP48E1(ACASCREG=0,ALUMODEREG=0,...
Compiling module unisims_ver.DSP48E1(ALUMODEREG=0,CARRYINREG=...
Compiling module unisims_ver.DSP48E1(ACASCREG=0,ALUMODEREG=0,...
Compiling module xil_defaultlib.rms
Compiling module xil_defaultlib.processing_thread
Compiling module xil_defaultlib.bin2bcd
Compiling module xil_defaultlib.bin2bcd_3
Compiling module xil_defaultlib.bin2bcd_4
Compiling module xil_defaultlib.bin2bcd_5
Compiling module xil_defaultlib.bin2bcd_multi
Compiling module xil_defaultlib.clockDivider
Compiling module xil_defaultlib.displayDriver
Compiling module xil_defaultlib.seven_seg
Compiling module xil_defaultlib.seven_seg_0
Compiling module xil_defaultlib.seven_seg_1
Compiling module xil_defaultlib.seven_seg_2
Compiling module xil_defaultlib.binto7seg
Compiling module xil_defaultlib.display_fsm
Compiling module unisims_ver.DSP48E1(ACASCREG=0,ALUMODEREG=0,...
Compiling module xil_defaultlib.visualization_thread
Compiling module xil_defaultlib.top
Compiling module xil_defaultlib.tb_top
Compiling module xil_defaultlib.glbl
Built simulation snapshot tb_top_func_impl
