Vivado Simulator v2024.1
Copyright 1986-2022 Xilinx, Inc. All Rights Reserved.
Copyright 2022-2024 Advanced Micro Devices, Inc. All Rights Reserved.
Running: /opt/Xilinx/Vivado/2024.1/bin/unwrapped/lnx64.o/xelab --incr --debug typical --relax --mt 8 -L xil_defaultlib -L uvm -L unisims_ver -L unimacro_ver -L secureip --snapshot tb_top_behav xil_defaultlib.tb_top xil_defaultlib.glbl -log elaborate.log 
Using 8 slave threads.
Starting static elaboration
Pass Through NonSizing Optimizer
Completed static elaboration
Starting simulation data flow analysis
WARNING: [XSIM 43-4099] "/home/abarf/Documents/repos/DASD4186132/assignment02/project_1/project_1.srcs/sources_1/imports/hdl/ad1_thread.sv" Line 1. Module ad1_thread doesn't have a timescale but at least one module in design has a timescale.
WARNING: [XSIM 43-4099] "/home/abarf/Documents/repos/DASD4186132/assignment02/project_1/project_1.srcs/sources_1/imports/hdl/ad1_driver.sv" Line 1. Module ad1_driver doesn't have a timescale but at least one module in design has a timescale.
WARNING: [XSIM 43-4099] "/home/abarf/Documents/repos/DASD4186132/assignment02/project_1/project_1.srcs/sources_1/imports/hdl/acquisition_thread.sv" Line 1. Module acquisition_thread doesn't have a timescale but at least one module in design has a timescale.
WARNING: [XSIM 43-4099] "/home/abarf/Documents/repos/DASD4186132/assignment02/project_1/project_1.srcs/sources_1/imports/hdl/ad1_thread.sv" Line 1. Module ad1_thread doesn't have a timescale but at least one module in design has a timescale.
WARNING: [XSIM 43-4099] "/home/abarf/Documents/repos/DASD4186132/assignment02/project_1/project_1.srcs/sources_1/imports/hdl/ad1_driver.sv" Line 1. Module ad1_driver doesn't have a timescale but at least one module in design has a timescale.
WARNING: [XSIM 43-4099] "/home/abarf/Documents/repos/DASD4186132/assignment02/project_1/project_1.srcs/sources_1/imports/hdl/acquisition_thread.sv" Line 1. Module acquisition_thread doesn't have a timescale but at least one module in design has a timescale.
Completed simulation data flow analysis
Time Resolution for simulation is 1ps
Compiling module xil_defaultlib.clk_divider(COUNTER_WIDTH=2,PERI...
Compiling module xil_defaultlib.ad1_driver
Compiling module xil_defaultlib.ad1_thread
Compiling module xil_defaultlib.mode_fsm
Compiling module xil_defaultlib.samples_fsm
Compiling module xil_defaultlib.scale_pipe_fsm
Compiling module xil_defaultlib.test_lut
Compiling module xil_defaultlib.acquisition_thread
Compiling module xil_defaultlib.div_lut
Compiling module xil_defaultlib.rms_fsm
Compiling module xil_defaultlib.priority_encoder
Compiling module xil_defaultlib.norm_lut
Compiling module xil_defaultlib.mux2(WIDTH=18)
Compiling module xil_defaultlib.rms
Compiling module xil_defaultlib.mean_fsm
Compiling module xil_defaultlib.mean
Compiling module xil_defaultlib.comp_fsm
Compiling module xil_defaultlib.max
Compiling module xil_defaultlib.min
Compiling module xil_defaultlib.processing_thread
Compiling module xil_defaultlib.display_fsm
Compiling module xil_defaultlib.mux4(WIDTH=14)
Compiling module xil_defaultlib.clockDivider_default
Compiling module xil_defaultlib.bin2bcd
Compiling module xil_defaultlib.bin2bcd_multi(N_BITS=12)
Compiling module xil_defaultlib.seven_seg
Compiling module xil_defaultlib.displayDriver
Compiling module xil_defaultlib.binto7seg
Compiling module xil_defaultlib.visualization_thread
Compiling module xil_defaultlib.top
Compiling module xil_defaultlib.tb_top
Compiling module xil_defaultlib.glbl
Built simulation snapshot tb_top_behav
