INFO: [VRFC 10-2263] Analyzing SystemVerilog file "/home/abarf/Documents/repos/DASD4186132/assignment02/project_1/project_1.srcs/sources_1/imports/hdl/acquisition_thread.sv" into library xil_defaultlib
INFO: [VRFC 10-311] analyzing module acquisition_thread
INFO: [VRFC 10-2263] Analyzing SystemVerilog file "/home/abarf/Documents/repos/DASD4186132/assignment02/project_1/project_1.srcs/sources_1/imports/hdl/ad1_driver.sv" into library xil_defaultlib
INFO: [VRFC 10-311] analyzing module ad1_driver
INFO: [VRFC 10-2263] Analyzing SystemVerilog file "/home/abarf/Documents/repos/DASD4186132/assignment02/project_1/project_1.srcs/sources_1/imports/hdl/ad1_thread.sv" into library xil_defaultlib
INFO: [VRFC 10-311] analyzing module ad1_thread
INFO: [VRFC 10-2263] Analyzing SystemVerilog file "/home/abarf/Documents/repos/DASD4186132/assignment02/project_1/project_1.srcs/sources_1/imports/hdl/display/bin2bcd.sv" into library xil_defaultlib
INFO: [VRFC 10-311] analyzing module bin2bcd
INFO: [VRFC 10-2263] Analyzing SystemVerilog file "/home/abarf/Documents/repos/DASD4186132/assignment02/project_1/project_1.srcs/sources_1/imports/hdl/display/bin2bcd_multi.sv" into library xil_defaultlib
INFO: [VRFC 10-311] analyzing module bin2bcd_multi
INFO: [VRFC 10-2263] Analyzing SystemVerilog file "/home/abarf/Documents/repos/DASD4186132/assignment02/project_1/project_1.srcs/sources_1/imports/hdl/clk_divider.sv" into library xil_defaultlib
INFO: [VRFC 10-311] analyzing module clk_divider
INFO: [VRFC 10-2263] Analyzing SystemVerilog file "/home/abarf/Documents/repos/DASD4186132/assignment02/project_1/project_1.srcs/sources_1/imports/display/clockDivider.sv" into library xil_defaultlib
INFO: [VRFC 10-311] analyzing module clockDivider
INFO: [VRFC 10-311] analyzing module buttonEdgeDetect
INFO: [VRFC 10-2263] Analyzing SystemVerilog file "/home/abarf/Documents/repos/DASD4186132/assignment02/project_1/project_1.srcs/sources_1/imports/hdl/comp_fsm.sv" into library xil_defaultlib
INFO: [VRFC 10-311] analyzing module comp_fsm
INFO: [VRFC 10-2263] Analyzing SystemVerilog file "/home/abarf/Documents/repos/DASD4186132/assignment02/project_1/project_1.srcs/sources_1/imports/hdl/display/displayDriver.sv" into library xil_defaultlib
INFO: [VRFC 10-311] analyzing module displayDriver
INFO: [VRFC 10-311] analyzing module binto7seg
INFO: [VRFC 10-2263] Analyzing SystemVerilog file "/home/abarf/Documents/repos/DASD4186132/assignment02/project_1/project_1.srcs/sources_1/imports/hdl/display_fsm.sv" into library xil_defaultlib
INFO: [VRFC 10-311] analyzing module display_fsm
INFO: [VRFC 10-2263] Analyzing SystemVerilog file "/home/abarf/Documents/repos/DASD4186132/assignment02/project_1/project_1.srcs/sources_1/imports/hdl/div_lut.sv" into library xil_defaultlib
INFO: [VRFC 10-311] analyzing module div_lut
INFO: [VRFC 10-2263] Analyzing SystemVerilog file "/home/abarf/Documents/repos/DASD4186132/assignment02/project_1/project_1.srcs/sources_1/imports/hdl/max.sv" into library xil_defaultlib
INFO: [VRFC 10-311] analyzing module max
INFO: [VRFC 10-2263] Analyzing SystemVerilog file "/home/abarf/Documents/repos/DASD4186132/assignment02/project_1/project_1.srcs/sources_1/imports/hdl/mean.sv" into library xil_defaultlib
INFO: [VRFC 10-311] analyzing module mean
INFO: [VRFC 10-2263] Analyzing SystemVerilog file "/home/abarf/Documents/repos/DASD4186132/assignment02/project_1/project_1.srcs/sources_1/imports/hdl/mean_fsm.sv" into library xil_defaultlib
INFO: [VRFC 10-311] analyzing module mean_fsm
INFO: [VRFC 10-2263] Analyzing SystemVerilog file "/home/abarf/Documents/repos/DASD4186132/assignment02/project_1/project_1.srcs/sources_1/imports/hdl/min.sv" into library xil_defaultlib
INFO: [VRFC 10-311] analyzing module min
INFO: [VRFC 10-2263] Analyzing SystemVerilog file "/home/abarf/Documents/repos/DASD4186132/assignment02/project_1/project_1.srcs/sources_1/imports/hdl/mode_fsm.sv" into library xil_defaultlib
INFO: [VRFC 10-311] analyzing module mode_fsm
INFO: [VRFC 10-2263] Analyzing SystemVerilog file "/home/abarf/Documents/repos/DASD4186132/assignment02/project_1/project_1.srcs/sources_1/imports/hdl/mux2.sv" into library xil_defaultlib
INFO: [VRFC 10-311] analyzing module mux2
INFO: [VRFC 10-2263] Analyzing SystemVerilog file "/home/abarf/Documents/repos/DASD4186132/assignment02/project_1/project_1.srcs/sources_1/imports/hdl/mux4.sv" into library xil_defaultlib
INFO: [VRFC 10-311] analyzing module mux4
INFO: [VRFC 10-2263] Analyzing SystemVerilog file "/home/abarf/Documents/repos/DASD4186132/assignment02/project_1/project_1.srcs/sources_1/imports/hdl/norm_lut.sv" into library xil_defaultlib
INFO: [VRFC 10-311] analyzing module norm_lut
INFO: [VRFC 10-2263] Analyzing SystemVerilog file "/home/abarf/Documents/repos/DASD4186132/assignment02/project_1/project_1.srcs/sources_1/imports/hdl/priority_encoder.sv" into library xil_defaultlib
INFO: [VRFC 10-311] analyzing module priority_encoder
INFO: [VRFC 10-2263] Analyzing SystemVerilog file "/home/abarf/Documents/repos/DASD4186132/assignment02/project_1/project_1.srcs/sources_1/imports/hdl/processing_thread.sv" into library xil_defaultlib
INFO: [VRFC 10-311] analyzing module processing_thread
INFO: [VRFC 10-2263] Analyzing SystemVerilog file "/home/abarf/Documents/repos/DASD4186132/assignment02/project_1/project_1.srcs/sources_1/imports/hdl/rms.sv" into library xil_defaultlib
INFO: [VRFC 10-311] analyzing module rms
INFO: [VRFC 10-2263] Analyzing SystemVerilog file "/home/abarf/Documents/repos/DASD4186132/assignment02/project_1/project_1.srcs/sources_1/imports/hdl/rms_fsm.sv" into library xil_defaultlib
INFO: [VRFC 10-311] analyzing module rms_fsm
INFO: [VRFC 10-2263] Analyzing SystemVerilog file "/home/abarf/Documents/repos/DASD4186132/assignment02/project_1/project_1.srcs/sources_1/imports/hdl/samples_fsm.sv" into library xil_defaultlib
INFO: [VRFC 10-311] analyzing module samples_fsm
INFO: [VRFC 10-2263] Analyzing SystemVerilog file "/home/abarf/Documents/repos/DASD4186132/assignment02/project_1/project_1.srcs/sources_1/imports/hdl/scale_pipe_fsm.sv" into library xil_defaultlib
INFO: [VRFC 10-311] analyzing module scale_pipe_fsm
INFO: [VRFC 10-2263] Analyzing SystemVerilog file "/home/abarf/Documents/repos/DASD4186132/assignment02/project_1/project_1.srcs/sources_1/imports/hdl/display/seven_seg.sv" into library xil_defaultlib
INFO: [VRFC 10-311] analyzing module seven_seg
INFO: [VRFC 10-2263] Analyzing SystemVerilog file "/home/abarf/Documents/repos/DASD4186132/assignment02/project_1/project_1.srcs/sources_1/imports/hdl/test_lut.sv" into library xil_defaultlib
INFO: [VRFC 10-311] analyzing module test_lut
INFO: [VRFC 10-2263] Analyzing SystemVerilog file "/home/abarf/Documents/repos/DASD4186132/assignment02/project_1/project_1.srcs/sources_1/imports/hdl/top.sv" into library xil_defaultlib
INFO: [VRFC 10-311] analyzing module top
INFO: [VRFC 10-2263] Analyzing SystemVerilog file "/home/abarf/Documents/repos/DASD4186132/assignment02/project_1/project_1.srcs/sources_1/imports/hdl/visualization_thread.sv" into library xil_defaultlib
INFO: [VRFC 10-311] analyzing module visualization_thread
INFO: [VRFC 10-2263] Analyzing SystemVerilog file "/home/abarf/Documents/repos/DASD4186132/assignment02/project_1/project_1.srcs/sim_1/imports/sim/tb_top.sv" into library xil_defaultlib
INFO: [VRFC 10-311] analyzing module tb_top
